Component: Arm Compiler for Embedded 6.18 Tool: armlink [5e4cc100]

==============================================================================

Image Symbol Table

    Local Symbols

    Symbol Name                              Value     Ov Type        Size  Object(Section)

    ../clib/angel/boardlib.s                 0x00000000   Number         0  boardinit1.o ABSOLUTE
    ../clib/angel/boardlib.s                 0x00000000   Number         0  boardinit2.o ABSOLUTE
    ../clib/angel/boardlib.s                 0x00000000   Number         0  boardinit3.o ABSOLUTE
    ../clib/angel/boardlib.s                 0x00000000   Number         0  boardshut.o ABSOLUTE
    ../clib/angel/dczerorl.s                 0x00000000   Number         0  __dczerorl.o ABSOLUTE
    ../clib/angel/handlers.s                 0x00000000   Number         0  __scatter_zi.o ABSOLUTE
    ../clib/angel/kernel.s                   0x00000000   Number         0  __rtentry.o ABSOLUTE
    ../clib/angel/kernel.s                   0x00000000   Number         0  __rtentry2.o ABSOLUTE
    ../clib/angel/kernel.s                   0x00000000   Number         0  __rtentry4.o ABSOLUTE
    ../clib/angel/kernel.s                   0x00000000   Number         0  rtexit.o ABSOLUTE
    ../clib/angel/kernel.s                   0x00000000   Number         0  rtexit2.o ABSOLUTE
    ../clib/angel/rt.s                       0x00000000   Number         0  aeabi_ldiv0.o ABSOLUTE
    ../clib/angel/rt.s                       0x00000000   Number         0  aeabi_ldiv0_sigfpe.o ABSOLUTE
    ../clib/angel/rt.s                       0x00000000   Number         0  rt_heap_descriptor.o ABSOLUTE
    ../clib/angel/rt.s                       0x00000000   Number         0  rt_heap_descriptor_intlibspace.o ABSOLUTE
    ../clib/angel/rt.s                       0x00000000   Number         0  rt_div0.o ABSOLUTE
    ../clib/angel/rt.s                       0x00000000   Number         0  rt_raise.o ABSOLUTE
    ../clib/angel/rt.s                       0x00000000   Number         0  rt_ddtor_pointer_addr.o ABSOLUTE
    ../clib/angel/rt.s                       0x00000000   Number         0  rt_ddtor_pointer_addr_intlibspace.o ABSOLUTE
    ../clib/angel/rt.s                       0x00000000   Number         0  rt_ctype_table.o ABSOLUTE
    ../clib/angel/rt.s                       0x00000000   Number         0  rt_locale.o ABSOLUTE
    ../clib/angel/rt.s                       0x00000000   Number         0  rt_locale_intlibspace.o ABSOLUTE
    ../clib/angel/scatter.s                  0x00000000   Number         0  __scatter.o ABSOLUTE
    ../clib/angel/startup.s                  0x00000000   Number         0  __main.o ABSOLUTE
    ../clib/angel/sys.s                      0x00000000   Number         0  libspace.o ABSOLUTE
    ../clib/angel/sys.s                      0x00000000   Number         0  use_no_semi.o ABSOLUTE
    ../clib/angel/sys.s                      0x00000000   Number         0  mutex_dummy.o ABSOLUTE
    ../clib/angel/sys.s                      0x00000000   Number         0  indicate_semi.o ABSOLUTE
    ../clib/angel/sys.s                      0x00000000   Number         0  sys_stackheap_outer.o ABSOLUTE
    ../clib/angel/sysapp.c                   0x00000000   Number         0  sys_command.o ABSOLUTE
    ../clib/angel/sysapp.c                   0x00000000   Number         0  sys_command_hlt.o ABSOLUTE
    ../clib/angel/sysapp.c                   0x00000000   Number         0  sys_wrch.o ABSOLUTE
    ../clib/angel/sysapp.c                   0x00000000   Number         0  sys_exit.o ABSOLUTE
    ../clib/angel/sysapp.c                   0x00000000   Number         0  sys_wrch_hlt.o ABSOLUTE
    ../clib/angel/sysapp.c                   0x00000000   Number         0  sys_exit_hlt.o ABSOLUTE
    ../clib/arm_runtime.c                    0x00000000   Number         0  init_aeabi.o ABSOLUTE
    ../clib/arm_runtime.c                    0x00000000   Number         0  init_aeabi.o ABSOLUTE
    ../clib/armsys.c                         0x00000000   Number         0  _get_argv.o ABSOLUTE
    ../clib/armsys.c                         0x00000000   Number         0  argv_veneer.o ABSOLUTE
    ../clib/armsys.c                         0x00000000   Number         0  argv_veneer.o ABSOLUTE
    ../clib/armsys.c                         0x00000000   Number         0  _get_argv_nomalloc.o ABSOLUTE
    ../clib/armsys.c                         0x00000000   Number         0  no_argv.o ABSOLUTE
    ../clib/assert.c                         0x00000000   Number         0  assert.o ABSOLUTE
    ../clib/assert.c                         0x00000000   Number         0  assert_puts.o ABSOLUTE
    ../clib/bigflt.c                         0x00000000   Number         0  bigflt0.o ABSOLUTE
    ../clib/btod.s                           0x00000000   Number         0  btod.o ABSOLUTE
    ../clib/btod_accurate.c                  0x00000000   Number         0  btod_accurate.o ABSOLUTE
[...]
    0x0803cce0   0x0803c91c   0x00000008   Data   RO         2271    .ARM.exidx.text._ZN8touchgfx3HAL8blitFillENS_9colortypeEtttthb  touchgfx_core_wchar16.lib(hal.o)
    0x0803cce8   0x0803c91c   0x00000008   Data   RO         2269    .ARM.exidx.text._ZN8touchgfx3HAL8blitFillENS_9colortypeEtttthtNS_6Bitmap12BitmapFormatEb  touchgfx_core_wchar16.lib(hal.o)
    0x0803ccf0   0x0803c91c   0x00000008   Data   RO         2285    .ARM.exidx.text._ZN8touchgfx3HAL8endFrameEv  touchgfx_core_wchar16.lib(hal.o)
    0x0803ccf8   0x0803c91c   0x00000008   Data   RO         2237    .ARM.exidx.text._ZN8touchgfx3HAL8flushDMAEv  touchgfx_core_wchar16.lib(hal.o)
    0x0803cd00   0x0803c91c   0x00000008   Data   RO         2249    .ARM.exidx.text._ZN8touchgfx3HAL9blockCopyEPvPKvj  touchgfx_core_wchar16.lib(hal.o)
    0x0803cd08   0x0803c91c   0x00000008   Data   RO         2326    .ARM.exidx.text._ZN8touchgfx3HAL9taskDelayEt  touchgfx_core_wchar16.lib(hal.o)
    0x0803cd10   0x0803c91c   0x00000008   Data   RO         2223    .ARM.exidx.text._ZN8touchgfx3HAL9taskEntryEv  touchgfx_core_wchar16.lib(hal.o)
    0x0803cd18   0x0803c91c   0x00000008   Data   RO         1277    .ARM.exidx.text._ZN8touchgfx3HALC2ERNS_13DMA_InterfaceERNS_3LCDERNS_15TouchControllerEtt  touchgfxconfiguration.o
    0x0803cd20   0x0803c91c   0x00000008   Data   RO         2353    .ARM.exidx.text._ZN8touchgfx3LCD11stringWidthERNS_12TextProviderERKNS_4FontEih  touchgfx_core_wchar16.lib(lcd.o)
    0x0803cd28   0x0803c91c   0x00000008   Data   RO         2361    .ARM.exidx.text._ZN8touchgfx3LCD13drawStringLTRERKNS_4RectES3_RKNS0_13StringVisualsEPKtSt9__va_list  touchgfx_core_wchar16.lib(lcd.o)
    0x0803cd30   0x0803c91c   0x00000008   Data   RO         1751    .ARM.exidx.text._ZN8touchgfx3LCD14getAlphaFromA4EPKtj  touchgfx_core_wchar16.lib(lcd16bpp.o)
    0x0803cd38   0x0803c91c   0x00000008   Data   RO         2363    .ARM.exidx.text._ZN8touchgfx3LCD18drawStringInternalEPtPKNS_4RectEssRS3_PKNS0_13StringVisualsEhRNS_12TextProviderEib  touchgfx_core_wchar16.lib(lcd.o)
    0x0803cd40   0x0803c91c   0x00000008   Data   RO         2379    .ARM.exidx.text._ZN8touchgfx3LCD18drawTextureMapQuadERKNS_14DrawingSurfaceEPKNS_7Point3DERKNS_14TextureSurfaceERKNS_4RectESC_tht  touchgfx_core_wchar16.lib(lcd.o)
    0x0803cd48   0x0803c91c   0x00000008   Data   RO         2357    .ARM.exidx.text._ZN8touchgfx3LCD22WideTextInternalStruct23scanStringLengthForLineEv  touchgfx_core_wchar16.lib(lcd.o)
    0x0803cd50   0x0803c91c   0x00000008   Data   RO         2371    .ARM.exidx.text._ZN8touchgfx3LCD22WideTextInternalStruct7addWordEttt  touchgfx_core_wchar16.lib(lcd.o)
    0x0803cd58   0x0803c91c   0x00000008   Data   RO         2388    .ARM.exidx.text._ZN8touchgfx3LCD22WideTextInternalStructC2ERNS_12TextProviderEtthPKNS_4FontEsNS_14WideTextActionE  touchgfx_core_wchar16.lib(lcd.o)
    0x0803cd60   0x0803c91c   0x00000008   Data   RO         2383    .ARM.exidx.text._ZN8touchgfx3LCD22drawTextureMapScanLineERKNS_14DrawingSurfaceERKNS_9GradientsEPKNS_4EdgeES9_RKNS_14TextureSurfaceERKNS_4RectESF_tht  touchgfx_core_wchar16.lib(lcd.o)
    0x0803cd68   0x0803c91c   0x00000008   Data   RO         2377    .ARM.exidx.text._ZN8touchgfx3LCD22drawTextureMapTriangleERKNS_14DrawingSurfaceEPKNS_7Point3DERKNS_14TextureSurfaceERKNS_4RectESC_tht  touchgfx_core_wchar16.lib(lcd.o)
    0x0803cd70   0x0803c91c   0x00000008   Data   RO         1693    .ARM.exidx.text._ZN8touchgfx3LCD26DrawTextureMapScanLineBase29drawTextureMapNextSubdivisionERfS2_S2_S2_S2_S2_fS2_fS2_fiRiS3_S3_S3_  touchgfx_core_wchar16.lib(lcd16bpp.o)
    0x0803cd78   0x0803c91c   0x00000008   Data   RO         1687    .ARM.exidx.text._ZN8touchgfx3LCD26DrawTextureMapScanLineBaseD2Ev  touchgfx_core_wchar16.lib(lcd16bpp.o)
    0x0803cd80   0x0803c91c   0x00000008   Data   RO         1769    .ARM.exidx.text._ZN8touchgfx3LCD27supportDynamicBitmapDrawingENS_6Bitmap12BitmapFormatE  touchgfx_core_wchar16.lib(lcd16bpp.o)
    0x0803cd88   0x0803c91c   0x00000008   Data   RO         2373    .ARM.exidx.text._ZN8touchgfx3LCD5realXERKNS_4RectEssNS_12TextRotationE  touchgfx_core_wchar16.lib(lcd.o)
    0x0803cd90   0x0803c91c   0x00000008   Data   RO         2390    .ARM.exidx.text._ZN8touchgfx4Edge4stepEi  touchgfx_core_wchar16.lib(lcd.o)
    0x0803cd98   0x0803c91c   0x00000008   Data   RO         2392    .ARM.exidx.text._ZN8touchgfx4Edge4stepEv  touchgfx_core_wchar16.lib(lcd.o)
    0x0803cda0   0x0803c91c   0x00000008   Data   RO         1681    .ARM.exidx.text._ZN8touchgfx4RectaNERKS0_  touchgfx_core_wchar16.lib(lcd16bpp.o)
    0x0803cda8   0x0803c91c   0x00000008   Data   RO          836    .ARM.exidx.text._ZN8touchgfx4ViewI18ScreenCCTPresenterE4bindERS1_  frontendapplicationbase.o
    0x0803cdb0   0x0803c91c   0x00000008   Data   RO         2339    .ARM.exidx.text._ZN8touchgfx5Image9setBitmapERKNS_6BitmapE  touchgfx_core_wchar16.lib(image.o)
    0x0803cdb8   0x0803c91c   0x00000008   Data   RO          930    .ARM.exidx.text._ZN8touchgfx5ImageC2ERKNS_6BitmapE  screencctviewbase.o
    0x0803cdc0   0x0803c91c   0x00000008   Data   RO         2416    .ARM.exidx.text._ZN8touchgfx6Screen14bindTransitionERNS_10TransitionE  touchgfx_core_wchar16.lib(screen.o)
    0x0803cdc8   0x0803c91c   0x00000008   Data   RO         2443    .ARM.exidx.text._ZN8touchgfx6Screen14handleKeyEventEh  touchgfx_core_wchar16.lib(screen.o)
    0x0803cdd0   0x0803c91c   0x00000008   Data   RO         2411    .ARM.exidx.text._ZN8touchgfx6Screen15handleDragEventERKNS_9DragEventE  touchgfx_core_wchar16.lib(screen.o)
    0x0803cdd8   0x0803c91c   0x00000008   Data   RO         2441    .ARM.exidx.text._ZN8touchgfx6Screen15handleTickEventEv  touchgfx_core_wchar16.lib(screen.o)
    0x0803cde0   0x0803c91c   0x00000008   Data   RO         2408    .ARM.exidx.text._ZN8touchgfx6Screen16handleClickEventERKNS_10ClickEventE  touchgfx_core_wchar16.lib(screen.o)
    0x0803cde8   0x0803c91c   0x00000008   Data   RO         2414    .ARM.exidx.text._ZN8touchgfx6Screen18handleGestureEventERKNS_12GestureEventE  touchgfx_core_wchar16.lib(screen.o)
    0x0803cdf0   0x0803c91c   0x00000008   Data   RO          938    .ARM.exidx.text._ZN8touchgfx6Screen3addERNS_8DrawableE  screencctviewbase.o
    0x0803cdf8   0x0803c91c   0x00000008   Data   RO         2399    .ARM.exidx.text._ZN8touchgfx6Screen4drawERNS_4RectE  touchgfx_core_wchar16.lib(screen.o)
    0x0803ce00   0x0803c91c   0x00000008   Data   RO         2403    .ARM.exidx.text._ZN8touchgfx6Screen4drawEv  touchgfx_core_wchar16.lib(screen.o)
    0x0803ce08   0x0803c91c   0x00000008   Data   RO         2405    .ARM.exidx.text._ZN8touchgfx6Screen5JSMOCERKNS_4RectEPNS_8DrawableE  touchgfx_core_wchar16.lib(screen.o)
    0x0803ce10   0x0803c91c   0x00000008   Data   RO         2401    .ARM.exidx.text._ZN8touchgfx6Screen9startSMOCERKNS_4RectE  touchgfx_core_wchar16.lib(screen.o)
    0x0803ce18   0x0803c91c   0x00000008   Data   RO         2397    .ARM.exidx.text._ZN8touchgfx6ScreenC2Ev  touchgfx_core_wchar16.lib(screen.o)
    0x0803ce20   0x0803c91c   0x00000008   Data   RO         2433    .ARM.exidx.text._ZN8touchgfx6ScreenD0Ev  touchgfx_core_wchar16.lib(screen.o)
    0x0803ce28   0x0803c91c   0x00000008   Data   RO         2021    .ARM.exidx.text._ZN8touchgfx6Widget12getLastChildEssPPNS_8DrawableE  touchgfx_core_wchar16.lib(box.o)
    0x0803ce30   0x0803c91c   0x00000008   Data   RO          946    .ARM.exidx.text._ZN8touchgfx6WidgetC2Ev  screencctviewbase.o
    0x0803ce38   0x0803c91c   0x00000008   Data   RO         2187    .ARM.exidx.text._ZN8touchgfx8Drawable11setPositionEssss  touchgfx_core_wchar16.lib(drawable.o)
    0x0803ce40   0x0803c91c   0x00000008   Data   RO         2182    .ARM.exidx.text._ZN8touchgfx8Drawable12moveRelativeEss  touchgfx_core_wchar16.lib(drawable.o)
    0x0803ce48   0x0803c91c   0x00000008   Data   RO         2423    .ARM.exidx.text._ZN8touchgfx8Drawable13getCachedAbsXEv  touchgfx_core_wchar16.lib(screen.o)
    0x0803ce50   0x0803c91c   0x00000008   Data   RO         2019    .ARM.exidx.text._ZN8touchgfx8Drawable13getFirstChildEv  touchgfx_core_wchar16.lib(box.o)
    0x0803ce58   0x0803c91c   0x00000008   Data   RO         2346    .ARM.exidx.text._ZN8touchgfx8Drawable14setWidthHeightERKNS_6BitmapE  touchgfx_core_wchar16.lib(image.o)
    0x0803ce60   0x0803c91c   0x00000008   Data   RO         2193    .ARM.exidx.text._ZN8touchgfx8Drawable14setWidthHeightEss  touchgfx_core_wchar16.lib(drawable.o)
    0x0803ce68   0x0803c91c   0x00000008   Data   RO         2043    .ARM.exidx.text._ZN8touchgfx8Drawable14setupDrawChainERKNS_4RectEPPS0_  touchgfx_core_wchar16.lib(box.o)
    0x0803ce70   0x0803c91c   0x00000008   Data   RO         2037    .ARM.exidx.text._ZN8touchgfx8Drawable15handleDragEventERKNS_9DragEventE  touchgfx_core_wchar16.lib(box.o)
    0x0803ce78   0x0803c91c   0x00000008   Data   RO         2421    .ARM.exidx.text._ZN8touchgfx8Drawable20getCachedVisibleRectEv  touchgfx_core_wchar16.lib(screen.o)
    0x0803ce80   0x0803c91c   0x00000008   Data   RO         2172    .ARM.exidx.text._ZN8touchgfx8Drawable20getSolidRectAbsoluteEv  touchgfx_core_wchar16.lib(drawable.o)
    0x0803ce88   0x0803c91c   0x00000008   Data   RO         2023    .ARM.exidx.text._ZN8touchgfx8Drawable4setXEs  touchgfx_core_wchar16.lib(box.o)
    0x0803ce90   0x0803c91c   0x00000008   Data   RO         2189    .ARM.exidx.text._ZN8touchgfx8Drawable5setXYEss  touchgfx_core_wchar16.lib(drawable.o)
    0x0803ce98   0x0803c91c   0x00000008   Data   RO         2041    .ARM.exidx.text._ZN8touchgfx8Drawable6moveToEss  touchgfx_core_wchar16.lib(box.o)
    0x0803cea0   0x0803c91c   0x00000008   Data   RO         2027    .ARM.exidx.text._ZN8touchgfx8Drawable8setWidthEs  touchgfx_core_wchar16.lib(box.o)
    0x0803cea8   0x0803c91c   0x00000008   Data   RO         2636    .ARM.exidx.text._ZN8touchgfx8Gestures17registerDragEventEtttt  touchgfx_core_wchar16.lib(gestures.o)
    0x0803ceb0   0x0803c91c   0x00000008   Data   RO         2639    .ARM.exidx.text._ZN8touchgfx8Gestures18registerClickEventENS_10ClickEvent14ClickEventTypeEtt  touchgfx_core_wchar16.lib(gestures.o)
    0x0803ceb8   0x0803c91c   0x00000008   Data   RO         2631    .ARM.exidx.text._ZN8touchgfx8Gestures21registerEventListenerERNS_15UIEventListenerE  touchgfx_core_wchar16.lib(gestures.o)
    0x0803cec0   0x0803c91c   0x00000008   Data   RO         1457    .ARM.exidx.text._ZN8touchgfx8LCD16bpp10blitCopyL8EPKhS2_RKNS_4RectES5_h  touchgfx_core_wchar16.lib(lcd16bpp.o)
    0x0803cec8   0x0803c91c   0x00000008   Data   RO         1733    .ARM.exidx.text._ZN8touchgfx8LCD16bpp10div255_565Eth  touchgfx_core_wchar16.lib(lcd16bpp.o)
    0x0803ced0   0x0803c91c   0x00000008   Data   RO         1719    .ARM.exidx.text._ZN8touchgfx8LCD16bpp10div255_888Ejh  touchgfx_core_wchar16.lib(lcd16bpp.o)
    0x0803ced8   0x0803c91c   0x00000008   Data   RO         1479    .ARM.exidx.text._ZN8touchgfx8LCD16bpp10fillBufferEPhtRKNS_4RectENS_9colortypeEh  touchgfx_core_wchar16.lib(lcd16bpp.o)
    0x0803cee0   0x0803c91c   0x00000008   Data   RO         1455    .ARM.exidx.text._ZN8touchgfx8LCD16bpp14blitCopyRGB888EPKhRKNS_4RectES5_h  touchgfx_core_wchar16.lib(lcd16bpp.o)
    0x0803cee8   0x0803c91c   0x00000008   Data   RO         1675    .ARM.exidx.text._ZN8touchgfx8LCD16bpp14getNativeColorENS_9colortypeE  touchgfx_core_wchar16.lib(lcd16bpp.o)
    0x0803cef0   0x0803c91c   0x00000008   Data   RO         1451    .ARM.exidx.text._ZN8touchgfx8LCD16bpp16blitCopyARGB8888EPKjRKNS_4RectES5_h  touchgfx_core_wchar16.lib(lcd16bpp.o)
    0x0803cef8   0x0803c91c   0x00000008   Data   RO         1461    .ARM.exidx.text._ZN8touchgfx8LCD16bpp17blitCopyL8_RGB565EPKhS2_RKNS_4RectES5_h  touchgfx_core_wchar16.lib(lcd16bpp.o)
    0x0803cf00   0x0803c91c   0x00000008   Data   RO         1465    .ARM.exidx.text._ZN8touchgfx8LCD16bpp17blitCopyL8_RGB888EPKhS2_RKNS_4RectES5_h  touchgfx_core_wchar16.lib(lcd16bpp.o)
    0x0803cf08   0x0803c91c   0x00000008   Data   RO         1449    .ARM.exidx.text._ZN8touchgfx8LCD16bpp17drawPartialBitmapERKNS_6BitmapEssRKNS_4RectEhb  touchgfx_core_wchar16.lib(lcd16bpp.o)
    0x0803cf10   0x0803c91c   0x00000008   Data   RO         1835    .ARM.exidx.text._ZN8touchgfx8LCD16bpp18div255_565_FFcheckEth  touchgfx_core_wchar16.lib(lcd16bpp.o)
    0x0803cf18   0x0803c91c   0x00000008   Data   RO         1831    .ARM.exidx.text._ZN8touchgfx8LCD16bpp18div255_888_FFcheckEjh  touchgfx_core_wchar16.lib(lcd16bpp.o)
    0x0803cf20   0x0803c91c   0x00000008   Data   RO         1463    .ARM.exidx.text._ZN8touchgfx8LCD16bpp19blitCopyL8_ARGB8888EPKhS2_RKNS_4RectES5_h  touchgfx_core_wchar16.lib(lcd16bpp.o)
    0x0803cf28   0x0803c91c   0x00000008   Data   RO         1833    .ARM.exidx.text._ZN8touchgfx8LCD16bpp20bilinearInterpolate8Ehhh  touchgfx_core_wchar16.lib(lcd16bpp.o)
    0x0803cf30   0x0803c91c   0x00000008   Data   RO         1459    .ARM.exidx.text._ZN8touchgfx8LCD16bpp21blitCopyAlphaPerPixelEPKtPKhRKNS_4RectES7_h  touchgfx_core_wchar16.lib(lcd16bpp.o)
    0x0803cf38   0x0803c91c   0x00000008   Data   RO         1489    .ARM.exidx.text._ZN8touchgfx8LCD16bpp21enableTextureMapperA4Ev  touchgfx_core_wchar16.lib(lcd16bpp.o)
    0x0803cf40   0x0803c91c   0x00000008   Data   RO         1699    .ARM.exidx.text._ZN8touchgfx8LCD16bpp22bilinearInterpolate565Etttthh  touchgfx_core_wchar16.lib(lcd16bpp.o)
    0x0803cf48   0x0803c91c   0x00000008   Data   RO         1721    .ARM.exidx.text._ZN8touchgfx8LCD16bpp22bilinearInterpolate888Ejjjjhh  touchgfx_core_wchar16.lib(lcd16bpp.o)
    0x0803cf50   0x0803c91c   0x00000008   Data   RO         1475    .ARM.exidx.text._ZN8touchgfx8LCD16bpp29copyAreaFromTFTToClientBufferERKNS_4RectE  touchgfx_core_wchar16.lib(lcd16bpp.o)
    0x0803cf58   0x0803c91c   0x00000008   Data   RO         1473    .ARM.exidx.text._ZN8touchgfx8LCD16bpp29copyFrameBufferRegionToMemoryERKNS_4RectES3_Phss  touchgfx_core_wchar16.lib(lcd16bpp.o)
    0x0803cf60   0x0803c91c   0x00000008   Data   RO         1471    .ARM.exidx.text._ZN8touchgfx8LCD16bpp29copyFrameBufferRegionToMemoryERKNS_4RectES3_t  touchgfx_core_wchar16.lib(lcd16bpp.o)
    0x0803cf68   0x0803c91c   0x00000008   Data   RO         1493    .ARM.exidx.text._ZN8touchgfx8LCD16bpp30enableTextureMapperL8_ARGB8888Ev  touchgfx_core_wchar16.lib(lcd16bpp.o)
    0x0803cf70   0x0803c91c   0x00000008   Data   RO         1628    .ARM.exidx.text._ZN8touchgfx8LCD16bpp35TextureMapper_A4_NearestNeighbor_GA34drawTextureMapScanLineSubdivisionsEiiiifffiiiifffffRKNS_14DrawingSurfaceEiiRKNS_14TextureSurfaceEhfff  touchgfx_core_wchar16.lib(lcd16bpp.o)
    0x0803cf78   0x0803c91c   0x00000008   Data   RO         1825    .ARM.exidx.text._ZN8touchgfx8LCD16bpp35TextureMapper_A4_NearestNeighbor_GAD0Ev  touchgfx_core_wchar16.lib(lcd16bpp.o)
    0x0803cf80   0x0803c91c   0x00000008   Data   RO         1631    .ARM.exidx.text._ZN8touchgfx8LCD16bpp37TextureMapper_A4_NearestNeighbor_NoGA34drawTextureMapScanLineSubdivisionsEiiiifffiiiifffffRKNS_14DrawingSurfaceEiiRKNS_14TextureSurfaceEhfff  touchgfx_core_wchar16.lib(lcd16bpp.o)
    0x0803cf88   0x0803c91c   0x00000008   Data   RO         1827    .ARM.exidx.text._ZN8touchgfx8LCD16bpp37TextureMapper_A4_NearestNeighbor_NoGAD0Ev  touchgfx_core_wchar16.lib(lcd16bpp.o)
    0x0803cf90   0x0803c91c   0x00000008   Data   RO         1634    .ARM.exidx.text._ZN8touchgfx8LCD16bpp41TextureMapper_A4_BilinearInterpolation_GA34drawTextureMapScanLineSubdivisionsEiiiifffiiiifffffRKNS_14DrawingSurfaceEiiRKNS_14TextureSurfaceEhfff  touchgfx_core_wchar16.lib(lcd16bpp.o)
    0x0803cf98   0x0803c91c   0x00000008   Data   RO         1821    .ARM.exidx.text._ZN8touchgfx8LCD16bpp41TextureMapper_A4_BilinearInterpolation_GAD0Ev  touchgfx_core_wchar16.lib(lcd16bpp.o)
    0x0803cfa0   0x0803c91c   0x00000008   Data   RO         1639    .ARM.exidx.text._ZN8touchgfx8LCD16bpp43TextureMapper_A4_BilinearInterpolation_NoGA34drawTextureMapScanLineSubdivisionsEiiiifffiiiifffffRKNS_14DrawingSurfaceEiiRKNS_14TextureSurfaceEhfff  touchgfx_core_wchar16.lib(lcd16bpp.o)
    0x0803cfa8   0x0803c91c   0x00000008   Data   RO         1823    .ARM.exidx.text._ZN8touchgfx8LCD16bpp43TextureMapper_A4_BilinearInterpolation_NoGAD0Ev  touchgfx_core_wchar16.lib(lcd16bpp.o)
    0x0803cfb0   0x0803c91c   0x00000008   Data   RO         1586    .ARM.exidx.text._ZN8touchgfx8LCD16bpp46TextureMapper_RGB565_Opaque_NearestNeighbor_GA34drawTextureMapScanLineSubdivisionsEiiiifffiiiifffffRKNS_14DrawingSurfaceEiiRKNS_14TextureSurfaceEhfff  touchgfx_core_wchar16.lib(lcd16bpp.o)
    0x0803cfb8   0x0803c91c   0x00000008   Data   RO         1805    .ARM.exidx.text._ZN8touchgfx8LCD16bpp46TextureMapper_RGB565_Opaque_NearestNeighbor_GAD0Ev  touchgfx_core_wchar16.lib(lcd16bpp.o)
    0x0803cfc0   0x0803c91c   0x00000008   Data   RO         1589    .ARM.exidx.text._ZN8touchgfx8LCD16bpp48TextureMapper_RGB565_Opaque_NearestNeighbor_NoGA34drawTextureMapScanLineSubdivisionsEiiiifffiiiifffffRKNS_14DrawingSurfaceEiiRKNS_14TextureSurfaceEhfff  touchgfx_core_wchar16.lib(lcd16bpp.o)
    0x0803cfc8   0x0803c91c   0x00000008   Data   RO         1807    .ARM.exidx.text._ZN8touchgfx8LCD16bpp48TextureMapper_RGB565_Opaque_NearestNeighbor_NoGAD0Ev  touchgfx_core_wchar16.lib(lcd16bpp.o)
    0x0803cfd0   0x0803c91c   0x00000008   Data   RO         1532    .ARM.exidx.text._ZN8touchgfx8LCD16bpp49TextureMapper_L8_RGB565_Opaque_NearestNeighbor_GA34drawTextureMapScanLineSubdivisionsEiiiifffiiiifffffRKNS_14DrawingSurfaceEiiRKNS_14TextureSurfaceEhfff  touchgfx_core_wchar16.lib(lcd16bpp.o)
    0x0803cfd8   0x0803c91c   0x00000008   Data   RO         1777    .ARM.exidx.text._ZN8touchgfx8LCD16bpp49TextureMapper_L8_RGB565_Opaque_NearestNeighbor_GAD0Ev  touchgfx_core_wchar16.lib(lcd16bpp.o)
    0x0803cfe0   0x0803c91c   0x00000008   Data   RO         1548    .ARM.exidx.text._ZN8touchgfx8LCD16bpp49TextureMapper_L8_RGB888_Opaque_NearestNeighbor_GA34drawTextureMapScanLineSubdivisionsEiiiifffiiiifffffRKNS_14DrawingSurfaceEiiRKNS_14TextureSurfaceEhfff  touchgfx_core_wchar16.lib(lcd16bpp.o)
    0x0803cfe8   0x0803c91c   0x00000008   Data   RO         1785    .ARM.exidx.text._ZN8touchgfx8LCD16bpp49TextureMapper_L8_RGB888_Opaque_NearestNeighbor_GAD0Ev  touchgfx_core_wchar16.lib(lcd16bpp.o)
    0x0803cff0   0x0803c91c   0x00000008   Data   RO         1580    .ARM.exidx.text._ZN8touchgfx8LCD16bpp49TextureMapper_RGB565_NonOpaque_NearestNeighbor_GA34drawTextureMapScanLineSubdivisionsEiiiifffiiiifffffRKNS_14DrawingSurfaceEiiRKNS_14TextureSurfaceEhfff  touchgfx_core_wchar16.lib(lcd16bpp.o)
    0x0803cff8   0x0803c91c   0x00000008   Data   RO         1809    .ARM.exidx.text._ZN8touchgfx8LCD16bpp49TextureMapper_RGB565_NonOpaque_NearestNeighbor_GAD0Ev  touchgfx_core_wchar16.lib(lcd16bpp.o)
    0x0803d000   0x0803c91c   0x00000008   Data   RO         1612    .ARM.exidx.text._ZN8touchgfx8LCD16bpp51TextureMapper_ARGB8888_NonOpaque_NearestNeighbor_GA34drawTextureMapScanLineSubdivisionsEiiiifffiiiifffffRKNS_14DrawingSurfaceEiiRKNS_14TextureSurfaceEhfff  touchgfx_core_wchar16.lib(lcd16bpp.o)
    0x0803d008   0x0803c91c   0x00000008   Data   RO         1817    .ARM.exidx.text._ZN8touchgfx8LCD16bpp51TextureMapper_ARGB8888_NonOpaque_NearestNeighbor_GAD0Ev  touchgfx_core_wchar16.lib(lcd16bpp.o)
    0x0803d010   0x0803c91c   0x00000008   Data   RO         1535    .ARM.exidx.text._ZN8touchgfx8LCD16bpp51TextureMapper_L8_RGB565_Opaque_NearestNeighbor_NoGA34drawTextureMapScanLineSubdivisionsEiiiifffiiiifffffRKNS_14DrawingSurfaceEiiRKNS_14TextureSurfaceEhfff  touchgfx_core_wchar16.lib(lcd16bpp.o)
    0x0803d018   0x0803c91c   0x00000008   Data   RO         1779    .ARM.exidx.text._ZN8touchgfx8LCD16bpp51TextureMapper_L8_RGB565_Opaque_NearestNeighbor_NoGAD0Ev  touchgfx_core_wchar16.lib(lcd16bpp.o)
    0x0803d020   0x0803c91c   0x00000008   Data   RO         1551    .ARM.exidx.text._ZN8touchgfx8LCD16bpp51TextureMapper_L8_RGB888_Opaque_NearestNeighbor_NoGA34drawTextureMapScanLineSubdivisionsEiiiifffiiiifffffRKNS_14DrawingSurfaceEiiRKNS_14TextureSurfaceEhfff  touchgfx_core_wchar16.lib(lcd16bpp.o)
    0x0803d028   0x0803c91c   0x00000008   Data   RO         1787    .ARM.exidx.text._ZN8touchgfx8LCD16bpp51TextureMapper_L8_RGB888_Opaque_NearestNeighbor_NoGAD0Ev  touchgfx_core_wchar16.lib(lcd16bpp.o)
    0x0803d030   0x0803c91c   0x00000008   Data   RO         1583    .ARM.exidx.text._ZN8touchgfx8LCD16bpp51TextureMapper_RGB565_NonOpaque_NearestNeighbor_NoGA34drawTextureMapScanLineSubdivisionsEiiiifffiiiifffffRKNS_14DrawingSurfaceEiiRKNS_14TextureSurfaceEhfff  touchgfx_core_wchar16.lib(lcd16bpp.o)
    0x0803d038   0x0803c91c   0x00000008   Data   RO         1811    .ARM.exidx.text._ZN8touchgfx8LCD16bpp51TextureMapper_RGB565_NonOpaque_NearestNeighbor_NoGAD0Ev  touchgfx_core_wchar16.lib(lcd16bpp.o)
    0x0803d040   0x0803c91c   0x00000008   Data   RO         1602    .ARM.exidx.text._ZN8touchgfx8LCD16bpp52TextureMapper_RGB565_Opaque_BilinearInterpolation_GA34drawTextureMapScanLineSubdivisionsEiiiifffiiiifffffRKNS_14DrawingSurfaceEiiRKNS_14TextureSurfaceEhfff  touchgfx_core_wchar16.lib(lcd16bpp.o)
    0x0803d048   0x0803c91c   0x00000008   Data   RO         1797    .ARM.exidx.text._ZN8touchgfx8LCD16bpp52TextureMapper_RGB565_Opaque_BilinearInterpolation_GAD0Ev  touchgfx_core_wchar16.lib(lcd16bpp.o)
    0x0803d050   0x0803c91c   0x00000008   Data   RO         1615    .ARM.exidx.text._ZN8touchgfx8LCD16bpp53TextureMapper_ARGB8888_NonOpaque_NearestNeighbor_NoGA34drawTextureMapScanLineSubdivisionsEiiiifffiiiifffffRKNS_14DrawingSurfaceEiiRKNS_14TextureSurfaceEhfff  touchgfx_core_wchar16.lib(lcd16bpp.o)
    0x0803d058   0x0803c91c   0x00000008   Data   RO         1819    .ARM.exidx.text._ZN8touchgfx8LCD16bpp53TextureMapper_ARGB8888_NonOpaque_NearestNeighbor_NoGAD0Ev  touchgfx_core_wchar16.lib(lcd16bpp.o)
    0x0803d060   0x0803c91c   0x00000008   Data   RO         1564    .ARM.exidx.text._ZN8touchgfx8LCD16bpp54TextureMapper_L8_ARGB8888_NonOpaque_NearestNeighbor_GA34drawTextureMapScanLineSubdivisionsEiiiifffiiiifffffRKNS_14DrawingSurfaceEiiRKNS_14TextureSurfaceEhfff  touchgfx_core_wchar16.lib(lcd16bpp.o)
    0x0803d068   0x0803c91c   0x00000008   Data   RO         1793    .ARM.exidx.text._ZN8touchgfx8LCD16bpp54TextureMapper_L8_ARGB8888_NonOpaque_NearestNeighbor_GAD0Ev  touchgfx_core_wchar16.lib(lcd16bpp.o)
    0x0803d070   0x0803c91c   0x00000008   Data   RO         1607    .ARM.exidx.text._ZN8touchgfx8LCD16bpp54TextureMapper_RGB565_Opaque_BilinearInterpolation_NoGA34drawTextureMapScanLineSubdivisionsEiiiifffiiiifffffRKNS_14DrawingSurfaceEiiRKNS_14TextureSurfaceEhfff  touchgfx_core_wchar16.lib(lcd16bpp.o)
    0x0803d078   0x0803c91c   0x00000008   Data   RO         1799    .ARM.exidx.text._ZN8touchgfx8LCD16bpp54TextureMapper_RGB565_Opaque_BilinearInterpolation_NoGAD0Ev  touchgfx_core_wchar16.lib(lcd16bpp.o)
    0x0803d080   0x0803c91c   0x00000008   Data   RO         1538    .ARM.exidx.text._ZN8touchgfx8LCD16bpp55TextureMapper_L8_RGB565_Opaque_BilinearInterpolation_GA34drawTextureMapScanLineSubdivisionsEiiiifffiiiifffffRKNS_14DrawingSurfaceEiiRKNS_14TextureSurfaceEhfff  touchgfx_core_wchar16.lib(lcd16bpp.o)
    0x0803d088   0x0803c91c   0x00000008   Data   RO         1773    .ARM.exidx.text._ZN8touchgfx8LCD16bpp55TextureMapper_L8_RGB565_Opaque_BilinearInterpolation_GAD0Ev  touchgfx_core_wchar16.lib(lcd16bpp.o)
    0x0803d090   0x0803c91c   0x00000008   Data   RO         1554    .ARM.exidx.text._ZN8touchgfx8LCD16bpp55TextureMapper_L8_RGB888_Opaque_BilinearInterpolation_GA34drawTextureMapScanLineSubdivisionsEiiiifffiiiifffffRKNS_14DrawingSurfaceEiiRKNS_14TextureSurfaceEhfff  touchgfx_core_wchar16.lib(lcd16bpp.o)
    0x0803d098   0x0803c91c   0x00000008   Data   RO         1781    .ARM.exidx.text._ZN8touchgfx8LCD16bpp55TextureMapper_L8_RGB888_Opaque_BilinearInterpolation_GAD0Ev  touchgfx_core_wchar16.lib(lcd16bpp.o)
    0x0803d0a0   0x0803c91c   0x00000008   Data   RO         1592    .ARM.exidx.text._ZN8touchgfx8LCD16bpp55TextureMapper_RGB565_NonOpaque_BilinearInterpolation_GA34drawTextureMapScanLineSubdivisionsEiiiifffiiiifffffRKNS_14DrawingSurfaceEiiRKNS_14TextureSurfaceEhfff  touchgfx_core_wchar16.lib(lcd16bpp.o)
    0x0803d0a8   0x0803c91c   0x00000008   Data   RO         1801    .ARM.exidx.text._ZN8touchgfx8LCD16bpp55TextureMapper_RGB565_NonOpaque_BilinearInterpolation_GAD0Ev  touchgfx_core_wchar16.lib(lcd16bpp.o)
    0x0803d0b0   0x0803c91c   0x00000008   Data   RO         1567    .ARM.exidx.text._ZN8touchgfx8LCD16bpp56TextureMapper_L8_ARGB8888_NonOpaque_NearestNeighbor_NoGA34drawTextureMapScanLineSubdivisionsEiiiifffiiiifffffRKNS_14DrawingSurfaceEiiRKNS_14TextureSurfaceEhfff  touchgfx_core_wchar16.lib(lcd16bpp.o)
    0x0803d0b8   0x0803c91c   0x00000008   Data   RO         1795    .ARM.exidx.text._ZN8touchgfx8LCD16bpp56TextureMapper_L8_ARGB8888_NonOpaque_NearestNeighbor_NoGAD0Ev  touchgfx_core_wchar16.lib(lcd16bpp.o)
    0x0803d0c0   0x0803c91c   0x00000008   Data   RO         1618    .ARM.exidx.text._ZN8touchgfx8LCD16bpp57TextureMapper_ARGB8888_NonOpaque_BilinearInterpolation_GA34drawTextureMapScanLineSubdivisionsEiiiifffiiiifffffRKNS_14DrawingSurfaceEiiRKNS_14TextureSurfaceEhfff  touchgfx_core_wchar16.lib(lcd16bpp.o)
    0x0803d0c8   0x0803c91c   0x00000008   Data   RO         1813    .ARM.exidx.text._ZN8touchgfx8LCD16bpp57TextureMapper_ARGB8888_NonOpaque_BilinearInterpolation_GAD0Ev  touchgfx_core_wchar16.lib(lcd16bpp.o)
    0x0803d0d0   0x0803c91c   0x00000008   Data   RO         1543    .ARM.exidx.text._ZN8touchgfx8LCD16bpp57TextureMapper_L8_RGB565_Opaque_BilinearInterpolation_NoGA34drawTextureMapScanLineSubdivisionsEiiiifffiiiifffffRKNS_14DrawingSurfaceEiiRKNS_14TextureSurfaceEhfff  touchgfx_core_wchar16.lib(lcd16bpp.o)
    0x0803d0d8   0x0803c91c   0x00000008   Data   RO         1775    .ARM.exidx.text._ZN8touchgfx8LCD16bpp57TextureMapper_L8_RGB565_Opaque_BilinearInterpolation_NoGAD0Ev  touchgfx_core_wchar16.lib(lcd16bpp.o)
    0x0803d0e0   0x0803c91c   0x00000008   Data   RO         1559    .ARM.exidx.text._ZN8touchgfx8LCD16bpp57TextureMapper_L8_RGB888_Opaque_BilinearInterpolation_NoGA34drawTextureMapScanLineSubdivisionsEiiiifffiiiifffffRKNS_14DrawingSurfaceEiiRKNS_14TextureSurfaceEhfff  touchgfx_core_wchar16.lib(lcd16bpp.o)
    0x0803d0e8   0x0803c91c   0x00000008   Data   RO         1783    .ARM.exidx.text._ZN8touchgfx8LCD16bpp57TextureMapper_L8_RGB888_Opaque_BilinearInterpolation_NoGAD0Ev  touchgfx_core_wchar16.lib(lcd16bpp.o)
    0x0803d0f0   0x0803c91c   0x00000008   Data   RO         1597    .ARM.exidx.text._ZN8touchgfx8LCD16bpp57TextureMapper_RGB565_NonOpaque_BilinearInterpolation_NoGA34drawTextureMapScanLineSubdivisionsEiiiifffiiiifffffRKNS_14DrawingSurfaceEiiRKNS_14TextureSurfaceEhfff  touchgfx_core_wchar16.lib(lcd16bpp.o)
    0x0803d0f8   0x0803c91c   0x00000008   Data   RO         1803    .ARM.exidx.text._ZN8touchgfx8LCD16bpp57TextureMapper_RGB565_NonOpaque_BilinearInterpolation_NoGAD0Ev  touchgfx_core_wchar16.lib(lcd16bpp.o)
    0x0803d100   0x0803c91c   0x00000008   Data   RO         1623    .ARM.exidx.text._ZN8touchgfx8LCD16bpp59TextureMapper_ARGB8888_NonOpaque_BilinearInterpolation_NoGA34drawTextureMapScanLineSubdivisionsEiiiifffiiiifffffRKNS_14DrawingSurfaceEiiRKNS_14TextureSurfaceEhfff  touchgfx_core_wchar16.lib(lcd16bpp.o)
    0x0803d108   0x0803c91c   0x00000008   Data   RO         1815    .ARM.exidx.text._ZN8touchgfx8LCD16bpp59TextureMapper_ARGB8888_NonOpaque_BilinearInterpolation_NoGAD0Ev  touchgfx_core_wchar16.lib(lcd16bpp.o)
    0x0803d110   0x0803c91c   0x00000008   Data   RO         1570    .ARM.exidx.text._ZN8touchgfx8LCD16bpp60TextureMapper_L8_ARGB8888_NonOpaque_BilinearInterpolation_GA34drawTextureMapScanLineSubdivisionsEiiiifffiiiifffffRKNS_14DrawingSurfaceEiiRKNS_14TextureSurfaceEhfff  touchgfx_core_wchar16.lib(lcd16bpp.o)
    0x0803d118   0x0803c91c   0x00000008   Data   RO         1789    .ARM.exidx.text._ZN8touchgfx8LCD16bpp60TextureMapper_L8_ARGB8888_NonOpaque_BilinearInterpolation_GAD0Ev  touchgfx_core_wchar16.lib(lcd16bpp.o)
    0x0803d120   0x0803c91c   0x00000008   Data   RO         1575    .ARM.exidx.text._ZN8touchgfx8LCD16bpp62TextureMapper_L8_ARGB8888_NonOpaque_BilinearInterpolation_NoGA34drawTextureMapScanLineSubdivisionsEiiiifffiiiifffffRKNS_14DrawingSurfaceEiiRKNS_14TextureSurfaceEhfff  touchgfx_core_wchar16.lib(lcd16bpp.o)
    0x0803d128   0x0803c91c   0x00000008   Data   RO         1791    .ARM.exidx.text._ZN8touchgfx8LCD16bpp62TextureMapper_L8_ARGB8888_NonOpaque_BilinearInterpolation_NoGAD0Ev  touchgfx_core_wchar16.lib(lcd16bpp.o)
    0x0803d130   0x0803c91c   0x00000008   Data   RO         1469    .ARM.exidx.text._ZN8touchgfx8LCD16bpp8blitCopyEPKhNS_6Bitmap12BitmapFormatERKNS_4RectES7_hb  touchgfx_core_wchar16.lib(lcd16bpp.o)
    0x0803d138   0x0803c91c   0x00000008   Data   RO         1467    .ARM.exidx.text._ZN8touchgfx8LCD16bpp8blitCopyEPKtRKNS_4RectES5_hb  touchgfx_core_wchar16.lib(lcd16bpp.o)
    0x0803d140   0x0803c91c   0x00000008   Data   RO         1477    .ARM.exidx.text._ZN8touchgfx8LCD16bpp8fillRectERKNS_4RectENS_9colortypeEh  touchgfx_core_wchar16.lib(lcd16bpp.o)
    0x0803d148   0x0803c91c   0x00000008   Data   RO         1483    .ARM.exidx.text._ZN8touchgfx8LCD16bpp8nextLineEbNS_12TextRotationE  touchgfx_core_wchar16.lib(lcd16bpp.o)
    0x0803d150   0x0803c91c   0x00000008   Data   RO         1485    .ARM.exidx.text._ZN8touchgfx8LCD16bpp9drawGlyphEPtNS_4RectEssttRKS2_PKNS_9GlyphNodeEPKhhNS_9colortypeEhhNS_12TextRotationE  touchgfx_core_wchar16.lib(lcd16bpp.o)
    0x0803d158   0x0803c91c   0x00000008   Data   RO         1481    .ARM.exidx.text._ZN8touchgfx8LCD16bpp9nextPixelEbNS_12TextRotationE  touchgfx_core_wchar16.lib(lcd16bpp.o)
    0x0803d160   0x0803c91c   0x00000008   Data   RO         2098    .ARM.exidx.text._ZN8touchgfx9Container12forEachChildEPNS_15GenericCallbackIRNS_8DrawableEvvEE  touchgfx_core_wchar16.lib(container.o)
    0x0803d168   0x0803c91c   0x00000008   Data   RO         2088    .ARM.exidx.text._ZN8touchgfx9Container12getLastChildEssPPNS_8DrawableE  touchgfx_core_wchar16.lib(container.o)
    0x0803d170   0x0803c91c   0x00000008   Data   RO         2113    .ARM.exidx.text._ZN8touchgfx9Container13getFirstChildEv  touchgfx_core_wchar16.lib(container.o)
    0x0803d178   0x0803c91c   0x00000008   Data   RO         2102    .ARM.exidx.text._ZN8touchgfx9Container14setupDrawChainERKNS_4RectEPPNS_8DrawableE  touchgfx_core_wchar16.lib(container.o)
    0x0803d180   0x0803c91c   0x00000008   Data   RO         2090    .ARM.exidx.text._ZN8touchgfx9Container16getLastChildNearEssPPNS_8DrawableEPsS4_  touchgfx_core_wchar16.lib(container.o)
    0x0803d188   0x0803c91c   0x00000008   Data   RO         2096    .ARM.exidx.text._ZN8touchgfx9Container20moveChildrenRelativeEss  touchgfx_core_wchar16.lib(container.o)
    0x0803d190   0x0803c91c   0x00000008   Data   RO         2078    .ARM.exidx.text._ZN8touchgfx9Container3addERNS_8DrawableE  touchgfx_core_wchar16.lib(container.o)
    0x0803d198   0x0803c91c   0x00000008   Data   RO         2100    .ARM.exidx.text._ZN8touchgfx9Container6insertEPNS_8DrawableERS1_  touchgfx_core_wchar16.lib(container.o)
    0x0803d1a0   0x0803c91c   0x00000008   Data   RO         2080    .ARM.exidx.text._ZN8touchgfx9Container6removeERNS_8DrawableE  touchgfx_core_wchar16.lib(container.o)
    0x0803d1a8   0x0803c91c   0x00000008   Data   RO         3335    .ARM.exidx.text._ZN9libunwind12UnwindCursorINS_17LocalAddressSpaceENS_13Registers_armEE10saveVFPAsXEv  libunwind_wx.l(libunwind.cpp.o)
    0x0803d1b0   0x0803c91c   0x00000008   Data   RO         3317    .ARM.exidx.text._ZN9libunwind12UnwindCursorINS_17LocalAddressSpaceENS_13Registers_armEE11getFloatRegEi  libunwind_wx.l(libunwind.cpp.o)
    0x0803d1b8   0x0803c91c   0x00000008   Data   RO         3319    .ARM.exidx.text._ZN9libunwind12UnwindCursorINS_17LocalAddressSpaceENS_13Registers_armEE11setFloatRegEiy  libunwind_wx.l(libunwind.cpp.o)
    0x0803d1c0   0x0803c91c   0x00000008   Data   RO         3327    .ARM.exidx.text._ZN9libunwind12UnwindCursorINS_17LocalAddressSpaceENS_13Registers_armEE13isSignalFrameEv  libunwind_wx.l(libunwind.cpp.o)
    0x0803d1c8   0x0803c91c   0x00000008   Data   RO         3337    .ARM.exidx.text._ZN9libunwind12UnwindCursorINS_17LocalAddressSpaceENS_13Registers_armEE13stepWithEHABIEv  libunwind_wx.l(libunwind.cpp.o)
    0x0803d1d0   0x0803c91c   0x00000008   Data   RO         3315    .ARM.exidx.text._ZN9libunwind12UnwindCursorINS_17LocalAddressSpaceENS_13Registers_armEE13validFloatRegEi  libunwind_wx.l(libunwind.cpp.o)
    0x0803d1d8   0x0803c91c   0x00000008   Data   RO         3329    .ARM.exidx.text._ZN9libunwind12UnwindCursorINS_17LocalAddressSpaceENS_13Registers_armEE15getFunctionNameEPcjPj  libunwind_wx.l(libunwind.cpp.o)
    0x0803d1e0   0x0803c91c   0x00000008   Data   RO         3333    .ARM.exidx.text._ZN9libunwind12UnwindCursorINS_17LocalAddressSpaceENS_13Registers_armEE15getRegisterNameEi  libunwind_wx.l(libunwind.cpp.o)
    0x0803d1e8   0x0803c91c   0x00000008   Data   RO         3341    .ARM.exidx.text._ZN9libunwind12UnwindCursorINS_17LocalAddressSpaceENS_13Registers_armEE23getInfoFromEHABISectionEjRKNS_18UnwindInfoSectionsE  libunwind_wx.l(libunwind.cpp.o)
    0x0803d1f0   0x0803c91c   0x00000008   Data   RO         3331    .ARM.exidx.text._ZN9libunwind12UnwindCursorINS_17LocalAddressSpaceENS_13Registers_armEE24setInfoBasedOnIPRegisterEb  libunwind_wx.l(libunwind.cpp.o)
    0x0803d1f8   0x0803c91c   0x00000008   Data   RO         3321    .ARM.exidx.text._ZN9libunwind12UnwindCursorINS_17LocalAddressSpaceENS_13Registers_armEE4stepEv  libunwind_wx.l(libunwind.cpp.o)
    0x0803d200   0x0803c91c   0x00000008   Data   RO         3311    .ARM.exidx.text._ZN9libunwind12UnwindCursorINS_17LocalAddressSpaceENS_13Registers_armEE6getRegEi  libunwind_wx.l(libunwind.cpp.o)
    0x0803d208   0x0803c91c   0x00000008   Data   RO         3325    .ARM.exidx.text._ZN9libunwind12UnwindCursorINS_17LocalAddressSpaceENS_13Registers_armEE6jumptoEv  libunwind_wx.l(libunwind.cpp.o)
    0x0803d210   0x0803c91c   0x00000008   Data   RO         3313    .ARM.exidx.text._ZN9libunwind12UnwindCursorINS_17LocalAddressSpaceENS_13Registers_armEE6setRegEij  libunwind_wx.l(libunwind.cpp.o)
    0x0803d218   0x0803c91c   0x00000008   Data   RO         3323    .ARM.exidx.text._ZN9libunwind12UnwindCursorINS_17LocalAddressSpaceENS_13Registers_armEE7getInfoEP15unw_proc_info_t  libunwind_wx.l(libunwind.cpp.o)
    0x0803d220   0x0803c91c   0x00000008   Data   RO         3309    .ARM.exidx.text._ZN9libunwind12UnwindCursorINS_17LocalAddressSpaceENS_13Registers_armEE8validRegEi  libunwind_wx.l(libunwind.cpp.o)
    0x0803d228   0x0803c91c   0x00000008   Data   RO         3339    .ARM.exidx.text._ZN9libunwind13Registers_arm26restoreSavedFloatRegistersEv  libunwind_wx.l(libunwind.cpp.o)
    0x0803d230   0x0803c91c   0x00000008   Data   RO         3305    .ARM.exidx.text._ZN9libunwind20AbstractUnwindCursorD2Ev  libunwind_wx.l(libunwind.cpp.o)
    0x0803d238   0x0803c91c   0x00000008   Data   RO         3546    .ARM.exidx.text._ZNK10__cxxabiv117__class_type_info16search_above_dstEPNS_19__dynamic_cast_infoEPKvS4_ib  libcppabi_wx.l(private_typeinfo.cpp.o)
    0x0803d240   0x0803c91c   0x00000008   Data   RO         3540    .ARM.exidx.text._ZNK10__cxxabiv117__class_type_info16search_below_dstEPNS_19__dynamic_cast_infoEPKvib  libcppabi_wx.l(private_typeinfo.cpp.o)
    0x0803d248   0x0803c91c   0x00000008   Data   RO         3508    .ARM.exidx.text._ZNK10__cxxabiv117__class_type_info27has_unambiguous_public_baseEPNS_19__dynamic_cast_infoEPvi  libcppabi_wx.l(private_typeinfo.cpp.o)
    0x0803d250   0x0803c91c   0x00000008   Data   RO         3504    .ARM.exidx.text._ZNK10__cxxabiv117__class_type_info9can_catchEPKNS_16__shim_type_infoERPv  libcppabi_wx.l(private_typeinfo.cpp.o)
    0x0803d258   0x0803c91c   0x00000008   Data   RO         3544    .ARM.exidx.text._ZNK10__cxxabiv120__si_class_type_info16search_above_dstEPNS_19__dynamic_cast_infoEPKvS4_ib  libcppabi_wx.l(private_typeinfo.cpp.o)
    0x0803d260   0x0803c91c   0x00000008   Data   RO         3510    .ARM.exidx.text._ZNK10__cxxabiv120__si_class_type_info27has_unambiguous_public_baseEPNS_19__dynamic_cast_infoEPvi  libcppabi_wx.l(private_typeinfo.cpp.o)
    0x0803d268   0x0803c91c   0x00000008   Data   RO         2449    .ARM.exidx.text._ZNK8touchgfx10ClickEvent12getEventTypeEv  touchgfx_core_wchar16.lib(screen.o)
    0x0803d270   0x0803c91c   0x00000008   Data   RO         2017    .ARM.exidx.text._ZNK8touchgfx3Box17invalidateContentEv  touchgfx_core_wchar16.lib(box.o)
    0x0803d278   0x0803c91c   0x00000008   Data   RO         2010    .ARM.exidx.text._ZNK8touchgfx3Box4drawERKNS_4RectE  touchgfx_core_wchar16.lib(box.o)
    0x0803d280   0x0803c91c   0x00000008   Data   RO         2281    .ARM.exidx.text._ZNK8touchgfx3HAL11getBitDepthENS_6Bitmap12BitmapFormatE  touchgfx_core_wchar16.lib(hal.o)
    0x0803d288   0x0803c91c   0x00000008   Data   RO         2261    .ARM.exidx.text._ZNK8touchgfx3HAL13getDstAddressEttPt  touchgfx_core_wchar16.lib(hal.o)
    0x0803d290   0x0803c91c   0x00000008   Data   RO         2253    .ARM.exidx.text._ZNK8touchgfx3HAL13getDstAddressEttPttNS_6Bitmap12BitmapFormatE  touchgfx_core_wchar16.lib(hal.o)
    0x0803d298   0x0803c91c   0x00000008   Data   RO         2200    .ARM.exidx.text._ZNK8touchgfx4Font12getCharWidthEt  touchgfx_core_wchar16.lib(font.o)
    0x0803d2a0   0x0803c91c   0x00000008   Data   RO         2071    .ARM.exidx.text._ZNK8touchgfx4Font12getGSUBTableEv  touchgfx_core_wchar16.lib(constfont.o)
    0x0803d2a8   0x0803c91c   0x00000008   Data   RO         2206    .ARM.exidx.text._ZNK8touchgfx4Font13getFontHeightEv  touchgfx_core_wchar16.lib(font.o)
    0x0803d2b0   0x0803c91c   0x00000008   Data   RO         2067    .ARM.exidx.text._ZNK8touchgfx4Font15getBitsPerPixelEv  touchgfx_core_wchar16.lib(constfont.o)
    0x0803d2b8   0x0803c91c   0x00000008   Data   RO         2210    .ARM.exidx.text._ZNK8touchgfx4Font15getSpacingAboveEPKtz  touchgfx_core_wchar16.lib(font.o)
    0x0803d2c0   0x0803c91c   0x00000008   Data   RO         2208    .ARM.exidx.text._ZNK8touchgfx4Font16getNumberOfLinesEPKtz  touchgfx_core_wchar16.lib(font.o)
    0x0803d2c8   0x0803c91c   0x00000008   Data   RO         2196    .ARM.exidx.text._ZNK8touchgfx4Font17getStringWidthLTREhPKtSt9__va_list  touchgfx_core_wchar16.lib(font.o)
    0x0803d2d0   0x0803c91c   0x00000008   Data   RO         2204    .ARM.exidx.text._ZNK8touchgfx4Font20getMinimumTextHeightEv  touchgfx_core_wchar16.lib(font.o)
    0x0803d2d8   0x0803c91c   0x00000008   Data   RO         2057    .ARM.exidx.text._ZNK8touchgfx4Font8getGlyphEt  touchgfx_core_wchar16.lib(constfont.o)
    0x0803d2e0   0x0803c91c   0x00000008   Data   RO         2065    .ARM.exidx.text._ZNK8touchgfx4Font9getHeightEv  touchgfx_core_wchar16.lib(constfont.o)
    0x0803d2e8   0x0803c91c   0x00000008   Data   RO         1896    .ARM.exidx.text._ZNK8touchgfx4Rect8includesERKS0_  touchgfx_core_wchar16.lib(application.o)
    0x0803d2f0   0x0803c91c   0x00000008   Data   RO         1900    .ARM.exidx.text._ZNK8touchgfx4Rect9intersectERKS0_  touchgfx_core_wchar16.lib(application.o)
    0x0803d2f8   0x0803c91c   0x00000008   Data   RO         2107    .ARM.exidx.text._ZNK8touchgfx4Rect9intersectEss  touchgfx_core_wchar16.lib(container.o)
    0x0803d300   0x0803c91c   0x00000008   Data   RO         1906    .ARM.exidx.text._ZNK8touchgfx4RectanERKS0_  touchgfx_core_wchar16.lib(application.o)
    0x0803d308   0x0803c91c   0x00000008   Data   RO         2350    .ARM.exidx.text._ZNK8touchgfx5Image17invalidateContentEv  touchgfx_core_wchar16.lib(image.o)
    0x0803d310   0x0803c91c   0x00000008   Data   RO         2341    .ARM.exidx.text._ZNK8touchgfx5Image4drawERKNS_4RectE  touchgfx_core_wchar16.lib(image.o)
    0x0803d318   0x0803c91c   0x00000008   Data   RO         1951    .ARM.exidx.text._ZNK8touchgfx6Bitmap12getExtraDataEv  touchgfx_core_wchar16.lib(bitmap.o)
    0x0803d320   0x0803c91c   0x00000008   Data   RO         2005    .ARM.exidx.text._ZNK8touchgfx6Bitmap7getRectEv  touchgfx_core_wchar16.lib(bitmap.o)
    0x0803d328   0x0803c91c   0x00000008   Data   RO         1945    .ARM.exidx.text._ZNK8touchgfx6Bitmap8getWidthEv  touchgfx_core_wchar16.lib(bitmap.o)
    0x0803d330   0x0803c91c   0x00000008   Data   RO         1949    .ARM.exidx.text._ZNK8touchgfx6Bitmap9getFormatEv  touchgfx_core_wchar16.lib(bitmap.o)
    0x0803d338   0x0803c91c   0x00000008   Data   RO         1947    .ARM.exidx.text._ZNK8touchgfx6Bitmap9getHeightEv  touchgfx_core_wchar16.lib(bitmap.o)
    0x0803d340   0x0803c91c   0x00000008   Data   RO         2170    .ARM.exidx.text._ZNK8touchgfx8Drawable10invalidateEv  touchgfx_core_wchar16.lib(drawable.o)
    0x0803d348   0x0803c91c   0x00000008   Data   RO         2174    .ARM.exidx.text._ZNK8touchgfx8Drawable14getVisibleRectERNS_4RectE  touchgfx_core_wchar16.lib(drawable.o)
    0x0803d350   0x0803c91c   0x00000008   Data   RO         2176    .ARM.exidx.text._ZNK8touchgfx8Drawable15getAbsoluteRectEv  touchgfx_core_wchar16.lib(drawable.o)
    0x0803d358   0x0803c91c   0x00000008   Data   RO         2111    .ARM.exidx.text._ZNK8touchgfx8Drawable17invalidateContentEv  touchgfx_core_wchar16.lib(container.o)
    0x0803d360   0x0803c91c   0x00000008   Data   RO         1765    .ARM.exidx.text._ZNK8touchgfx8LCD16bpp17framebufferFormatEv  touchgfx_core_wchar16.lib(lcd16bpp.o)
    0x0803d368   0x0803c91c   0x00000008   Data   RO         1453    .ARM.exidx.text._ZNK8touchgfx8LCD16bpp21blitCopyARGB8888SolidEPKjRKNS_4RectES5_  touchgfx_core_wchar16.lib(lcd16bpp.o)
    0x0803d370   0x0803c91c   0x00000008   Data   RO         1689    .ARM.exidx.text._ZNK8touchgfx8LCD16bpp28DrawTextureMapScanLineBase1627overrunCheckNearestNeighborERPtRiS4_S4_iiss  touchgfx_core_wchar16.lib(lcd16bpp.o)
    0x0803d378   0x0803c91c   0x00000008   Data   RO         1695    .ARM.exidx.text._ZNK8touchgfx8LCD16bpp28DrawTextureMapScanLineBase1633overrunCheckBilinearInterpolationERPtRiS4_S4_iiss  touchgfx_core_wchar16.lib(lcd16bpp.o)
    0x0803d380   0x0803c91c   0x00000008   Data   RO         1749    .ARM.exidx.text._ZNK8touchgfx8LCD16bpp35TextureMapper_A4_NearestNeighbor_GA10writePixelEPthh  touchgfx_core_wchar16.lib(lcd16bpp.o)
    0x0803d388   0x0803c91c   0x00000008   Data   RO         1741    .ARM.exidx.text._ZNK8touchgfx8LCD16bpp51TextureMapper_ARGB8888_NonOpaque_NearestNeighbor_GA10writePixelEPtPKjsiih  touchgfx_core_wchar16.lib(lcd16bpp.o)
    0x0803d390   0x0803c91c   0x00000008   Data   RO         1705    .ARM.exidx.text._ZNK8touchgfx8LCD16bpp51TextureMapper_L8_RGB888_Opaque_NearestNeighbor_NoGA10writePixelEPtPKhS4_sii  touchgfx_core_wchar16.lib(lcd16bpp.o)
    0x0803d398   0x0803c91c   0x00000008   Data   RO         1737    .ARM.exidx.text._ZNK8touchgfx8LCD16bpp52TextureMapper_RGB565_Opaque_BilinearInterpolation_GA10writePixelEPtPKtsiihhh  touchgfx_core_wchar16.lib(lcd16bpp.o)
    0x0803d3a0   0x0803c91c   0x00000008   Data   RO         1743    .ARM.exidx.text._ZNK8touchgfx8LCD16bpp53TextureMapper_ARGB8888_NonOpaque_NearestNeighbor_NoGA10writePixelEPtPKjsii  touchgfx_core_wchar16.lib(lcd16bpp.o)
    0x0803d3a8   0x0803c91c   0x00000008   Data   RO         1739    .ARM.exidx.text._ZNK8touchgfx8LCD16bpp54TextureMapper_RGB565_Opaque_BilinearInterpolation_NoGA10writePixelEPtPKtsiihh  touchgfx_core_wchar16.lib(lcd16bpp.o)
    0x0803d3b0   0x0803c91c   0x00000008   Data   RO         1609    .ARM.exidx.text._ZNK8touchgfx8LCD16bpp54TextureMapper_RGB565_Opaque_BilinearInterpolation_NoGA16writePixelOnEdgeEPtPKtssiihh  touchgfx_core_wchar16.lib(lcd16bpp.o)
    0x0803d3b8   0x0803c91c   0x00000008   Data   RO         1697    .ARM.exidx.text._ZNK8touchgfx8LCD16bpp55TextureMapper_L8_RGB565_Opaque_BilinearInterpolation_GA10writePixelEPtPKhPKtsiihhh  touchgfx_core_wchar16.lib(lcd16bpp.o)
    0x0803d3c0   0x0803c91c   0x00000008   Data   RO         1707    .ARM.exidx.text._ZNK8touchgfx8LCD16bpp55TextureMapper_L8_RGB888_Opaque_BilinearInterpolation_GA10writePixelEPtPKhS4_siihhh  touchgfx_core_wchar16.lib(lcd16bpp.o)
    0x0803d3c8   0x0803c91c   0x00000008   Data   RO         1556    .ARM.exidx.text._ZNK8touchgfx8LCD16bpp55TextureMapper_L8_RGB888_Opaque_BilinearInterpolation_GA16writePixelOnEdgeEPtPKhS4_ssiihhh  touchgfx_core_wchar16.lib(lcd16bpp.o)
    0x0803d3d0   0x0803c91c   0x00000008   Data   RO         1731    .ARM.exidx.text._ZNK8touchgfx8LCD16bpp55TextureMapper_RGB565_NonOpaque_BilinearInterpolation_GA10writePixelEPtPKtPKhsiihhh  touchgfx_core_wchar16.lib(lcd16bpp.o)
    0x0803d3d8   0x0803c91c   0x00000008   Data   RO         1715    .ARM.exidx.text._ZNK8touchgfx8LCD16bpp56TextureMapper_L8_ARGB8888_NonOpaque_NearestNeighbor_NoGA10writePixelEPtPKhPKjsii  touchgfx_core_wchar16.lib(lcd16bpp.o)
    0x0803d3e0   0x0803c91c   0x00000008   Data   RO         1745    .ARM.exidx.text._ZNK8touchgfx8LCD16bpp57TextureMapper_ARGB8888_NonOpaque_BilinearInterpolation_GA10writePixelEPtPKjsiihhh  touchgfx_core_wchar16.lib(lcd16bpp.o)
    0x0803d3e8   0x0803c91c   0x00000008   Data   RO         1620    .ARM.exidx.text._ZNK8touchgfx8LCD16bpp57TextureMapper_ARGB8888_NonOpaque_BilinearInterpolation_GA16writePixelOnEdgeEPtPKjssiihhh  touchgfx_core_wchar16.lib(lcd16bpp.o)
    0x0803d3f0   0x0803c91c   0x00000008   Data   RO         1701    .ARM.exidx.text._ZNK8touchgfx8LCD16bpp57TextureMapper_L8_RGB565_Opaque_BilinearInterpolation_NoGA10writePixelEPtPKhPKtsiihh  touchgfx_core_wchar16.lib(lcd16bpp.o)
    0x0803d3f8   0x0803c91c   0x00000008   Data   RO         1545    .ARM.exidx.text._ZNK8touchgfx8LCD16bpp57TextureMapper_L8_RGB565_Opaque_BilinearInterpolation_NoGA16writePixelOnEdgeEPtPKhPKtssiihh  touchgfx_core_wchar16.lib(lcd16bpp.o)
    0x0803d400   0x0803c91c   0x00000008   Data   RO         1711    .ARM.exidx.text._ZNK8touchgfx8LCD16bpp57TextureMapper_L8_RGB888_Opaque_BilinearInterpolation_NoGA10writePixelEPtPKhS4_siihh  touchgfx_core_wchar16.lib(lcd16bpp.o)
    0x0803d408   0x0803c91c   0x00000008   Data   RO         1735    .ARM.exidx.text._ZNK8touchgfx8LCD16bpp57TextureMapper_RGB565_NonOpaque_BilinearInterpolation_NoGA10writePixelEPtPKhPKtsiihh  touchgfx_core_wchar16.lib(lcd16bpp.o)
    0x0803d410   0x0803c91c   0x00000008   Data   RO         1747    .ARM.exidx.text._ZNK8touchgfx8LCD16bpp59TextureMapper_ARGB8888_NonOpaque_BilinearInterpolation_NoGA10writePixelEPtPKjsiihh  touchgfx_core_wchar16.lib(lcd16bpp.o)
    0x0803d418   0x0803c91c   0x00000008   Data   RO         1625    .ARM.exidx.text._ZNK8touchgfx8LCD16bpp59TextureMapper_ARGB8888_NonOpaque_BilinearInterpolation_NoGA16writePixelOnEdgeEPtPKjssiihh  touchgfx_core_wchar16.lib(lcd16bpp.o)
    0x0803d420   0x0803c91c   0x00000008   Data   RO         1717    .ARM.exidx.text._ZNK8touchgfx8LCD16bpp60TextureMapper_L8_ARGB8888_NonOpaque_BilinearInterpolation_GA10writePixelEPtPKhPKjsiihhh  touchgfx_core_wchar16.lib(lcd16bpp.o)
    0x0803d428   0x0803c91c   0x00000008   Data   RO         1572    .ARM.exidx.text._ZNK8touchgfx8LCD16bpp60TextureMapper_L8_ARGB8888_NonOpaque_BilinearInterpolation_GA16writePixelOnEdgeEPtPKhPKjssiihhh  touchgfx_core_wchar16.lib(lcd16bpp.o)
    0x0803d430   0x0803c91c   0x00000008   Data   RO         1723    .ARM.exidx.text._ZNK8touchgfx8LCD16bpp62TextureMapper_L8_ARGB8888_NonOpaque_BilinearInterpolation_NoGA10writePixelEPtPKhPKjsiihh  touchgfx_core_wchar16.lib(lcd16bpp.o)
    0x0803d438   0x0803c91c   0x00000008   Data   RO         1763    .ARM.exidx.text._ZNK8touchgfx8LCD16bpp8bitDepthEv  touchgfx_core_wchar16.lib(lcd16bpp.o)
    0x0803d440   0x0803c91c   0x00000008   Data   RO         2048    .ARM.exidx.text._ZNK8touchgfx9ConstFont8getGlyphEtRPKhRh  touchgfx_core_wchar16.lib(constfont.o)
    0x0803d448   0x0803c91c   0x00000008   Data   RO         2092    .ARM.exidx.text._ZNK8touchgfx9Container12getSolidRectEv  touchgfx_core_wchar16.lib(container.o)
    0x0803d450   0x0803c91c   0x00000008   Data   RO         2086    .ARM.exidx.text._ZNK8touchgfx9Container4drawERKNS_4RectE  touchgfx_core_wchar16.lib(container.o)
    0x0803d458   0x0803c91c   0x00000008   Data   RO         2453    .ARM.exidx.text._ZNK8touchgfx9DragEvent12getEventTypeEv  touchgfx_core_wchar16.lib(screen.o)
    0x0803d460   0x0803c91c   0x00000008   Data   RO         3185    .ARM.exidx.text._ZNKSt13bad_exception4whatEv  libcppabi_wx.l(stdlib_exception.cpp.o)
    0x0803d468   0x0803c91c   0x00000008   Data   RO         3171    .ARM.exidx.text._ZSt11__terminatePFvvE  libcppabi_wx.l(cxa_handlers.cpp.o)
    0x0803d470   0x0803c91c   0x00000008   Data   RO         3164    .ARM.exidx.text._ZSt12__unexpectedPFvvE  libcppabi_wx.l(cxa_handlers.cpp.o)
    0x0803d478   0x0803c91c   0x00000008   Data   RO         3168    .ARM.exidx.text._ZSt13get_terminatev  libcppabi_wx.l(cxa_handlers.cpp.o)
    0x0803d480   0x0803c91c   0x00000008   Data   RO         3162    .ARM.exidx.text._ZSt9terminatev  libcppabi_wx.l(cxa_handlers.cpp.o)
    0x0803d488   0x0803c91c   0x00000008   Data   RO          620    .ARM.exidx.text._ZThn4_N18ScreenCCTPresenterD0Ev  screencctpresenter.o
    0x0803d490   0x0803c91c   0x00000008   Data   RO         2797    .ARM.exidx.text._ZdlPv  libcpp_wx.l(new.cpp.o)
    0x0803d498   0x0803c91c   0x00000008   Data   RO         2833    .ARM.exidx.text.__clang_call_terminate  libcpp_wx.l(new.cpp.o)
    0x0803d4a0   0x0803c91c   0x00000008   Data   RO         3225    .ARM.exidx.text.__cxa_allocate_exception  libcppabi_wx.l(cxa_exception.cpp.o)
    0x0803d4a8   0x0803c91c   0x00000008   Data   RO         3248    .ARM.exidx.text.__cxa_begin_catch  libcppabi_wx.l(cxa_exception.cpp.o)
    0x0803d4b0   0x0803c91c   0x00000008   Data   RO         3243    .ARM.exidx.text.__cxa_begin_cleanup  libcppabi_wx.l(cxa_exception.cpp.o)
    0x0803d4b8   0x0803c91c   0x00000008   Data   RO         2859    .ARM.exidx.text.__cxa_call_unexpected  libcppabi_wx.l(cxa_personality.cpp.o)
    0x0803d4c0   0x0803c91c   0x00000008   Data   RO         3253    .ARM.exidx.text.__cxa_decrement_exception_refcount  libcppabi_wx.l(cxa_exception.cpp.o)
    0x0803d4c8   0x0803c91c   0x00000008   Data   RO         3250    .ARM.exidx.text.__cxa_end_catch  libcppabi_wx.l(cxa_exception.cpp.o)
    0x0803d4d0   0x0803c91c   0x00000008   Data   RO         3245    .ARM.exidx.text.__cxa_end_cleanup_impl  libcppabi_wx.l(cxa_exception.cpp.o)
    0x0803d4d8   0x0803c91c   0x00000008   Data   RO         3152    .ARM.exidx.text.__cxa_get_globals  libcppabi_wx.l(cxa_exception_storage.cpp.o)
    0x0803d4e0   0x0803c91c   0x00000008   Data   RO         2844    .ARM.exidx.text.__cxa_pure_virtual  libcppabi_wx.l(cxa_virtual.cpp.o)
    0x0803d4e8   0x0803c91c   0x00000008   Data   RO         3257    .ARM.exidx.text.__cxa_rethrow  libcppabi_wx.l(cxa_exception.cpp.o)
    0x0803d4f0   0x0803c91c   0x00000008   Data   RO         3234    .ARM.exidx.text.__cxa_throw  libcppabi_wx.l(cxa_exception.cpp.o)
    0x0803d4f8   0x0803c91c   0x00000008   Data   RO         3526    .ARM.exidx.text.__dynamic_cast  libcppabi_wx.l(private_typeinfo.cpp.o)
    0x0803d500   0x0803c91c   0x00000008   Data   RO         2903    .ARM.exidx.text.__gnu_unwind_frame  libunwind_wx.l(Unwind-EHABI.cpp.o)
    0x0803d508   0x0803c91c   0x00000008   Data   RO         2850    .ARM.exidx.text.__gxx_personality_v0  libcppabi_wx.l(cxa_personality.cpp.o)
    0x0803d510   0x0803c91c   0x00000008   Data   RO         3281    .ARM.exidx.text.__unw_get_fpreg  libunwind_wx.l(libunwind.cpp.o)
    0x0803d518   0x0803c91c   0x00000008   Data   RO         3287    .ARM.exidx.text.__unw_get_proc_info  libunwind_wx.l(libunwind.cpp.o)
    0x0803d520   0x0803c91c   0x00000008   Data   RO         3277    .ARM.exidx.text.__unw_get_reg  libunwind_wx.l(libunwind.cpp.o)
    0x0803d528   0x0803c91c   0x00000008   Data   RO         3275    .ARM.exidx.text.__unw_init_local  libunwind_wx.l(libunwind.cpp.o)
    0x0803d530   0x0803c91c   0x00000008   Data   RO         3289    .ARM.exidx.text.__unw_resume  libunwind_wx.l(libunwind.cpp.o)
    0x0803d538   0x0803c91c   0x00000008   Data   RO         3299    .ARM.exidx.text.__unw_save_vfp_as_X  libunwind_wx.l(libunwind.cpp.o)
    0x0803d540   0x0803c91c   0x00000008   Data   RO         3283    .ARM.exidx.text.__unw_set_fpreg  libunwind_wx.l(libunwind.cpp.o)
    0x0803d548   0x0803c91c   0x00000008   Data   RO         3279    .ARM.exidx.text.__unw_set_reg  libunwind_wx.l(libunwind.cpp.o)
    0x0803d550   0x0803c91c   0x00000008   Data   RO         3285    .ARM.exidx.text.__unw_step  libunwind_wx.l(libunwind.cpp.o)
    0x0803d558   0x0803c91c   0x00000008   Data   RO         3213    .ARM.exidx.text.abort_message  libcppabi_wx.l(abort_message.cpp.o)
    0x0803d560   0x0803c91c   0x00000008   Data   RO         2867    .ARM.exidx.text.decode_eht_entry  libunwind_wx.l(Unwind-EHABI.cpp.o)
    0x0803d568   0x0803c91c   0x00000008   Data   RO         2836    .ARM.exidx.text.unlikely.__cxa_guard_acquire  libcppabi_wx.l(cxa_guard.cpp.o)
    0x0803d570   0x0803c91c   0x00000008   Data   RO         2838    .ARM.exidx.text.unlikely.__cxa_guard_release  libcppabi_wx.l(cxa_guard.cpp.o)


    Execution Region RW_IRAM2 (Exec base: 0x10000000, Load base: 0x0803d640, Size: 0x00004e40, Max: 0x00010000, ABSOLUTE, COMPRESSED[0x000000a8])

    Exec Addr    Load Addr    Size         Type   Attr      Idx    E Section Name        Object

    0x10000000   COMPRESSED   0x00004e40   Data   RW          263    .data.OtaFile1      frame.o


    Execution Region RW_IRAM1 (Exec base: 0x20000000, Load base: 0x0803d580, Size: 0x000140d0, Max: 0x00020000, ABSOLUTE, COMPRESSED[0x000000c0])

    Exec Addr    Load Addr    Size         Type   Attr      Idx    E Section Name        Object

    0x20000000   COMPRESSED   0x00000200   Data   RW          169    .IRAM1              usart.o
    0x20000200   COMPRESSED   0x00000070   Data   RW         1672    .data..L_MergedGlobals  touchgfx_core_wchar16.lib(lcd16bpp.o)
    0x20000270   COMPRESSED   0x00000014   Data   RW         1894    .data..L_MergedGlobals  touchgfx_core_wchar16.lib(application.o)
    0x20000284   COMPRESSED   0x00000001   Data   RW          259    .data.FinalWrongFrame  frame.o
    0x20000285   COMPRESSED   0x00000003   PAD
    0x20000288   COMPRESSED   0x00000004   Data   RW          434    .data.SystemCoreClock  system_stm32f4xx.o
    0x2000028c   COMPRESSED   0x00000008   Data   RW          172    .data.UART3_Frame   usart.o
    0x20000294   COMPRESSED   0x00000008   Data   RW          258    .data.WrongFrame    frame.o
    0x2000029c   COMPRESSED   0x00000004   Data   RW         1240    .data._ZL12fontProvider  touchgfxconfiguration.o
    0x200002a0   COMPRESSED   0x00000004   Data   RW         1413    .data._ZL5dummy     oswrappers.o
    0x200002a4   COMPRESSED   0x00000004   Data   RW         3446    .data.__cxa_terminate_handler  libcppabi_wx.l(cxa_default_handlers.cpp.o)
    0x200002a8   COMPRESSED   0x00000004   Data   RW         3447    .data.__cxa_unexpected_handler  libcppabi_wx.l(cxa_default_handlers.cpp.o)
    0x200002ac   COMPRESSED   0x00000014   Data   RW           28    .data.box_Parament  system_data.o
    0x200002c0   COMPRESSED   0x00000030   Data   RW           29    .data.sys_Parament  system_data.o
    0x200002f0   COMPRESSED   0x00000001   Data   RW          362    .data.uwTickFreq    stm32f4xx_hal.o
    0x200002f1   COMPRESSED   0x00000003   PAD
    0x200002f4   COMPRESSED   0x00000004   Data   RW          361    .data.uwTickPrio    stm32f4xx_hal.o
    0x200002f8   COMPRESSED   0x00000004   Data   RW          550    .data.uxCriticalNesting  port.o
    0x200002fc   COMPRESSED   0x00000004   PAD
    0x20000300        -       0x00000060   Zero   RW         3355    .bss                c_w.l(libspace.o)
    0x20000360        -       0x00000024   Zero   RW         2003    .bss..L_MergedGlobals  touchgfx_core_wchar16.lib(bitmap.o)
    0x20000384        -       0x0000000a   Zero   RW         2302    .bss..L_MergedGlobals  touchgfx_core_wchar16.lib(hal.o)
    0x2000038e   COMPRESSED   0x00000002   PAD
    0x20000390        -       0x00000070   Zero   RW         1673    .bss..L_MergedGlobals.20  touchgfx_core_wchar16.lib(lcd16bpp.o)
    0x20000400        -       0x00000001   Zero   RW          246    .bss.BLE_SERVICE_STATUS  esp32c3.o
    0x20000401   COMPRESSED   0x00000003   PAD
    0x20000404        -       0x00000400   Zero   RW          261    .bss.CRC32_table    frame.o
    0x20000804        -       0x00000008   Zero   RW          107    .bss.CanRxData      can.o
    0x2000080c        -       0x00000008   Zero   RW          256    .bss.CorrectFrame   frame.o
    0x20000814        -       0x00000001   Zero   RW          236    .bss.EC11_1_knob_State  control_box.o
    0x20000815        -       0x00000001   Zero   RW          237    .bss.EC11_2_knob_State  control_box.o
    0x20000816        -       0x00000100   Zero   RW          247    .bss.ESP32_DMA_Rx_Buffer  esp32c3.o
    0x20000916        -       0x00000032   Zero   RW          264    .bss.ESP32_ReturnFrame  frame.o
    0x20000948        -       0x00000004   Zero   RW          134    .bss.FSMC_DeInitialized  fsmc.o
    0x2000094c        -       0x00000004   Zero   RW          133    .bss.FSMC_Initialized  fsmc.o
    0x20000950        -       0x00000004   Zero   RW           90    .bss.GUI_TaskHandle  freertos.o
    0x20000954        -       0x00000002   Zero   RW          171    .bss.HAL_UARTEx_RxEventCallback.frame_Length_Last  usart.o
    0x20000956   COMPRESSED   0x00000002   PAD
    0x20000958        -       0x00000004   Zero   RW          520    .bss.KernelState    cmsis_os2.o
    0x2000095c        -       0x00000005   Zero   RW          257    .bss.OtaAddressFrame  frame.o
    0x20000961   COMPRESSED   0x00000003   PAD
    0x20000964        -       0x00000004   Zero   RW         1019    .bss._ZGVZ23getFont_simfang_17_4bppvE15simfang_17_4bpp  table_simfang_17_4bpp.o
    0x20000968        -       0x00000004   Zero   RW         1031    .bss._ZGVZ23getFont_simfang_25_4bppvE15simfang_25_4bpp  table_simfang_25_4bpp.o
    0x2000096c        -       0x00000004   Zero   RW         1043    .bss._ZGVZ23getFont_simfang_40_4bppvE15simfang_40_4bpp  table_simfang_40_4bpp.o
    0x20000970        -       0x00000004   Zero   RW         1346    .bss._ZGVZN12FrontendHeap11getInstanceEvE8instance  touchgfxconfiguration.o
    0x20000974        -       0x00000004   Zero   RW         1412    .bss._ZL11vsync_queue  oswrappers.o
    0x20000978        -       0x00000004   Zero   RW         1054    .bss._ZL14languagesArray  texts.o
    0x2000097c        -       0x00000004   Zero   RW         1410    .bss._ZL16frame_buffer_sem  oswrappers.o
    0x20000980        -       0x00000004   Zero   RW         1055    .bss._ZL18currentLanguagePtr  texts.o
    0x20000984        -       0x00000004   Zero   RW         1056    .bss._ZL22currentLanguageIndices  texts.o
    0x20000988        -       0x00000004   Zero   RW         1149    .bss._ZL2kc         touchgfxhal.o
    0x2000098c        -       0x00000004   Zero   RW         1237    .bss._ZL2tc         touchgfxconfiguration.o
    0x20000990        -       0x00000044   Zero   RW         1238    .bss._ZL3dma        touchgfxconfiguration.o
    0x200009d4        -       0x0000007c   Zero   RW         1241    .bss._ZL3hal        touchgfxconfiguration.o
    0x20000a50        -       0x00000004   Zero   RW         1150    .bss._ZL3knc        touchgfxhal.o
    0x20000a54        -       0x00000001   Zero   RW         1242    .bss._ZL5texts      touchgfxconfiguration.o
    0x20000a55   COMPRESSED   0x00000003   PAD
    0x20000a58        -       0x00000078   Zero   RW         1239    .bss._ZL7display    touchgfxconfiguration.o
    0x20000ad0        -       0x0000000c   Zero   RW         3155    .bss._ZN10__cxxabiv1L10eh_globalsE  libcppabi_wx.l(cxa_exception_storage.cpp.o)
    0x20000adc        -       0x00000200   Zero   RW         3464    .bss._ZN12_GLOBAL__N_14heapE  libcppabi_wx.l(fallback_malloc.cpp.o)
    0x20000cdc        -       0x00000004   Zero   RW         3463    .bss._ZN12_GLOBAL__N_18freelistE  libcppabi_wx.l(fallback_malloc.cpp.o)
    0x20000ce0        -       0x00000008   Zero   RW         1891    .bss._ZN8touchgfx11Application22debugRegionInvalidRectE  touchgfx_core_wchar16.lib(application.o)
    0x20000ce8        -       0x00000004   Zero   RW         2218    .bss._ZN8touchgfx11FontManager8providerE  touchgfx_core_wchar16.lib(fontmanager.o)
    0x20000cec        -       0x0000002c   Zero   RW         2663    .bss._ZN8touchgfx16TouchCalibration6matrixE  touchgfx_core_wchar16.lib(touchcalibration.o)
    0x20000d18        -       0x00000001   Zero   RW         2297    .bss._ZN8touchgfx3HAL20USE_DOUBLE_BUFFERINGE  touchgfx_core_wchar16.lib(hal.o)
    0x20000d19   COMPRESSED   0x00000003   PAD
    0x20000d1c        -       0x00000004   Zero   RW         2296    .bss._ZN8touchgfx3HAL8instanceE  touchgfx_core_wchar16.lib(hal.o)
    0x20000d20        -       0x00000001   Zero   RW         2298    .bss._ZN8touchgfx3HAL9isDrawingE  touchgfx_core_wchar16.lib(hal.o)
    0x20000d21   COMPRESSED   0x00000003   PAD
    0x20000d24        -       0x00000004   Zero   RW         2384    .bss._ZN8touchgfx3LCD12defaultColorE  touchgfx_core_wchar16.lib(lcd.o)
    0x20000d28        -       0x00000002   Zero   RW         1053    .bss._ZN8touchgfx5Texts15currentLanguageE  texts.o
    0x20000d2a   COMPRESSED   0x00000002   PAD
    0x20000d2c        -       0x00000004   Zero   RW         1355    .bss._ZN8touchgfx5paint12_GLOBAL__N_111blendL8CLUTE  touchgfxgeneratedhal.o
    0x20000d30        -       0x00000004   Zero   RW         2542    .bss._ZN8touchgfx9TypedText10typedTextsE  touchgfx_core_wchar16.lib(typedtext.o)
    0x20000d34        -       0x00000002   Zero   RW         2545    .bss._ZN8touchgfx9TypedText18numberOfTypedTextsE  touchgfx_core_wchar16.lib(typedtext.o)
    0x20000d36   COMPRESSED   0x00000002   PAD
    0x20000d38        -       0x00000004   Zero   RW         2544    .bss._ZN8touchgfx9TypedText5fontsE  touchgfx_core_wchar16.lib(typedtext.o)
    0x20000d3c        -       0x00000004   Zero   RW         2543    .bss._ZN8touchgfx9TypedText5textsE  touchgfx_core_wchar16.lib(typedtext.o)
    0x20000d40        -       0x00000001   Zero   RW         3300    .bss._ZN9libunwind17LocalAddressSpace17sThisAddressSpaceE  libunwind_wx.l(libunwind.cpp.o)
    0x20000d41   COMPRESSED   0x00000003   PAD
    0x20000d44        -       0x0000002c   Zero   RW         1018    .bss._ZZ23getFont_simfang_17_4bppvE15simfang_17_4bpp  table_simfang_17_4bpp.o
    0x20000d70        -       0x0000002c   Zero   RW         1030    .bss._ZZ23getFont_simfang_25_4bppvE15simfang_25_4bpp  table_simfang_25_4bpp.o
    0x20000d9c        -       0x0000002c   Zero   RW         1042    .bss._ZZ23getFont_simfang_40_4bppvE15simfang_40_4bpp  table_simfang_40_4bpp.o
    0x20000dc8        -       0x00000240   Zero   RW         1345    .bss._ZZN12FrontendHeap11getInstanceEvE8instance  touchgfxconfiguration.o
    0x20001008        -       0x00000001   Zero   RW         2299    .bss._ZZN8touchgfx3HAL4tickEvE12touchTickCnt  touchgfx_core_wchar16.lib(hal.o)
    0x20001009   COMPRESSED   0x00000003   PAD
    0x2000100c        -       0x00000004   Zero   RW          272    .bss.__stdout       debug32.o
    0x20001010        -       0x00000004   Zero   RW           84    .bss.boxInputQueueHandle  freertos.o
    0x20001014        -       0x00000004   Zero   RW           87    .bss.canTaskHandle  freertos.o
    0x20001018        -       0x00000004   Zero   RW           86    .bss.cctTaskHandle  freertos.o
    0x2000101c        -       0x00000004   Zero   RW           85    .bss.defaultTaskHandle  freertos.o
    0x20001020        -       0x00000028   Zero   RW          108    .bss.hcan1          can.o
    0x20001048        -       0x00000008   Zero   RW          116    .bss.hcrc           crc.o
    0x20001050        -       0x00000060   Zero   RW          170    .bss.hdma_usart3_rx  usart.o
    0x200010b0        -       0x00000010   Zero   RW          142    .bss.hrng           rng.o
    0x200010c0        -       0x00000058   Zero   RW          150    .bss.hspi2          spi.o
    0x20001118        -       0x00000050   Zero   RW          131    .bss.hsram1         fsmc.o
    0x20001168        -       0x00000050   Zero   RW          132    .bss.hsram2         fsmc.o
    0x200011b8        -       0x00000048   Zero   RW          194    .bss.htim14         stm32f4xx_hal_timebase_tim.o
    0x20001200        -       0x00000048   Zero   RW          158    .bss.htim2          tim.o
    0x20001248        -       0x00000048   Zero   RW          159    .bss.htim3          tim.o
    0x20001290        -       0x00000048   Zero   RW          160    .bss.htim4          tim.o
    0x200012d8        -       0x00000044   Zero   RW          168    .bss.huart3         usart.o
    0x2000131c        -       0x00000004   Zero   RW           92    .bss.inputTaskHandle  freertos.o
    0x20001320        -       0x00000004   Zero   RW          238    .bss.key_Parament   control_box.o
    0x20001324        -       0x00000004   Zero   RW           91    .bss.lcdTransferTaskHandle  freertos.o
    0x20001328        -       0x00000006   Zero   RW          211    .bss.lcddev         tft_lcd.o
    0x2000132e   COMPRESSED   0x00000002   PAD
    0x20001330        -       0x00000004   Zero   RW           88    .bss.lightEffectTaskHandle  freertos.o
    0x20001334        -       0x00000004   Zero   RW           89    .bss.menuTaskHandle  freertos.o
    0x20001338        -       0x000000a0   Zero   RW          512    .bss.prvCheckForValidListAndQueue.ucStaticTimerQueueStorage  timers.o
    0x200013d8        -       0x00000050   Zero   RW          511    .bss.prvCheckForValidListAndQueue.xStaticTimerQueue  timers.o
    0x20001428        -       0x00000004   Zero   RW          508    .bss.prvSampleTimeNow.xLastTime  timers.o
    0x2000142c        -       0x00000004   Zero   RW          474    .bss.pxCurrentTCB   tasks.o
    0x20001430        -       0x00000004   Zero   RW          506    .bss.pxCurrentTimerList  timers.o
    0x20001434        -       0x00000004   Zero   RW          482    .bss.pxDelayedTaskList  tasks.o
    0x20001438        -       0x00000004   Zero   RW          533    .bss.pxEnd          heap_4.o
    0x2000143c        -       0x00000004   Zero   RW          483    .bss.pxOverflowDelayedTaskList  tasks.o
    0x20001440        -       0x00000004   Zero   RW          507    .bss.pxOverflowTimerList  timers.o
    0x20001444        -       0x00000460   Zero   RW          485    .bss.pxReadyTasksLists  tasks.o
    0x200018a4        -       0x00000004   Zero   RW           82    .bss.sysDataQueue_AppHandle  freertos.o
    0x200018a8        -       0x00000004   Zero   RW           93    .bss.testTaskHandle  freertos.o
    0x200018ac        -       0x00000028   Zero   RW           95    .bss.test_info      freertos.o
    0x200018d4        -       0x0000000c   Zero   RW         1086    .bss.touchgfx_fonts  typedtextdatabase.o
    0x200018e0        -       0x0000ffff   Zero   RW          540    .bss.ucHeap         heap_4.o
    0x200118df        -       0x00000001   Zero   RW          548    .bss.ucMaxSysCallPriority  port.o
    0x200118e0        -       0x00000004   Zero   RW          549    .bss.ulMaxPRIGROUPValue  port.o
    0x200118e4        -       0x00000004   Zero   RW          363    .bss.uwTick         stm32f4xx_hal.o
    0x200118e8        -       0x00000004   Zero   RW          478    .bss.uxCurrentNumberOfTasks  tasks.o
    0x200118ec        -       0x00000004   Zero   RW          477    .bss.uxDeletedTasksWaitingCleanUp  tasks.o
    0x200118f0        -       0x00000004   Zero   RW          480    .bss.uxSchedulerSuspended  tasks.o
    0x200118f4        -       0x00000004   Zero   RW          475    .bss.uxTaskNumber   tasks.o
    0x200118f8        -       0x00000004   Zero   RW          486    .bss.uxTopReadyPriority  tasks.o
    0x200118fc        -       0x00000200   Zero   RW          523    .bss.vApplicationGetIdleTaskMemory.Idle_Stack  cmsis_os2.o
    0x20011afc        -       0x00000060   Zero   RW          522    .bss.vApplicationGetIdleTaskMemory.Idle_TCB  cmsis_os2.o
    0x20011b5c        -       0x00000400   Zero   RW          525    .bss.vApplicationGetTimerTaskMemory.Timer_Stack  cmsis_os2.o
    0x20011f5c        -       0x00000060   Zero   RW          524    .bss.vApplicationGetTimerTaskMemory.Timer_TCB  cmsis_os2.o
    0x20011fbc        -       0x00000004   Zero   RW           94    .bss.wirelessTaskHandle  freertos.o
    0x20011fc0        -       0x00000014   Zero   RW          509    .bss.xActiveTimerList1  timers.o
    0x20011fd4        -       0x00000014   Zero   RW          510    .bss.xActiveTimerList2  timers.o
    0x20011fe8        -       0x00000004   Zero   RW          534    .bss.xBlockAllocatedBit  heap_4.o
    0x20011fec        -       0x00000014   Zero   RW          494    .bss.xDelayedTaskList1  tasks.o
    0x20012000        -       0x00000014   Zero   RW          495    .bss.xDelayedTaskList2  tasks.o
    0x20012014        -       0x00000004   Zero   RW          535    .bss.xFreeBytesRemaining  heap_4.o
    0x20012018        -       0x00000004   Zero   RW          489    .bss.xIdleTaskHandle  tasks.o
    0x2001201c        -       0x00000004   Zero   RW          537    .bss.xMinimumEverFreeBytesRemaining  heap_4.o
    0x20012020        -       0x00000004   Zero   RW          490    .bss.xNextTaskUnblockTime  tasks.o
    0x20012024        -       0x00000004   Zero   RW          493    .bss.xNumOfOverflows  tasks.o
    0x20012028        -       0x00000004   Zero   RW          538    .bss.xNumberOfSuccessfulAllocations  heap_4.o
    0x2001202c        -       0x00000004   Zero   RW          539    .bss.xNumberOfSuccessfulFrees  heap_4.o
    0x20012030        -       0x00000004   Zero   RW          492    .bss.xPendedTicks   tasks.o
    0x20012034        -       0x00000014   Zero   RW          487    .bss.xPendingReadyList  tasks.o
    0x20012048        -       0x00000004   Zero   RW           83    .bss.xQueueLCDHandle  freertos.o
    0x2001204c        -       0x00000040   Zero   RW          459    .bss.xQueueRegistry  queue.o
    0x2001208c        -       0x00000004   Zero   RW          479    .bss.xSchedulerRunning  tasks.o
    0x20012090        -       0x00000008   Zero   RW          536    .bss.xStart         heap_4.o
    0x20012098        -       0x00000014   Zero   RW          484    .bss.xSuspendedTaskList  tasks.o
    0x200120ac        -       0x00000014   Zero   RW          476    .bss.xTasksWaitingTermination  tasks.o
    0x200120c0        -       0x00000004   Zero   RW          481    .bss.xTickCount     tasks.o
    0x200120c4        -       0x00000004   Zero   RW          503    .bss.xTimerQueue    timers.o
    0x200120c8        -       0x00000004   Zero   RW          505    .bss.xTimerTaskHandle  timers.o
    0x200120cc        -       0x00000004   Zero   RW          491    .bss.xYieldPending  tasks.o
    0x200120d0        -       0x00001000   Zero   RW            2    HEAP                startup_stm32f407xx.o
    0x200130d0        -       0x00001000   Zero   RW            1    STACK               startup_stm32f407xx.o


    Execution Region RW_RAM3 (Exec base: 0x60000000, Load base: 0x0803d6e8, Size: 0x00000000, Max: 0x00100000, ABSOLUTE)

    **** No section assigned to this execution region ****



  Load Region LR_ROM1 (Base: 0x90000000, Size: 0x0004b000, Max: 0x01000000, ABSOLUTE)

    Execution Region ER_ROM1 (Exec base: 0x90000000, Load base: 0x90000000, Size: 0x0004b000, Max: 0x01000000, ABSOLUTE)

    Exec Addr    Load Addr    Size         Type   Attr      Idx    E Section Name        Object

    0x90000000   0x90000000   0x0004b000   Data   RO          885    ExtFlashSection     image_r.o


==============================================================================

Image component sizes


      Code (inc. data)   RO Data    RW Data    ZI Data      Debug   Object Name

       180          0          0          0          0        961   algorithm_library.o
        38          0          0          0          0        737   app_touchgfx.o
       136          0         20          0          0       3160   applicationfontprovider.o
        16          0         20          0          0       2703   bitmapdatabase.o
        40          0          0          0          0      11147   cachedfont.o
      1496         20          0          0         48       8779   can.o
       304          0        616          0          0       1863   cct.o
      8706          6         17          0       1732      33106   cmsis_os2.o
       628          0          0          0          6       5151   control_box.o
       144          0          0          0          8       2513   crc.o
        54          0          0          0          4        814   debug32.o
       108          0          0          0          0       3642   dma.o
      1362          4        275          0        257       2335   esp32c3.o
      1748          0          0          0          0       7320   event_groups.o
         0          0        518          0          0       1627   font_simfang_17_4bpp_0.o
         0          0        944          0          0       1627   font_simfang_25_4bpp_0.o
         0          0       2526          0          0       1627   font_simfang_40_4bpp_0.o
      1446          0         25      20041       1087       3543   frame.o
      1430          0        603          0         92       7328   freertos.o
       308          0         76          0          0       9098   frontendapplication.o
      1502          0        840          0          0      18350   frontendapplicationbase.o
       678          0          0          0        168       5445   fsmc.o
       488          0         96          0          0      10293   generatedfont.o
       546          0          0          0          0       4245   gpio.o
      1322          0          0          0      65567       4353   heap_4.o
         0          0     307200          0          0        522   image_r.o
         0          0          4          0          0       4583   kerning_simfang_17_4bpp.o
         0          0          4          0          0       4583   kerning_simfang_25_4bpp.o
         0          0          4          0          0       4583   kerning_simfang_40_4bpp.o
       178          0         28          0          0       7397   keycontroller.o
       236          0         28          0          0       7562   knobcontroller.o
         0          0          4          0          0       1747   languagegb.o
       736         32          0          0          0       2050   light_effect.o
       304          0          0          0          0       2175   list.o
       496          0          0          0          0       6137   main.o
        24          0          0          0          0        928   model.o
       364          0        183          4          8       4132   oswrappers.o
      1196         16          0          4          5       3625   port.o
      5832          0          0          0         64      16597   queue.o
       178          0          0          0         16       2600   rng.o
       288          0         88          0          0       8368   screencctpresenter.o
       110          0         52          0          0       7287   screencctview.o
       740          0        232          0          0      27686   screencctviewbase.o
       388          0          0          0         88       4921   spi.o
        64         26        392          0       8192        916   startup_stm32f407xx.o
       248          0        165          0          0       7541   stm32dma.o
       772          0          0          5          4       6593   stm32f4xx_hal.o
      4398          0          0          0          0      10641   stm32f4xx_hal_can.o
      1450          0          0          0          0       8893   stm32f4xx_hal_cortex.o
       364          0          0          0          0       2639   stm32f4xx_hal_crc.o
      3332         22          8          0          0       8233   stm32f4xx_hal_dma.o
      1790          0          0          0          0       4997   stm32f4xx_hal_gpio.o
       108          0          0          0          0       3425   stm32f4xx_hal_msp.o
      3342          0          0          0          0       7353   stm32f4xx_hal_rcc.o
       868          0          0          0          0       3598   stm32f4xx_hal_rng.o
      9726          0          0          0          0      18617   stm32f4xx_hal_spi.o
      2082          0          0          0          0       7984   stm32f4xx_hal_sram.o
     25162        224          0          0          0      33360   stm32f4xx_hal_tim.o
      9618          0          0          0          0      14441   stm32f4xx_hal_tim_ex.o
       280          0          0          0         72       7113   stm32f4xx_hal_timebase_tim.o
     10018          0          0          0          0      18932   stm32f4xx_hal_uart.o
       304          0          0          0          0       4578   stm32f4xx_it.o
      1420          0          0          0          0       5697   stm32f4xx_ll_fsmc.o
        78          0         24          0          0       2816   stm32touchcontroller.o
       108          0          0         68          0       2488   system_data.o
       322          0         24          4          0       2554   system_stm32f4xx.o
       170          0        172          0         48       6233   table_simfang_17_4bpp.o
       170          0        172          0         48       6233   table_simfang_25_4bpp.o
       170          0        172          0         48       6233   table_simfang_40_4bpp.o
     10278         12          5          0       1280      23832   tasks.o
       660          0         14          0         14      14002   texts.o
      6112          4      15912          0          6      11037   tft_lcd.o
      1038          0          0          0        216       9007   tim.o
      2778         10         13          0        300      11107   timers.o
      1998          0        248          4        897      40567   touchgfxconfiguration.o
      1824          0        216          0          4      20482   touchgfxgeneratedhal.o
       182         16          0          0          0       3049   touchgfxgpio.o
       786          0        256          0          8      12781   touchgfxhal.o
       224          0         12          0         12       3494   typedtextdatabase.o
       782          0          0        520        166       7617   usart.o
      1304          0          0          0          0       3244   w25qx.o

    ----------------------------------------------------------------------
    138272        392     332262      20656      80484     631577   Object Totals
         0          0         48          0          0          0   (incl. Generated)
       192          0          6          6         19          0   (incl. Padding)

    ----------------------------------------------------------------------

      Code (inc. data)   RO Data    RW Data    ZI Data      Debug   Library Member Name

        58          0          0          0          0          0   __dczerorl.o
         8          0          0          0          0         68   __main.o
       392          4         17          0          0         92   __printf_flags_ss_wp.o
        14          0          0          0          0         68   __printf_wp.o
         0          0          0          0          0          0   __rtentry.o
        12          0          0          0          0          0   __rtentry2.o
         6          0          8          0          0          0   __rtentry4.o
        52          8          0          0          0          0   __scatter.o
        28          0          0          0          0          0   __scatter_zi.o
        72          0          0          0          0         96   _c16rtomb.o
         6          0          0          0          0          0   _printf_a.o
         6          0          0          0          0          0   _printf_c.o
        44          0          0          0          0        108   _printf_char.o
        48          6          0          0          0         96   _printf_char_common.o
        36          4          0          0          0         80   _printf_char_file.o
        40          0          0          0          0         68   _printf_charcount.o
         6          0          0          0          0          0   _printf_d.o
       120         16          0          0          0         92   _printf_dec.o
         6          0          0          0          0          0   _printf_e.o
         6          0          0          0          0          0   _printf_f.o
      1052          0          0          0          0        148   _printf_fp_dec.o
       764          8         38          0          0        100   _printf_fp_hex.o
       128         16          0          0          0         84   _printf_fp_infnan.o
         6          0          0          0          0          0   _printf_g.o
       148          4         40          0          0        160   _printf_hex_int_ll_ptr.o
         6          0          0          0          0          0   _printf_i.o
       178          0          0          0          0         88   _printf_intcommon.o
        10          0          0          0          0          0   _printf_l.o
         6          0          0          0          0          0   _printf_lc.o
        10          0          0          0          0          0   _printf_ll.o
         6          0          0          0          0          0   _printf_lld.o
         6          0          0          0          0          0   _printf_lli.o
         6          0          0          0          0          0   _printf_llo.o
         6          0          0          0          0          0   _printf_llu.o
         6          0          0          0          0          0   _printf_llx.o
       124         16          0          0          0         92   _printf_longlong_dec.o
         6          0          0          0          0          0   _printf_ls.o
         6          0          0          0          0          0   _printf_n.o
         6          0          0          0          0          0   _printf_o.o
       112          8          0          0          0        124   _printf_oct_int_ll.o
         6          0          0          0          0          0   _printf_p.o
        78          0          0          0          0        108   _printf_pad.o
         0          0          0          0          0          0   _printf_percent.o
         4          0          0          0          0          0   _printf_percent_end.o
         6          0          0          0          0          0   _printf_s.o
        82          0          0          0          0         80   _printf_str.o
        36          0          0          0          0         84   _printf_truncate.o
         6          0          0          0          0          0   _printf_u.o
        44          0          0          0          0        108   _printf_wchar.o
       188          6          8          0          0         92   _printf_wctomb.o
         6          0          0          0          0          0   _printf_x.o
        22          0          0          0          0         80   abort.o
         8          0          0          0          0         68   abs.o
        46          0          0          0          0         84   aeabi_atexit.o
        16          0          0          0          0         68   aeabi_memset4.o
       128         42          0          0          0         76   assert.o
        20          0          0          0          0         76   assert_puts.o
       228          4        148          0          0         96   bigflt0.o
      1936        128          0          0          0        668   btod.o
        10          0          0          0          0         68   cxa_atexit.o
        66          0          0          0          0         84   cxa_finalize.o
        48         34          0          0          0         76   defsig_abrt_inner.o
        14          0          0          0          0         80   defsig_abrt_outer.o
        10          0          0          0          0         68   defsig_exit.o
        50          0          0          0          0         88   defsig_general.o
        80         58          0          0          0         76   defsig_rtmem_inner.o
        14          0          0          0          0         80   defsig_rtmem_outer.o
        18          0          0          0          0         80   exit.o
         8          0          0          0          0         68   ferror.o
        94          0          0          0          0         80   h1_alloc.o
        52          0          0          0          0         68   h1_extend.o
        78          0          0          0          0         80   h1_free.o
        14          0          0          0          0         84   h1_init.o
       174          0          0          0          0         88   h1_memalign.o
         6          0          0          0          0        152   heapauxi.o
         4          0          0          0          0        136   hguard.o
         0          0          0          0          0          0   indicate_semi.o
        36          8          0          0          0         80   init_aeabi.o
       138          0          0          0          0        168   init_alloc.o
        44         10        272          0          0         76   lc_ctype_c.o
        44         10         28          0          0         76   lc_numeric_c.o
         2          0          0          0          0          0   libinit.o
        46          0          0          0          0          0   libinit2.o
         2          0          0          0          0          0   libshutdown.o
         8          0          0          0          0          0   libshutdown2.o
         8          4          0          0         96         68   libspace.o
       138          0          0          0          0         80   lludiv10.o
       240          0          0          0          0        100   lludivv7m.o
         0          0          0          0          0          0   maybetermalloc1.o
        24          4          0          0          0         84   printf.o
        16          4          0          0          0         76   rt_ctype_table.o
         8          4          0          0          0         68   rt_ddtor_pointer_addr_intlibspace.o
         8          4          0          0          0         68   rt_heap_descriptor_intlibspace.o
         8          4          0          0          0         68   rt_locale_intlibspace.o
        68          0          0          0          0         68   rt_memclr.o
        78          0          0          0          0         80   rt_memclr_w.o
       138          0          0          0          0         68   rt_memcpy_v6.o
       100          0          0          0          0         80   rt_memcpy_w.o
         2          0          0          0          0          0   rtexit.o
        10          0          0          0          0          0   rtexit2.o
       124          0          0          0          0         88   strcmpv7em.o
        36          0          0          0          0         80   strstr.o
        12          4          0          0          0         68   sys_exit.o
        74          0          0          0          0         80   sys_stackheap_outer.o
        14          0          0          0          0         76   sys_wrch.o
         2          0          0          0          0         68   use_no_semi.o
        98          4          0          0          0        140   d2f.o
       834         16          0          0          0        516   daddsub_clz.o
        84          0          0          0          0        244   dcmp.o
        24          0          0          0          0        116   dcmpi.o
       692        140          0          0          0        264   ddiv.o
       120          4          0          0          0        140   deqf.o
        94          4          0          0          0        140   dfix.o
        46          0          0          0          0        116   dflt_clz.o
       120          4          0          0          0        140   dgeqf.o
       120          4          0          0          0        140   dleqf.o
       340         12          0          0          0        152   dmul.o
       156          4          0          0          0        140   dnaninf.o
        12          0          0          0          0        116   dretinf.o
       108          0          0          0          0        128   drleqf.o
        86          4          0          0          0        132   f2d.o
       140          4          0          0          0        132   fnaninf.o
        26          0          0          0          0        116   fpinit.o
        10          0          0          0          0        116   fretinf.o
         4          0          0          0          0        116   printf1.o
         4          0          0          0          0        116   printf2.o
         0          0          0          0          0          0   usenofp.o
        16          0         16          0          0        436   new.cpp.o
         6          0          8          0          0         44   abort_message.cpp.o
         0          0          0          8          0          0   cxa_default_handlers.cpp.o
       786          4        204          0          0        576   cxa_exception.cpp.o
        20          0          8          0         12         52   cxa_exception_storage.cpp.o
       104         56         16          0          0         76   cxa_guard.cpp.o
       244        136         88          0          0        180   cxa_handlers.cpp.o
      2046         14        148          0          0        276   cxa_personality.cpp.o
        40         32          8          0          0         68   cxa_virtual.cpp.o
       352          0         24          0        516        164   fallback_malloc.cpp.o
      1106          0        292          0          0       1044   private_typeinfo.cpp.o
        32         20         79          0          0        196   stdlib_exception.cpp.o
         2          0         21          0          0        196   stdlib_typeinfo.cpp.o
      1954         14        112          0          0        540   Unwind-EHABI.cpp.o
        38          0          0          0          0          0   UnwindRegistersRestore.S.o
        46          0          0          0          0          0   UnwindRegistersSave.S.o
      2488        564        291          0          1        800   libunwind.cpp.o
       280         28          0          0          0        156   ceil.o
        48          0          0          0          0        124   fpclassify.o
       310         72        287          0          0          0   abstractpartition.o
      3962        100        420         20          8          0   application.o
      1190         44        233          0         36          0   bitmap.o
       180          0        176          0          0          0   box.o
       408          4        136          0          0          0   constfont.o
      1234        116        426          0          0          0   container.o
       220          8          0          0          0          0   displaytransformation.o
       708        160        262          0          0          0   dma.o
       402          4        168          0          0          0   drawable.o
       656          0         48          0          0          0   font.o
        12          4          0          0          4          0   fontmanager.o
       330         12        132          0          0          0   gestures.o
      3696        298       1225          0         17          0   hal.o
       190          0        140          0          0          0   image.o
      4162         58        349          0          4          0   lcd.o
     33634        698       2766        112        112          0   lcd16bpp.o
      1526         28        424          0          0          0   screen.o
       160         16          0          0          0          0   stm32_crc_lock.o
      2632        264        250          0          0          0   textprovider.o
       994         84          0          0          0          0   texturemaptypes.o
       566         12          0          0         44          0   touchcalibration.o
         0          0          0          0         14          0   typedtext.o

    ----------------------------------------------------------------------
     78604       3468       9318        140        880      14624   Library Totals
       126          0          2          0         16          0   (incl. Padding)

    ----------------------------------------------------------------------

      Code (inc. data)   RO Data    RW Data    ZI Data      Debug   Library Name

      8580        418        559          0         96       6476   c_w.l
      3118        200          0          0          0       3220   fz_wm.l
        16          0         16          0          0        436   libcpp_wx.l
      4738        262        896          8        528       2872   libcppabi_wx.l
      4526        578        403          0          1       1340   libunwind_wx.l
       328         28          0          0          0        280   m_wm.l
     57172       1982       7442        132        239          0   touchgfx_core_wchar16.lib

    ----------------------------------------------------------------------
     78604       3468       9318        140        880      14624   Library Totals

    ----------------------------------------------------------------------

==============================================================================


      Code (inc. data)   RO Data    RW Data    ZI Data      Debug   

    216876       3860     341580      20796      81364     638557   Grand Totals
    216876       3860     341580        360      81364     638557   ELF Image Totals (compressed)
    216876       3860     341580        360          0          0   ROM Totals

==============================================================================

    Total RO  Size (Code + RO Data)               558456 ( 545.37kB)
    Total RW  Size (RW Data + ZI Data)            102160 (  99.77kB)
    Total ROM Size (Code + RO Data + RW Data)     558816 ( 545.72kB)

==============================================================================

