<html>
<body>
<pre>
<h1>µVision Build Log</h1>
<h2>Tool Versions:</h2>
IDE-Version: ¦ÌVision V5.37.0.0
Copyright (C) 2022 ARM Ltd and ARM Germany GmbH. All rights reserved.
License Information: c 2540502, HP Inc., LIC=QF82M-XA3CE-DYQV3-AWARV-G69JJ-ZXQ6S
 
Tool Versions:
Toolchain:       MDK-ARM Plus  Version: 5.37.0.0
Toolchain Path:  C:\Keil_v5\ARM\ARMCLANG\Bin
C Compiler:      ArmClang.exe V6.18
Assembler:       Armasm.exe V6.18
Linker/Locator:  ArmLink.exe V6.18
Library Manager: ArmAr.exe V6.18
Hex Converter:   FromElf.exe V6.18
CPU DLL:         SARMCM3.DLL V5.37.0.0
Dialog DLL:      DCM.DLL V1.17.5.0
Target DLL:      CMSIS_AGDI.dll V1.33.12.0
Dialog DLL:      TCM.DLL V1.56.1.0
 
<h2>Project:</h2>
C:\scnu\LED1200\20220418\SCNULED1200\LY1200_master_20230413(single)\LY1200_master_20230413(single)\LY1200_APP_master\MDK-ARM\LY1200_APP_master.uvprojx
Project File Date:  04/25/2023

<h2>Output:</h2>
*** Using Compiler 'V6.18', folder: 'C:\Keil_v5\ARM\ARMCLANG\Bin'
Build target 'LY1200_APP_master'
compiling esp32c3.c...
linking...
LY1200_APP_master\LY1200_APP_master.sct(20): warning: L6314W: No section matches pattern *(.RAM3).
Program Size: Code=216876 RO-data=341580 RW-data=20796 ZI-data=81364  
Finished: 0 information, 1 warning and 0 error messages.
FromELF: creating hex file...
"LY1200_APP_master\LY1200_APP_master.axf" - 0 Error(s), 1 Warning(s).

<h2>Software Packages used:</h2>

Package Vendor: ARM
                http://www.keil.com/pack/ARM.CMSIS.5.9.0.pack
                ARM.CMSIS.5.9.0
                CMSIS (Common Microcontroller Software Interface Standard)
   * Component: CORE Version: 5.6.0

Package Vendor: Keil
                http://www.keil.com/pack/Keil.STM32F4xx_DFP.2.2.0.pack
                Keil.STM32F4xx_DFP.2.2.0
                STMicroelectronics STM32F4 Series Device Support, Drivers and Examples

<h2>Collection of Component include folders:</h2>
  ./RTE/_LY1200_APP_master
  C:/Users/25405/AppData/Local/Arm/Packs/ARM/CMSIS/5.9.0/CMSIS/Core/Include
  C:/Users/25405/AppData/Local/Arm/Packs/Keil/STM32F4xx_DFP/2.2.0/Drivers/CMSIS/Device/ST/STM32F4xx/Include

<h2>Collection of Component Files used:</h2>

   * Component: ARM::CMSIS:CORE:5.6.0
      Include file:  CMSIS/Core/Include/tz_context.h
Build Time Elapsed:  00:00:01
</pre>
</body>
</html>
