Component: Arm Compiler for Embedded 6.18 Tool: armlink [5e4cc100]

==============================================================================

Image Symbol Table

    Local Symbols

    Symbol Name                              Value     Ov Type        Size  Object(Section)

    ../clib/angel/boardlib.s                 0x00000000   Number         0  boardinit1.o ABSOLUTE
    ../clib/angel/boardlib.s                 0x00000000   Number         0  boardinit2.o ABSOLUTE
    ../clib/angel/boardlib.s                 0x00000000   Number         0  boardinit3.o ABSOLUTE
    ../clib/angel/boardlib.s                 0x00000000   Number         0  boardshut.o ABSOLUTE
    ../clib/angel/handlers.s                 0x00000000   Number         0  __scatter_copy.o ABSOLUTE
    ../clib/angel/handlers.s                 0x00000000   Number         0  __scatter_zi.o ABSOLUTE
    ../clib/angel/kernel.s                   0x00000000   Number         0  __rtentry.o ABSOLUTE
    ../clib/angel/kernel.s                   0x00000000   Number         0  __rtentry2.o ABSOLUTE
    ../clib/angel/kernel.s                   0x00000000   Number         0  __rtentry4.o ABSOLUTE
    ../clib/angel/kernel.s                   0x00000000   Number         0  rtexit.o ABSOLUTE
    ../clib/angel/kernel.s                   0x00000000   Number         0  rtexit2.o ABSOLUTE
    ../clib/angel/rt.s                       0x00000000   Number         0  aeabi_ldiv0.o ABSOLUTE
    ../clib/angel/rt.s                       0x00000000   Number         0  aeabi_ldiv0_sigfpe.o ABSOLUTE
    ../clib/angel/rt.s                       0x00000000   Number         0  rt_heap_descriptor.o ABSOLUTE
    ../clib/angel/rt.s                       0x00000000   Number         0  rt_heap_descriptor_intlibspace.o ABSOLUTE
    ../clib/angel/rt.s                       0x00000000   Number         0  rt_div0.o ABSOLUTE
    ../clib/angel/rt.s                       0x00000000   Number         0  rt_raise.o ABSOLUTE
    ../clib/angel/rt.s                       0x00000000   Number         0  rt_ddtor_pointer_addr.o ABSOLUTE
    ../clib/angel/rt.s                       0x00000000   Number         0  rt_ddtor_pointer_addr_intlibspace.o ABSOLUTE
    ../clib/angel/scatter.s                  0x00000000   Number         0  __scatter.o ABSOLUTE
    ../clib/angel/startup.s                  0x00000000   Number         0  __main.o ABSOLUTE
    ../clib/angel/sys.s                      0x00000000   Number         0  libspace.o ABSOLUTE
    ../clib/angel/sys.s                      0x00000000   Number         0  use_no_semi.o ABSOLUTE
    ../clib/angel/sys.s                      0x00000000   Number         0  mutex_dummy.o ABSOLUTE
    ../clib/angel/sys.s                      0x00000000   Number         0  indicate_semi.o ABSOLUTE
    ../clib/angel/sys.s                      0x00000000   Number         0  sys_stackheap_outer.o ABSOLUTE
    ../clib/angel/sysapp.c                   0x00000000   Number         0  sys_command.o ABSOLUTE
    ../clib/angel/sysapp.c                   0x00000000   Number         0  sys_command_hlt.o ABSOLUTE
    ../clib/angel/sysapp.c                   0x00000000   Number         0  sys_wrch.o ABSOLUTE
    ../clib/angel/sysapp.c                   0x00000000   Number         0  sys_exit.o ABSOLUTE
    ../clib/angel/sysapp.c                   0x00000000   Number         0  sys_wrch_hlt.o ABSOLUTE
    ../clib/angel/sysapp.c                   0x00000000   Number         0  sys_exit_hlt.o ABSOLUTE
    ../clib/arm_runtime.c                    0x00000000   Number         0  init_aeabi.o ABSOLUTE
    ../clib/arm_runtime.c                    0x00000000   Number         0  init_aeabi.o ABSOLUTE
    ../clib/armsys.c                         0x00000000   Number         0  _get_argv.o ABSOLUTE
    ../clib/armsys.c                         0x00000000   Number         0  argv_veneer.o ABSOLUTE
    ../clib/armsys.c                         0x00000000   Number         0  argv_veneer.o ABSOLUTE
    ../clib/armsys.c                         0x00000000   Number         0  _get_argv_nomalloc.o ABSOLUTE
    ../clib/armsys.c                         0x00000000   Number         0  no_argv.o ABSOLUTE
    ../clib/assert.c                         0x00000000   Number         0  assert.o ABSOLUTE
    ../clib/assert.c                         0x00000000   Number         0  assert_puts.o ABSOLUTE
    ../clib/heap1.c                          0x00000000   Number         0  h1_init.o ABSOLUTE
    ../clib/heap1.c                          0x00000000   Number         0  h1_alloc.o ABSOLUTE
    ../clib/heap1.c                          0x00000000   Number         0  h1_free.o ABSOLUTE
    ../clib/heap1.c                          0x00000000   Number         0  h1_extend.o ABSOLUTE
    ../clib/heap1.c                          0x00000000   Number         0  h1_memalign.o ABSOLUTE
    ../clib/heap1.c                          0x00000000   Number         0  h1_init_threads.o ABSOLUTE
[...]
    0x0803a334   0x0803a0a8   0x00000008   Data   RO         1403    .ARM.exidx.text._ZN8touchgfx17AbstractPartition7indexOfEPKv  touchgfx_core_wchar16.lib(abstractpartition.o)
    0x0803a33c   0x0803a0a8   0x00000008   Data   RO         1409    .ARM.exidx.text._ZN8touchgfx17AbstractPartition8allocateEt  touchgfx_core_wchar16.lib(abstractpartition.o)
    0x0803a344   0x0803a0a8   0x00000008   Data   RO         1407    .ARM.exidx.text._ZN8touchgfx17AbstractPartitionC2Ev  touchgfx_core_wchar16.lib(abstractpartition.o)
    0x0803a34c   0x0803a0a8   0x00000008   Data   RO         2093    .ARM.exidx.text._ZN8touchgfx17LockFreeDMA_Queue3popEv  touchgfx_core_wchar16.lib(dma.o)
    0x0803a354   0x0803a0a8   0x00000008   Data   RO         2095    .ARM.exidx.text._ZN8touchgfx17LockFreeDMA_Queue5firstEv  touchgfx_core_wchar16.lib(dma.o)
    0x0803a35c   0x0803a0a8   0x00000008   Data   RO         2299    .ARM.exidx.text._ZN8touchgfx3HAL10getDMATypeEv  touchgfx_core_wchar16.lib(hal.o)
    0x0803a364   0x0803a0a8   0x00000008   Data   RO         2190    .ARM.exidx.text._ZN8touchgfx3HAL10initializeEv  touchgfx_core_wchar16.lib(hal.o)
    0x0803a36c   0x0803a0a8   0x00000008   Data   RO         2283    .ARM.exidx.text._ZN8touchgfx3HAL11getBlitCapsEv  touchgfx_core_wchar16.lib(hal.o)
    0x0803a374   0x0803a0a8   0x00000008   Data   RO          765    .ARM.exidx.text._ZN8touchgfx3HAL11getInstanceEv  frontendapplicationbase.o
    0x0803a37c   0x0803a0a8   0x00000008   Data   RO         2234    .ARM.exidx.text._ZN8touchgfx3HAL12blitCopyWordEPKttttttt  touchgfx_core_wchar16.lib(hal.o)
    0x0803a384   0x0803a0a8   0x00000008   Data   RO         2236    .ARM.exidx.text._ZN8touchgfx3HAL12blitFillWordEtttttt  touchgfx_core_wchar16.lib(hal.o)
    0x0803a38c   0x0803a0a8   0x00000008   Data   RO         2228    .ARM.exidx.text._ZN8touchgfx3HAL13blitCopyGlyphEPKhtttttNS_9colortypeEhNS_14BlitOperationsEb  touchgfx_core_wchar16.lib(hal.o)
    0x0803a394   0x0803a0a8   0x00000008   Data   RO         2303    .ARM.exidx.text._ZN8touchgfx3HAL15InvalidateCacheEv  touchgfx_core_wchar16.lib(hal.o)
    0x0803a39c   0x0803a0a8   0x00000008   Data   RO         2285    .ARM.exidx.text._ZN8touchgfx3HAL15backPorchExitedEv  touchgfx_core_wchar16.lib(hal.o)
    0x0803a3a4   0x0803a0a8   0x00000008   Data   RO         2232    .ARM.exidx.text._ZN8touchgfx3HAL16blitCopyARGB8888EPKtttttthb  touchgfx_core_wchar16.lib(hal.o)
    0x0803a3ac   0x0803a0a8   0x00000008   Data   RO         2202    .ARM.exidx.text._ZN8touchgfx3HAL16flushFrameBufferERKNS_4RectE  touchgfx_core_wchar16.lib(hal.o)
    0x0803a3b4   0x0803a0a8   0x00000008   Data   RO         2256    .ARM.exidx.text._ZN8touchgfx3HAL16swapFrameBuffersEv  touchgfx_core_wchar16.lib(hal.o)
    0x0803a3bc   0x0803a0a8   0x00000008   Data   RO         2204    .ARM.exidx.text._ZN8touchgfx3HAL17allowDMATransfersEv  touchgfx_core_wchar16.lib(hal.o)
    0x0803a3c4   0x0803a0a8   0x00000008   Data   RO         2297    .ARM.exidx.text._ZN8touchgfx3HAL17getTFTCurrentLineEv  touchgfx_core_wchar16.lib(hal.o)
    0x0803a3cc   0x0803a0a8   0x00000008   Data   RO         2214    .ARM.exidx.text._ZN8touchgfx3HAL17unlockFrameBufferEv  touchgfx_core_wchar16.lib(hal.o)
    0x0803a3d4   0x0803a0a8   0x00000008   Data   RO         2281    .ARM.exidx.text._ZN8touchgfx3HAL18setFrameBufferSizeEtt  touchgfx_core_wchar16.lib(hal.o)
    0x0803a3dc   0x0803a0a8   0x00000008   Data   RO         2210    .ARM.exidx.text._ZN8touchgfx3HAL18setRenderingMethodENS0_15RenderingMethodE  touchgfx_core_wchar16.lib(hal.o)
    0x0803a3e4   0x0803a0a8   0x00000008   Data   RO         2291    .ARM.exidx.text._ZN8touchgfx3HAL19setAnimationStorageEPv  touchgfx_core_wchar16.lib(hal.o)
    0x0803a3ec   0x0803a0a8   0x00000008   Data   RO         2244    .ARM.exidx.text._ZN8touchgfx3HAL20copyFBRegionToMemoryENS_4RectE  touchgfx_core_wchar16.lib(hal.o)
    0x0803a3f4   0x0803a0a8   0x00000008   Data   RO         2273    .ARM.exidx.text._ZN8touchgfx3HAL20getClientFrameBufferEv  touchgfx_core_wchar16.lib(hal.o)
    0x0803a3fc   0x0803a0a8   0x00000008   Data   RO         2242    .ARM.exidx.text._ZN8touchgfx3HAL21registerEventListenerERNS_15UIEventListenerE  touchgfx_core_wchar16.lib(hal.o)
    0x0803a404   0x0803a0a8   0x00000008   Data   RO         2279    .ARM.exidx.text._ZN8touchgfx3HAL21setDisplayOrientationENS_18DisplayOrientationE  touchgfx_core_wchar16.lib(hal.o)
    0x0803a40c   0x0803a0a8   0x00000008   Data   RO         2248    .ARM.exidx.text._ZN8touchgfx3HAL25copyFromTFTToClientBufferENS_4RectE  touchgfx_core_wchar16.lib(hal.o)
    0x0803a414   0x0803a0a8   0x00000008   Data   RO         2216    .ARM.exidx.text._ZN8touchgfx3HAL27configurePartialFrameBufferEtttt  touchgfx_core_wchar16.lib(hal.o)
    0x0803a41c   0x0803a0a8   0x00000008   Data   RO         2196    .ARM.exidx.text._ZN8touchgfx3HAL27drawDrawableInDynamicBitmapERNS_8DrawableEt  touchgfx_core_wchar16.lib(hal.o)
    0x0803a424   0x0803a0a8   0x00000008   Data   RO         2194    .ARM.exidx.text._ZN8touchgfx3HAL27drawDrawableInDynamicBitmapERNS_8DrawableEtRKNS_4RectE  touchgfx_core_wchar16.lib(hal.o)
    0x0803a42c   0x0803a0a8   0x00000008   Data   RO         2289    .ARM.exidx.text._ZN8touchgfx3HAL28setFrameBufferStartAddressesEPvS1_S1_  touchgfx_core_wchar16.lib(hal.o)
    0x0803a434   0x0803a0a8   0x00000008   Data   RO         2301    .ARM.exidx.text._ZN8touchgfx3HAL31performDisplayOrientationChangeEv  touchgfx_core_wchar16.lib(hal.o)
    0x0803a43c   0x0803a0a8   0x00000008   Data   RO         2198    .ARM.exidx.text._ZN8touchgfx3HAL4tickEv  touchgfx_core_wchar16.lib(hal.o)
    0x0803a444   0x0803a0a8   0x00000008   Data   RO         2258    .ARM.exidx.text._ZN8touchgfx3HAL5touchEii  touchgfx_core_wchar16.lib(hal.o)
    0x0803a44c   0x0803a0a8   0x00000008   Data   RO         2260    .ARM.exidx.text._ZN8touchgfx3HAL7noTouchEv  touchgfx_core_wchar16.lib(hal.o)
    0x0803a454   0x0803a0a8   0x00000008   Data   RO         2220    .ARM.exidx.text._ZN8touchgfx3HAL8blitCopyEPKtPKhttttthbtNS_6Bitmap12BitmapFormatES6_b  touchgfx_core_wchar16.lib(hal.o)
    0x0803a45c   0x0803a0a8   0x00000008   Data   RO         2226    .ARM.exidx.text._ZN8touchgfx3HAL8blitCopyEPKtttttthbb  touchgfx_core_wchar16.lib(hal.o)
    0x0803a464   0x0803a0a8   0x00000008   Data   RO         2224    .ARM.exidx.text._ZN8touchgfx3HAL8blitCopyEPKtttttthbtNS_6Bitmap12BitmapFormatES4_b  touchgfx_core_wchar16.lib(hal.o)
    0x0803a46c   0x0803a0a8   0x00000008   Data   RO         2240    .ARM.exidx.text._ZN8touchgfx3HAL8blitFillENS_9colortypeEtttthb  touchgfx_core_wchar16.lib(hal.o)
    0x0803a474   0x0803a0a8   0x00000008   Data   RO         2238    .ARM.exidx.text._ZN8touchgfx3HAL8blitFillENS_9colortypeEtttthtNS_6Bitmap12BitmapFormatEb  touchgfx_core_wchar16.lib(hal.o)
    0x0803a47c   0x0803a0a8   0x00000008   Data   RO         2254    .ARM.exidx.text._ZN8touchgfx3HAL8endFrameEv  touchgfx_core_wchar16.lib(hal.o)
    0x0803a484   0x0803a0a8   0x00000008   Data   RO         2206    .ARM.exidx.text._ZN8touchgfx3HAL8flushDMAEv  touchgfx_core_wchar16.lib(hal.o)
    0x0803a48c   0x0803a0a8   0x00000008   Data   RO         2218    .ARM.exidx.text._ZN8touchgfx3HAL9blockCopyEPvPKvj  touchgfx_core_wchar16.lib(hal.o)
    0x0803a494   0x0803a0a8   0x00000008   Data   RO         2295    .ARM.exidx.text._ZN8touchgfx3HAL9taskDelayEt  touchgfx_core_wchar16.lib(hal.o)
    0x0803a49c   0x0803a0a8   0x00000008   Data   RO         2192    .ARM.exidx.text._ZN8touchgfx3HAL9taskEntryEv  touchgfx_core_wchar16.lib(hal.o)
    0x0803a4a4   0x0803a0a8   0x00000008   Data   RO         1246    .ARM.exidx.text._ZN8touchgfx3HALC2ERNS_13DMA_InterfaceERNS_3LCDERNS_15TouchControllerEtt  touchgfxconfiguration.o
    0x0803a4ac   0x0803a0a8   0x00000008   Data   RO         2322    .ARM.exidx.text._ZN8touchgfx3LCD11stringWidthERNS_12TextProviderERKNS_4FontEih  touchgfx_core_wchar16.lib(lcd.o)
    0x0803a4b4   0x0803a0a8   0x00000008   Data   RO         2330    .ARM.exidx.text._ZN8touchgfx3LCD13drawStringLTRERKNS_4RectES3_RKNS0_13StringVisualsEPKtSt9__va_list  touchgfx_core_wchar16.lib(lcd.o)
    0x0803a4bc   0x0803a0a8   0x00000008   Data   RO         1720    .ARM.exidx.text._ZN8touchgfx3LCD14getAlphaFromA4EPKtj  touchgfx_core_wchar16.lib(lcd16bpp.o)
    0x0803a4c4   0x0803a0a8   0x00000008   Data   RO         2332    .ARM.exidx.text._ZN8touchgfx3LCD18drawStringInternalEPtPKNS_4RectEssRS3_PKNS0_13StringVisualsEhRNS_12TextProviderEib  touchgfx_core_wchar16.lib(lcd.o)
    0x0803a4cc   0x0803a0a8   0x00000008   Data   RO         2348    .ARM.exidx.text._ZN8touchgfx3LCD18drawTextureMapQuadERKNS_14DrawingSurfaceEPKNS_7Point3DERKNS_14TextureSurfaceERKNS_4RectESC_tht  touchgfx_core_wchar16.lib(lcd.o)
    0x0803a4d4   0x0803a0a8   0x00000008   Data   RO         2326    .ARM.exidx.text._ZN8touchgfx3LCD22WideTextInternalStruct23scanStringLengthForLineEv  touchgfx_core_wchar16.lib(lcd.o)
    0x0803a4dc   0x0803a0a8   0x00000008   Data   RO         2340    .ARM.exidx.text._ZN8touchgfx3LCD22WideTextInternalStruct7addWordEttt  touchgfx_core_wchar16.lib(lcd.o)
    0x0803a4e4   0x0803a0a8   0x00000008   Data   RO         2357    .ARM.exidx.text._ZN8touchgfx3LCD22WideTextInternalStructC2ERNS_12TextProviderEtthPKNS_4FontEsNS_14WideTextActionE  touchgfx_core_wchar16.lib(lcd.o)
    0x0803a4ec   0x0803a0a8   0x00000008   Data   RO         2352    .ARM.exidx.text._ZN8touchgfx3LCD22drawTextureMapScanLineERKNS_14DrawingSurfaceERKNS_9GradientsEPKNS_4EdgeES9_RKNS_14TextureSurfaceERKNS_4RectESF_tht  touchgfx_core_wchar16.lib(lcd.o)
    0x0803a4f4   0x0803a0a8   0x00000008   Data   RO         2346    .ARM.exidx.text._ZN8touchgfx3LCD22drawTextureMapTriangleERKNS_14DrawingSurfaceEPKNS_7Point3DERKNS_14TextureSurfaceERKNS_4RectESC_tht  touchgfx_core_wchar16.lib(lcd.o)
    0x0803a4fc   0x0803a0a8   0x00000008   Data   RO         1662    .ARM.exidx.text._ZN8touchgfx3LCD26DrawTextureMapScanLineBase29drawTextureMapNextSubdivisionERfS2_S2_S2_S2_S2_fS2_fS2_fiRiS3_S3_S3_  touchgfx_core_wchar16.lib(lcd16bpp.o)
    0x0803a504   0x0803a0a8   0x00000008   Data   RO         1656    .ARM.exidx.text._ZN8touchgfx3LCD26DrawTextureMapScanLineBaseD2Ev  touchgfx_core_wchar16.lib(lcd16bpp.o)
    0x0803a50c   0x0803a0a8   0x00000008   Data   RO         1738    .ARM.exidx.text._ZN8touchgfx3LCD27supportDynamicBitmapDrawingENS_6Bitmap12BitmapFormatE  touchgfx_core_wchar16.lib(lcd16bpp.o)
    0x0803a514   0x0803a0a8   0x00000008   Data   RO         2342    .ARM.exidx.text._ZN8touchgfx3LCD5realXERKNS_4RectEssNS_12TextRotationE  touchgfx_core_wchar16.lib(lcd.o)
    0x0803a51c   0x0803a0a8   0x00000008   Data   RO         2359    .ARM.exidx.text._ZN8touchgfx4Edge4stepEi  touchgfx_core_wchar16.lib(lcd.o)
    0x0803a524   0x0803a0a8   0x00000008   Data   RO         2361    .ARM.exidx.text._ZN8touchgfx4Edge4stepEv  touchgfx_core_wchar16.lib(lcd.o)
    0x0803a52c   0x0803a0a8   0x00000008   Data   RO         1650    .ARM.exidx.text._ZN8touchgfx4RectaNERKS0_  touchgfx_core_wchar16.lib(lcd16bpp.o)
    0x0803a534   0x0803a0a8   0x00000008   Data   RO          805    .ARM.exidx.text._ZN8touchgfx4ViewI18ScreenCCTPresenterE4bindERS1_  frontendapplicationbase.o
    0x0803a53c   0x0803a0a8   0x00000008   Data   RO         2308    .ARM.exidx.text._ZN8touchgfx5Image9setBitmapERKNS_6BitmapE  touchgfx_core_wchar16.lib(image.o)
    0x0803a544   0x0803a0a8   0x00000008   Data   RO          899    .ARM.exidx.text._ZN8touchgfx5ImageC2ERKNS_6BitmapE  screencctviewbase.o
    0x0803a54c   0x0803a0a8   0x00000008   Data   RO         2385    .ARM.exidx.text._ZN8touchgfx6Screen14bindTransitionERNS_10TransitionE  touchgfx_core_wchar16.lib(screen.o)
    0x0803a554   0x0803a0a8   0x00000008   Data   RO         2412    .ARM.exidx.text._ZN8touchgfx6Screen14handleKeyEventEh  touchgfx_core_wchar16.lib(screen.o)
    0x0803a55c   0x0803a0a8   0x00000008   Data   RO         2380    .ARM.exidx.text._ZN8touchgfx6Screen15handleDragEventERKNS_9DragEventE  touchgfx_core_wchar16.lib(screen.o)
    0x0803a564   0x0803a0a8   0x00000008   Data   RO         2410    .ARM.exidx.text._ZN8touchgfx6Screen15handleTickEventEv  touchgfx_core_wchar16.lib(screen.o)
    0x0803a56c   0x0803a0a8   0x00000008   Data   RO         2377    .ARM.exidx.text._ZN8touchgfx6Screen16handleClickEventERKNS_10ClickEventE  touchgfx_core_wchar16.lib(screen.o)
    0x0803a574   0x0803a0a8   0x00000008   Data   RO         2383    .ARM.exidx.text._ZN8touchgfx6Screen18handleGestureEventERKNS_12GestureEventE  touchgfx_core_wchar16.lib(screen.o)
    0x0803a57c   0x0803a0a8   0x00000008   Data   RO          907    .ARM.exidx.text._ZN8touchgfx6Screen3addERNS_8DrawableE  screencctviewbase.o
    0x0803a584   0x0803a0a8   0x00000008   Data   RO         2368    .ARM.exidx.text._ZN8touchgfx6Screen4drawERNS_4RectE  touchgfx_core_wchar16.lib(screen.o)
    0x0803a58c   0x0803a0a8   0x00000008   Data   RO         2372    .ARM.exidx.text._ZN8touchgfx6Screen4drawEv  touchgfx_core_wchar16.lib(screen.o)
    0x0803a594   0x0803a0a8   0x00000008   Data   RO         2374    .ARM.exidx.text._ZN8touchgfx6Screen5JSMOCERKNS_4RectEPNS_8DrawableE  touchgfx_core_wchar16.lib(screen.o)
    0x0803a59c   0x0803a0a8   0x00000008   Data   RO         2370    .ARM.exidx.text._ZN8touchgfx6Screen9startSMOCERKNS_4RectE  touchgfx_core_wchar16.lib(screen.o)
    0x0803a5a4   0x0803a0a8   0x00000008   Data   RO         2366    .ARM.exidx.text._ZN8touchgfx6ScreenC2Ev  touchgfx_core_wchar16.lib(screen.o)
    0x0803a5ac   0x0803a0a8   0x00000008   Data   RO         2402    .ARM.exidx.text._ZN8touchgfx6ScreenD0Ev  touchgfx_core_wchar16.lib(screen.o)
    0x0803a5b4   0x0803a0a8   0x00000008   Data   RO         1990    .ARM.exidx.text._ZN8touchgfx6Widget12getLastChildEssPPNS_8DrawableE  touchgfx_core_wchar16.lib(box.o)
    0x0803a5bc   0x0803a0a8   0x00000008   Data   RO          915    .ARM.exidx.text._ZN8touchgfx6WidgetC2Ev  screencctviewbase.o
    0x0803a5c4   0x0803a0a8   0x00000008   Data   RO         2156    .ARM.exidx.text._ZN8touchgfx8Drawable11setPositionEssss  touchgfx_core_wchar16.lib(drawable.o)
    0x0803a5cc   0x0803a0a8   0x00000008   Data   RO         2151    .ARM.exidx.text._ZN8touchgfx8Drawable12moveRelativeEss  touchgfx_core_wchar16.lib(drawable.o)
    0x0803a5d4   0x0803a0a8   0x00000008   Data   RO         2392    .ARM.exidx.text._ZN8touchgfx8Drawable13getCachedAbsXEv  touchgfx_core_wchar16.lib(screen.o)
    0x0803a5dc   0x0803a0a8   0x00000008   Data   RO         1988    .ARM.exidx.text._ZN8touchgfx8Drawable13getFirstChildEv  touchgfx_core_wchar16.lib(box.o)
    0x0803a5e4   0x0803a0a8   0x00000008   Data   RO         2315    .ARM.exidx.text._ZN8touchgfx8Drawable14setWidthHeightERKNS_6BitmapE  touchgfx_core_wchar16.lib(image.o)
    0x0803a5ec   0x0803a0a8   0x00000008   Data   RO         2162    .ARM.exidx.text._ZN8touchgfx8Drawable14setWidthHeightEss  touchgfx_core_wchar16.lib(drawable.o)
    0x0803a5f4   0x0803a0a8   0x00000008   Data   RO         2012    .ARM.exidx.text._ZN8touchgfx8Drawable14setupDrawChainERKNS_4RectEPPS0_  touchgfx_core_wchar16.lib(box.o)
    0x0803a5fc   0x0803a0a8   0x00000008   Data   RO         2006    .ARM.exidx.text._ZN8touchgfx8Drawable15handleDragEventERKNS_9DragEventE  touchgfx_core_wchar16.lib(box.o)
    0x0803a604   0x0803a0a8   0x00000008   Data   RO         2390    .ARM.exidx.text._ZN8touchgfx8Drawable20getCachedVisibleRectEv  touchgfx_core_wchar16.lib(screen.o)
    0x0803a60c   0x0803a0a8   0x00000008   Data   RO         2141    .ARM.exidx.text._ZN8touchgfx8Drawable20getSolidRectAbsoluteEv  touchgfx_core_wchar16.lib(drawable.o)
    0x0803a614   0x0803a0a8   0x00000008   Data   RO         1992    .ARM.exidx.text._ZN8touchgfx8Drawable4setXEs  touchgfx_core_wchar16.lib(box.o)
    0x0803a61c   0x0803a0a8   0x00000008   Data   RO         2158    .ARM.exidx.text._ZN8touchgfx8Drawable5setXYEss  touchgfx_core_wchar16.lib(drawable.o)
    0x0803a624   0x0803a0a8   0x00000008   Data   RO         2010    .ARM.exidx.text._ZN8touchgfx8Drawable6moveToEss  touchgfx_core_wchar16.lib(box.o)
    0x0803a62c   0x0803a0a8   0x00000008   Data   RO         1996    .ARM.exidx.text._ZN8touchgfx8Drawable8setWidthEs  touchgfx_core_wchar16.lib(box.o)
    0x0803a634   0x0803a0a8   0x00000008   Data   RO         2605    .ARM.exidx.text._ZN8touchgfx8Gestures17registerDragEventEtttt  touchgfx_core_wchar16.lib(gestures.o)
    0x0803a63c   0x0803a0a8   0x00000008   Data   RO         2608    .ARM.exidx.text._ZN8touchgfx8Gestures18registerClickEventENS_10ClickEvent14ClickEventTypeEtt  touchgfx_core_wchar16.lib(gestures.o)
    0x0803a644   0x0803a0a8   0x00000008   Data   RO         2600    .ARM.exidx.text._ZN8touchgfx8Gestures21registerEventListenerERNS_15UIEventListenerE  touchgfx_core_wchar16.lib(gestures.o)
    0x0803a64c   0x0803a0a8   0x00000008   Data   RO         1426    .ARM.exidx.text._ZN8touchgfx8LCD16bpp10blitCopyL8EPKhS2_RKNS_4RectES5_h  touchgfx_core_wchar16.lib(lcd16bpp.o)
    0x0803a654   0x0803a0a8   0x00000008   Data   RO         1702    .ARM.exidx.text._ZN8touchgfx8LCD16bpp10div255_565Eth  touchgfx_core_wchar16.lib(lcd16bpp.o)
    0x0803a65c   0x0803a0a8   0x00000008   Data   RO         1688    .ARM.exidx.text._ZN8touchgfx8LCD16bpp10div255_888Ejh  touchgfx_core_wchar16.lib(lcd16bpp.o)
    0x0803a664   0x0803a0a8   0x00000008   Data   RO         1448    .ARM.exidx.text._ZN8touchgfx8LCD16bpp10fillBufferEPhtRKNS_4RectENS_9colortypeEh  touchgfx_core_wchar16.lib(lcd16bpp.o)
    0x0803a66c   0x0803a0a8   0x00000008   Data   RO         1424    .ARM.exidx.text._ZN8touchgfx8LCD16bpp14blitCopyRGB888EPKhRKNS_4RectES5_h  touchgfx_core_wchar16.lib(lcd16bpp.o)
    0x0803a674   0x0803a0a8   0x00000008   Data   RO         1644    .ARM.exidx.text._ZN8touchgfx8LCD16bpp14getNativeColorENS_9colortypeE  touchgfx_core_wchar16.lib(lcd16bpp.o)
    0x0803a67c   0x0803a0a8   0x00000008   Data   RO         1420    .ARM.exidx.text._ZN8touchgfx8LCD16bpp16blitCopyARGB8888EPKjRKNS_4RectES5_h  touchgfx_core_wchar16.lib(lcd16bpp.o)
    0x0803a684   0x0803a0a8   0x00000008   Data   RO         1430    .ARM.exidx.text._ZN8touchgfx8LCD16bpp17blitCopyL8_RGB565EPKhS2_RKNS_4RectES5_h  touchgfx_core_wchar16.lib(lcd16bpp.o)
    0x0803a68c   0x0803a0a8   0x00000008   Data   RO         1434    .ARM.exidx.text._ZN8touchgfx8LCD16bpp17blitCopyL8_RGB888EPKhS2_RKNS_4RectES5_h  touchgfx_core_wchar16.lib(lcd16bpp.o)
    0x0803a694   0x0803a0a8   0x00000008   Data   RO         1418    .ARM.exidx.text._ZN8touchgfx8LCD16bpp17drawPartialBitmapERKNS_6BitmapEssRKNS_4RectEhb  touchgfx_core_wchar16.lib(lcd16bpp.o)
    0x0803a69c   0x0803a0a8   0x00000008   Data   RO         1804    .ARM.exidx.text._ZN8touchgfx8LCD16bpp18div255_565_FFcheckEth  touchgfx_core_wchar16.lib(lcd16bpp.o)
    0x0803a6a4   0x0803a0a8   0x00000008   Data   RO         1800    .ARM.exidx.text._ZN8touchgfx8LCD16bpp18div255_888_FFcheckEjh  touchgfx_core_wchar16.lib(lcd16bpp.o)
    0x0803a6ac   0x0803a0a8   0x00000008   Data   RO         1432    .ARM.exidx.text._ZN8touchgfx8LCD16bpp19blitCopyL8_ARGB8888EPKhS2_RKNS_4RectES5_h  touchgfx_core_wchar16.lib(lcd16bpp.o)
    0x0803a6b4   0x0803a0a8   0x00000008   Data   RO         1802    .ARM.exidx.text._ZN8touchgfx8LCD16bpp20bilinearInterpolate8Ehhh  touchgfx_core_wchar16.lib(lcd16bpp.o)
    0x0803a6bc   0x0803a0a8   0x00000008   Data   RO         1428    .ARM.exidx.text._ZN8touchgfx8LCD16bpp21blitCopyAlphaPerPixelEPKtPKhRKNS_4RectES7_h  touchgfx_core_wchar16.lib(lcd16bpp.o)
    0x0803a6c4   0x0803a0a8   0x00000008   Data   RO         1458    .ARM.exidx.text._ZN8touchgfx8LCD16bpp21enableTextureMapperA4Ev  touchgfx_core_wchar16.lib(lcd16bpp.o)
    0x0803a6cc   0x0803a0a8   0x00000008   Data   RO         1668    .ARM.exidx.text._ZN8touchgfx8LCD16bpp22bilinearInterpolate565Etttthh  touchgfx_core_wchar16.lib(lcd16bpp.o)
    0x0803a6d4   0x0803a0a8   0x00000008   Data   RO         1690    .ARM.exidx.text._ZN8touchgfx8LCD16bpp22bilinearInterpolate888Ejjjjhh  touchgfx_core_wchar16.lib(lcd16bpp.o)
    0x0803a6dc   0x0803a0a8   0x00000008   Data   RO         1444    .ARM.exidx.text._ZN8touchgfx8LCD16bpp29copyAreaFromTFTToClientBufferERKNS_4RectE  touchgfx_core_wchar16.lib(lcd16bpp.o)
    0x0803a6e4   0x0803a0a8   0x00000008   Data   RO         1442    .ARM.exidx.text._ZN8touchgfx8LCD16bpp29copyFrameBufferRegionToMemoryERKNS_4RectES3_Phss  touchgfx_core_wchar16.lib(lcd16bpp.o)
    0x0803a6ec   0x0803a0a8   0x00000008   Data   RO         1440    .ARM.exidx.text._ZN8touchgfx8LCD16bpp29copyFrameBufferRegionToMemoryERKNS_4RectES3_t  touchgfx_core_wchar16.lib(lcd16bpp.o)
    0x0803a6f4   0x0803a0a8   0x00000008   Data   RO         1462    .ARM.exidx.text._ZN8touchgfx8LCD16bpp30enableTextureMapperL8_ARGB8888Ev  touchgfx_core_wchar16.lib(lcd16bpp.o)
    0x0803a6fc   0x0803a0a8   0x00000008   Data   RO         1597    .ARM.exidx.text._ZN8touchgfx8LCD16bpp35TextureMapper_A4_NearestNeighbor_GA34drawTextureMapScanLineSubdivisionsEiiiifffiiiifffffRKNS_14DrawingSurfaceEiiRKNS_14TextureSurfaceEhfff  touchgfx_core_wchar16.lib(lcd16bpp.o)
    0x0803a704   0x0803a0a8   0x00000008   Data   RO         1794    .ARM.exidx.text._ZN8touchgfx8LCD16bpp35TextureMapper_A4_NearestNeighbor_GAD0Ev  touchgfx_core_wchar16.lib(lcd16bpp.o)
    0x0803a70c   0x0803a0a8   0x00000008   Data   RO         1600    .ARM.exidx.text._ZN8touchgfx8LCD16bpp37TextureMapper_A4_NearestNeighbor_NoGA34drawTextureMapScanLineSubdivisionsEiiiifffiiiifffffRKNS_14DrawingSurfaceEiiRKNS_14TextureSurfaceEhfff  touchgfx_core_wchar16.lib(lcd16bpp.o)
    0x0803a714   0x0803a0a8   0x00000008   Data   RO         1796    .ARM.exidx.text._ZN8touchgfx8LCD16bpp37TextureMapper_A4_NearestNeighbor_NoGAD0Ev  touchgfx_core_wchar16.lib(lcd16bpp.o)
    0x0803a71c   0x0803a0a8   0x00000008   Data   RO         1603    .ARM.exidx.text._ZN8touchgfx8LCD16bpp41TextureMapper_A4_BilinearInterpolation_GA34drawTextureMapScanLineSubdivisionsEiiiifffiiiifffffRKNS_14DrawingSurfaceEiiRKNS_14TextureSurfaceEhfff  touchgfx_core_wchar16.lib(lcd16bpp.o)
    0x0803a724   0x0803a0a8   0x00000008   Data   RO         1790    .ARM.exidx.text._ZN8touchgfx8LCD16bpp41TextureMapper_A4_BilinearInterpolation_GAD0Ev  touchgfx_core_wchar16.lib(lcd16bpp.o)
    0x0803a72c   0x0803a0a8   0x00000008   Data   RO         1608    .ARM.exidx.text._ZN8touchgfx8LCD16bpp43TextureMapper_A4_BilinearInterpolation_NoGA34drawTextureMapScanLineSubdivisionsEiiiifffiiiifffffRKNS_14DrawingSurfaceEiiRKNS_14TextureSurfaceEhfff  touchgfx_core_wchar16.lib(lcd16bpp.o)
    0x0803a734   0x0803a0a8   0x00000008   Data   RO         1792    .ARM.exidx.text._ZN8touchgfx8LCD16bpp43TextureMapper_A4_BilinearInterpolation_NoGAD0Ev  touchgfx_core_wchar16.lib(lcd16bpp.o)
    0x0803a73c   0x0803a0a8   0x00000008   Data   RO         1555    .ARM.exidx.text._ZN8touchgfx8LCD16bpp46TextureMapper_RGB565_Opaque_NearestNeighbor_GA34drawTextureMapScanLineSubdivisionsEiiiifffiiiifffffRKNS_14DrawingSurfaceEiiRKNS_14TextureSurfaceEhfff  touchgfx_core_wchar16.lib(lcd16bpp.o)
    0x0803a744   0x0803a0a8   0x00000008   Data   RO         1774    .ARM.exidx.text._ZN8touchgfx8LCD16bpp46TextureMapper_RGB565_Opaque_NearestNeighbor_GAD0Ev  touchgfx_core_wchar16.lib(lcd16bpp.o)
    0x0803a74c   0x0803a0a8   0x00000008   Data   RO         1558    .ARM.exidx.text._ZN8touchgfx8LCD16bpp48TextureMapper_RGB565_Opaque_NearestNeighbor_NoGA34drawTextureMapScanLineSubdivisionsEiiiifffiiiifffffRKNS_14DrawingSurfaceEiiRKNS_14TextureSurfaceEhfff  touchgfx_core_wchar16.lib(lcd16bpp.o)
    0x0803a754   0x0803a0a8   0x00000008   Data   RO         1776    .ARM.exidx.text._ZN8touchgfx8LCD16bpp48TextureMapper_RGB565_Opaque_NearestNeighbor_NoGAD0Ev  touchgfx_core_wchar16.lib(lcd16bpp.o)
    0x0803a75c   0x0803a0a8   0x00000008   Data   RO         1501    .ARM.exidx.text._ZN8touchgfx8LCD16bpp49TextureMapper_L8_RGB565_Opaque_NearestNeighbor_GA34drawTextureMapScanLineSubdivisionsEiiiifffiiiifffffRKNS_14DrawingSurfaceEiiRKNS_14TextureSurfaceEhfff  touchgfx_core_wchar16.lib(lcd16bpp.o)
    0x0803a764   0x0803a0a8   0x00000008   Data   RO         1746    .ARM.exidx.text._ZN8touchgfx8LCD16bpp49TextureMapper_L8_RGB565_Opaque_NearestNeighbor_GAD0Ev  touchgfx_core_wchar16.lib(lcd16bpp.o)
    0x0803a76c   0x0803a0a8   0x00000008   Data   RO         1517    .ARM.exidx.text._ZN8touchgfx8LCD16bpp49TextureMapper_L8_RGB888_Opaque_NearestNeighbor_GA34drawTextureMapScanLineSubdivisionsEiiiifffiiiifffffRKNS_14DrawingSurfaceEiiRKNS_14TextureSurfaceEhfff  touchgfx_core_wchar16.lib(lcd16bpp.o)
    0x0803a774   0x0803a0a8   0x00000008   Data   RO         1754    .ARM.exidx.text._ZN8touchgfx8LCD16bpp49TextureMapper_L8_RGB888_Opaque_NearestNeighbor_GAD0Ev  touchgfx_core_wchar16.lib(lcd16bpp.o)
    0x0803a77c   0x0803a0a8   0x00000008   Data   RO         1549    .ARM.exidx.text._ZN8touchgfx8LCD16bpp49TextureMapper_RGB565_NonOpaque_NearestNeighbor_GA34drawTextureMapScanLineSubdivisionsEiiiifffiiiifffffRKNS_14DrawingSurfaceEiiRKNS_14TextureSurfaceEhfff  touchgfx_core_wchar16.lib(lcd16bpp.o)
    0x0803a784   0x0803a0a8   0x00000008   Data   RO         1778    .ARM.exidx.text._ZN8touchgfx8LCD16bpp49TextureMapper_RGB565_NonOpaque_NearestNeighbor_GAD0Ev  touchgfx_core_wchar16.lib(lcd16bpp.o)
    0x0803a78c   0x0803a0a8   0x00000008   Data   RO         1581    .ARM.exidx.text._ZN8touchgfx8LCD16bpp51TextureMapper_ARGB8888_NonOpaque_NearestNeighbor_GA34drawTextureMapScanLineSubdivisionsEiiiifffiiiifffffRKNS_14DrawingSurfaceEiiRKNS_14TextureSurfaceEhfff  touchgfx_core_wchar16.lib(lcd16bpp.o)
    0x0803a794   0x0803a0a8   0x00000008   Data   RO         1786    .ARM.exidx.text._ZN8touchgfx8LCD16bpp51TextureMapper_ARGB8888_NonOpaque_NearestNeighbor_GAD0Ev  touchgfx_core_wchar16.lib(lcd16bpp.o)
    0x0803a79c   0x0803a0a8   0x00000008   Data   RO         1504    .ARM.exidx.text._ZN8touchgfx8LCD16bpp51TextureMapper_L8_RGB565_Opaque_NearestNeighbor_NoGA34drawTextureMapScanLineSubdivisionsEiiiifffiiiifffffRKNS_14DrawingSurfaceEiiRKNS_14TextureSurfaceEhfff  touchgfx_core_wchar16.lib(lcd16bpp.o)
    0x0803a7a4   0x0803a0a8   0x00000008   Data   RO         1748    .ARM.exidx.text._ZN8touchgfx8LCD16bpp51TextureMapper_L8_RGB565_Opaque_NearestNeighbor_NoGAD0Ev  touchgfx_core_wchar16.lib(lcd16bpp.o)
    0x0803a7ac   0x0803a0a8   0x00000008   Data   RO         1520    .ARM.exidx.text._ZN8touchgfx8LCD16bpp51TextureMapper_L8_RGB888_Opaque_NearestNeighbor_NoGA34drawTextureMapScanLineSubdivisionsEiiiifffiiiifffffRKNS_14DrawingSurfaceEiiRKNS_14TextureSurfaceEhfff  touchgfx_core_wchar16.lib(lcd16bpp.o)
    0x0803a7b4   0x0803a0a8   0x00000008   Data   RO         1756    .ARM.exidx.text._ZN8touchgfx8LCD16bpp51TextureMapper_L8_RGB888_Opaque_NearestNeighbor_NoGAD0Ev  touchgfx_core_wchar16.lib(lcd16bpp.o)
    0x0803a7bc   0x0803a0a8   0x00000008   Data   RO         1552    .ARM.exidx.text._ZN8touchgfx8LCD16bpp51TextureMapper_RGB565_NonOpaque_NearestNeighbor_NoGA34drawTextureMapScanLineSubdivisionsEiiiifffiiiifffffRKNS_14DrawingSurfaceEiiRKNS_14TextureSurfaceEhfff  touchgfx_core_wchar16.lib(lcd16bpp.o)
    0x0803a7c4   0x0803a0a8   0x00000008   Data   RO         1780    .ARM.exidx.text._ZN8touchgfx8LCD16bpp51TextureMapper_RGB565_NonOpaque_NearestNeighbor_NoGAD0Ev  touchgfx_core_wchar16.lib(lcd16bpp.o)
    0x0803a7cc   0x0803a0a8   0x00000008   Data   RO         1571    .ARM.exidx.text._ZN8touchgfx8LCD16bpp52TextureMapper_RGB565_Opaque_BilinearInterpolation_GA34drawTextureMapScanLineSubdivisionsEiiiifffiiiifffffRKNS_14DrawingSurfaceEiiRKNS_14TextureSurfaceEhfff  touchgfx_core_wchar16.lib(lcd16bpp.o)
    0x0803a7d4   0x0803a0a8   0x00000008   Data   RO         1766    .ARM.exidx.text._ZN8touchgfx8LCD16bpp52TextureMapper_RGB565_Opaque_BilinearInterpolation_GAD0Ev  touchgfx_core_wchar16.lib(lcd16bpp.o)
    0x0803a7dc   0x0803a0a8   0x00000008   Data   RO         1584    .ARM.exidx.text._ZN8touchgfx8LCD16bpp53TextureMapper_ARGB8888_NonOpaque_NearestNeighbor_NoGA34drawTextureMapScanLineSubdivisionsEiiiifffiiiifffffRKNS_14DrawingSurfaceEiiRKNS_14TextureSurfaceEhfff  touchgfx_core_wchar16.lib(lcd16bpp.o)
    0x0803a7e4   0x0803a0a8   0x00000008   Data   RO         1788    .ARM.exidx.text._ZN8touchgfx8LCD16bpp53TextureMapper_ARGB8888_NonOpaque_NearestNeighbor_NoGAD0Ev  touchgfx_core_wchar16.lib(lcd16bpp.o)
    0x0803a7ec   0x0803a0a8   0x00000008   Data   RO         1533    .ARM.exidx.text._ZN8touchgfx8LCD16bpp54TextureMapper_L8_ARGB8888_NonOpaque_NearestNeighbor_GA34drawTextureMapScanLineSubdivisionsEiiiifffiiiifffffRKNS_14DrawingSurfaceEiiRKNS_14TextureSurfaceEhfff  touchgfx_core_wchar16.lib(lcd16bpp.o)
    0x0803a7f4   0x0803a0a8   0x00000008   Data   RO         1762    .ARM.exidx.text._ZN8touchgfx8LCD16bpp54TextureMapper_L8_ARGB8888_NonOpaque_NearestNeighbor_GAD0Ev  touchgfx_core_wchar16.lib(lcd16bpp.o)
    0x0803a7fc   0x0803a0a8   0x00000008   Data   RO         1576    .ARM.exidx.text._ZN8touchgfx8LCD16bpp54TextureMapper_RGB565_Opaque_BilinearInterpolation_NoGA34drawTextureMapScanLineSubdivisionsEiiiifffiiiifffffRKNS_14DrawingSurfaceEiiRKNS_14TextureSurfaceEhfff  touchgfx_core_wchar16.lib(lcd16bpp.o)
    0x0803a804   0x0803a0a8   0x00000008   Data   RO         1768    .ARM.exidx.text._ZN8touchgfx8LCD16bpp54TextureMapper_RGB565_Opaque_BilinearInterpolation_NoGAD0Ev  touchgfx_core_wchar16.lib(lcd16bpp.o)
    0x0803a80c   0x0803a0a8   0x00000008   Data   RO         1507    .ARM.exidx.text._ZN8touchgfx8LCD16bpp55TextureMapper_L8_RGB565_Opaque_BilinearInterpolation_GA34drawTextureMapScanLineSubdivisionsEiiiifffiiiifffffRKNS_14DrawingSurfaceEiiRKNS_14TextureSurfaceEhfff  touchgfx_core_wchar16.lib(lcd16bpp.o)
    0x0803a814   0x0803a0a8   0x00000008   Data   RO         1742    .ARM.exidx.text._ZN8touchgfx8LCD16bpp55TextureMapper_L8_RGB565_Opaque_BilinearInterpolation_GAD0Ev  touchgfx_core_wchar16.lib(lcd16bpp.o)
    0x0803a81c   0x0803a0a8   0x00000008   Data   RO         1523    .ARM.exidx.text._ZN8touchgfx8LCD16bpp55TextureMapper_L8_RGB888_Opaque_BilinearInterpolation_GA34drawTextureMapScanLineSubdivisionsEiiiifffiiiifffffRKNS_14DrawingSurfaceEiiRKNS_14TextureSurfaceEhfff  touchgfx_core_wchar16.lib(lcd16bpp.o)
    0x0803a824   0x0803a0a8   0x00000008   Data   RO         1750    .ARM.exidx.text._ZN8touchgfx8LCD16bpp55TextureMapper_L8_RGB888_Opaque_BilinearInterpolation_GAD0Ev  touchgfx_core_wchar16.lib(lcd16bpp.o)
    0x0803a82c   0x0803a0a8   0x00000008   Data   RO         1561    .ARM.exidx.text._ZN8touchgfx8LCD16bpp55TextureMapper_RGB565_NonOpaque_BilinearInterpolation_GA34drawTextureMapScanLineSubdivisionsEiiiifffiiiifffffRKNS_14DrawingSurfaceEiiRKNS_14TextureSurfaceEhfff  touchgfx_core_wchar16.lib(lcd16bpp.o)
    0x0803a834   0x0803a0a8   0x00000008   Data   RO         1770    .ARM.exidx.text._ZN8touchgfx8LCD16bpp55TextureMapper_RGB565_NonOpaque_BilinearInterpolation_GAD0Ev  touchgfx_core_wchar16.lib(lcd16bpp.o)
    0x0803a83c   0x0803a0a8   0x00000008   Data   RO         1536    .ARM.exidx.text._ZN8touchgfx8LCD16bpp56TextureMapper_L8_ARGB8888_NonOpaque_NearestNeighbor_NoGA34drawTextureMapScanLineSubdivisionsEiiiifffiiiifffffRKNS_14DrawingSurfaceEiiRKNS_14TextureSurfaceEhfff  touchgfx_core_wchar16.lib(lcd16bpp.o)
    0x0803a844   0x0803a0a8   0x00000008   Data   RO         1764    .ARM.exidx.text._ZN8touchgfx8LCD16bpp56TextureMapper_L8_ARGB8888_NonOpaque_NearestNeighbor_NoGAD0Ev  touchgfx_core_wchar16.lib(lcd16bpp.o)
    0x0803a84c   0x0803a0a8   0x00000008   Data   RO         1587    .ARM.exidx.text._ZN8touchgfx8LCD16bpp57TextureMapper_ARGB8888_NonOpaque_BilinearInterpolation_GA34drawTextureMapScanLineSubdivisionsEiiiifffiiiifffffRKNS_14DrawingSurfaceEiiRKNS_14TextureSurfaceEhfff  touchgfx_core_wchar16.lib(lcd16bpp.o)
    0x0803a854   0x0803a0a8   0x00000008   Data   RO         1782    .ARM.exidx.text._ZN8touchgfx8LCD16bpp57TextureMapper_ARGB8888_NonOpaque_BilinearInterpolation_GAD0Ev  touchgfx_core_wchar16.lib(lcd16bpp.o)
    0x0803a85c   0x0803a0a8   0x00000008   Data   RO         1512    .ARM.exidx.text._ZN8touchgfx8LCD16bpp57TextureMapper_L8_RGB565_Opaque_BilinearInterpolation_NoGA34drawTextureMapScanLineSubdivisionsEiiiifffiiiifffffRKNS_14DrawingSurfaceEiiRKNS_14TextureSurfaceEhfff  touchgfx_core_wchar16.lib(lcd16bpp.o)
    0x0803a864   0x0803a0a8   0x00000008   Data   RO         1744    .ARM.exidx.text._ZN8touchgfx8LCD16bpp57TextureMapper_L8_RGB565_Opaque_BilinearInterpolation_NoGAD0Ev  touchgfx_core_wchar16.lib(lcd16bpp.o)
    0x0803a86c   0x0803a0a8   0x00000008   Data   RO         1528    .ARM.exidx.text._ZN8touchgfx8LCD16bpp57TextureMapper_L8_RGB888_Opaque_BilinearInterpolation_NoGA34drawTextureMapScanLineSubdivisionsEiiiifffiiiifffffRKNS_14DrawingSurfaceEiiRKNS_14TextureSurfaceEhfff  touchgfx_core_wchar16.lib(lcd16bpp.o)
    0x0803a874   0x0803a0a8   0x00000008   Data   RO         1752    .ARM.exidx.text._ZN8touchgfx8LCD16bpp57TextureMapper_L8_RGB888_Opaque_BilinearInterpolation_NoGAD0Ev  touchgfx_core_wchar16.lib(lcd16bpp.o)
    0x0803a87c   0x0803a0a8   0x00000008   Data   RO         1566    .ARM.exidx.text._ZN8touchgfx8LCD16bpp57TextureMapper_RGB565_NonOpaque_BilinearInterpolation_NoGA34drawTextureMapScanLineSubdivisionsEiiiifffiiiifffffRKNS_14DrawingSurfaceEiiRKNS_14TextureSurfaceEhfff  touchgfx_core_wchar16.lib(lcd16bpp.o)
    0x0803a884   0x0803a0a8   0x00000008   Data   RO         1772    .ARM.exidx.text._ZN8touchgfx8LCD16bpp57TextureMapper_RGB565_NonOpaque_BilinearInterpolation_NoGAD0Ev  touchgfx_core_wchar16.lib(lcd16bpp.o)
    0x0803a88c   0x0803a0a8   0x00000008   Data   RO         1592    .ARM.exidx.text._ZN8touchgfx8LCD16bpp59TextureMapper_ARGB8888_NonOpaque_BilinearInterpolation_NoGA34drawTextureMapScanLineSubdivisionsEiiiifffiiiifffffRKNS_14DrawingSurfaceEiiRKNS_14TextureSurfaceEhfff  touchgfx_core_wchar16.lib(lcd16bpp.o)
    0x0803a894   0x0803a0a8   0x00000008   Data   RO         1784    .ARM.exidx.text._ZN8touchgfx8LCD16bpp59TextureMapper_ARGB8888_NonOpaque_BilinearInterpolation_NoGAD0Ev  touchgfx_core_wchar16.lib(lcd16bpp.o)
    0x0803a89c   0x0803a0a8   0x00000008   Data   RO         1539    .ARM.exidx.text._ZN8touchgfx8LCD16bpp60TextureMapper_L8_ARGB8888_NonOpaque_BilinearInterpolation_GA34drawTextureMapScanLineSubdivisionsEiiiifffiiiifffffRKNS_14DrawingSurfaceEiiRKNS_14TextureSurfaceEhfff  touchgfx_core_wchar16.lib(lcd16bpp.o)
    0x0803a8a4   0x0803a0a8   0x00000008   Data   RO         1758    .ARM.exidx.text._ZN8touchgfx8LCD16bpp60TextureMapper_L8_ARGB8888_NonOpaque_BilinearInterpolation_GAD0Ev  touchgfx_core_wchar16.lib(lcd16bpp.o)
    0x0803a8ac   0x0803a0a8   0x00000008   Data   RO         1544    .ARM.exidx.text._ZN8touchgfx8LCD16bpp62TextureMapper_L8_ARGB8888_NonOpaque_BilinearInterpolation_NoGA34drawTextureMapScanLineSubdivisionsEiiiifffiiiifffffRKNS_14DrawingSurfaceEiiRKNS_14TextureSurfaceEhfff  touchgfx_core_wchar16.lib(lcd16bpp.o)
    0x0803a8b4   0x0803a0a8   0x00000008   Data   RO         1760    .ARM.exidx.text._ZN8touchgfx8LCD16bpp62TextureMapper_L8_ARGB8888_NonOpaque_BilinearInterpolation_NoGAD0Ev  touchgfx_core_wchar16.lib(lcd16bpp.o)
    0x0803a8bc   0x0803a0a8   0x00000008   Data   RO         1438    .ARM.exidx.text._ZN8touchgfx8LCD16bpp8blitCopyEPKhNS_6Bitmap12BitmapFormatERKNS_4RectES7_hb  touchgfx_core_wchar16.lib(lcd16bpp.o)
    0x0803a8c4   0x0803a0a8   0x00000008   Data   RO         1436    .ARM.exidx.text._ZN8touchgfx8LCD16bpp8blitCopyEPKtRKNS_4RectES5_hb  touchgfx_core_wchar16.lib(lcd16bpp.o)
    0x0803a8cc   0x0803a0a8   0x00000008   Data   RO         1446    .ARM.exidx.text._ZN8touchgfx8LCD16bpp8fillRectERKNS_4RectENS_9colortypeEh  touchgfx_core_wchar16.lib(lcd16bpp.o)
    0x0803a8d4   0x0803a0a8   0x00000008   Data   RO         1452    .ARM.exidx.text._ZN8touchgfx8LCD16bpp8nextLineEbNS_12TextRotationE  touchgfx_core_wchar16.lib(lcd16bpp.o)
    0x0803a8dc   0x0803a0a8   0x00000008   Data   RO         1454    .ARM.exidx.text._ZN8touchgfx8LCD16bpp9drawGlyphEPtNS_4RectEssttRKS2_PKNS_9GlyphNodeEPKhhNS_9colortypeEhhNS_12TextRotationE  touchgfx_core_wchar16.lib(lcd16bpp.o)
    0x0803a8e4   0x0803a0a8   0x00000008   Data   RO         1450    .ARM.exidx.text._ZN8touchgfx8LCD16bpp9nextPixelEbNS_12TextRotationE  touchgfx_core_wchar16.lib(lcd16bpp.o)
    0x0803a8ec   0x0803a0a8   0x00000008   Data   RO         2067    .ARM.exidx.text._ZN8touchgfx9Container12forEachChildEPNS_15GenericCallbackIRNS_8DrawableEvvEE  touchgfx_core_wchar16.lib(container.o)
    0x0803a8f4   0x0803a0a8   0x00000008   Data   RO         2057    .ARM.exidx.text._ZN8touchgfx9Container12getLastChildEssPPNS_8DrawableE  touchgfx_core_wchar16.lib(container.o)
    0x0803a8fc   0x0803a0a8   0x00000008   Data   RO         2082    .ARM.exidx.text._ZN8touchgfx9Container13getFirstChildEv  touchgfx_core_wchar16.lib(container.o)
    0x0803a904   0x0803a0a8   0x00000008   Data   RO         2071    .ARM.exidx.text._ZN8touchgfx9Container14setupDrawChainERKNS_4RectEPPNS_8DrawableE  touchgfx_core_wchar16.lib(container.o)
    0x0803a90c   0x0803a0a8   0x00000008   Data   RO         2059    .ARM.exidx.text._ZN8touchgfx9Container16getLastChildNearEssPPNS_8DrawableEPsS4_  touchgfx_core_wchar16.lib(container.o)
    0x0803a914   0x0803a0a8   0x00000008   Data   RO         2065    .ARM.exidx.text._ZN8touchgfx9Container20moveChildrenRelativeEss  touchgfx_core_wchar16.lib(container.o)
    0x0803a91c   0x0803a0a8   0x00000008   Data   RO         2047    .ARM.exidx.text._ZN8touchgfx9Container3addERNS_8DrawableE  touchgfx_core_wchar16.lib(container.o)
    0x0803a924   0x0803a0a8   0x00000008   Data   RO         2069    .ARM.exidx.text._ZN8touchgfx9Container6insertEPNS_8DrawableERS1_  touchgfx_core_wchar16.lib(container.o)
    0x0803a92c   0x0803a0a8   0x00000008   Data   RO         2049    .ARM.exidx.text._ZN8touchgfx9Container6removeERNS_8DrawableE  touchgfx_core_wchar16.lib(container.o)
    0x0803a934   0x0803a0a8   0x00000008   Data   RO         3203    .ARM.exidx.text._ZN9libunwind12UnwindCursorINS_17LocalAddressSpaceENS_13Registers_armEE10saveVFPAsXEv  libunwind_wx.l(libunwind.cpp.o)
    0x0803a93c   0x0803a0a8   0x00000008   Data   RO         3185    .ARM.exidx.text._ZN9libunwind12UnwindCursorINS_17LocalAddressSpaceENS_13Registers_armEE11getFloatRegEi  libunwind_wx.l(libunwind.cpp.o)
    0x0803a944   0x0803a0a8   0x00000008   Data   RO         3187    .ARM.exidx.text._ZN9libunwind12UnwindCursorINS_17LocalAddressSpaceENS_13Registers_armEE11setFloatRegEiy  libunwind_wx.l(libunwind.cpp.o)
    0x0803a94c   0x0803a0a8   0x00000008   Data   RO         3195    .ARM.exidx.text._ZN9libunwind12UnwindCursorINS_17LocalAddressSpaceENS_13Registers_armEE13isSignalFrameEv  libunwind_wx.l(libunwind.cpp.o)
    0x0803a954   0x0803a0a8   0x00000008   Data   RO         3205    .ARM.exidx.text._ZN9libunwind12UnwindCursorINS_17LocalAddressSpaceENS_13Registers_armEE13stepWithEHABIEv  libunwind_wx.l(libunwind.cpp.o)
    0x0803a95c   0x0803a0a8   0x00000008   Data   RO         3183    .ARM.exidx.text._ZN9libunwind12UnwindCursorINS_17LocalAddressSpaceENS_13Registers_armEE13validFloatRegEi  libunwind_wx.l(libunwind.cpp.o)
    0x0803a964   0x0803a0a8   0x00000008   Data   RO         3197    .ARM.exidx.text._ZN9libunwind12UnwindCursorINS_17LocalAddressSpaceENS_13Registers_armEE15getFunctionNameEPcjPj  libunwind_wx.l(libunwind.cpp.o)
    0x0803a96c   0x0803a0a8   0x00000008   Data   RO         3201    .ARM.exidx.text._ZN9libunwind12UnwindCursorINS_17LocalAddressSpaceENS_13Registers_armEE15getRegisterNameEi  libunwind_wx.l(libunwind.cpp.o)
    0x0803a974   0x0803a0a8   0x00000008   Data   RO         3209    .ARM.exidx.text._ZN9libunwind12UnwindCursorINS_17LocalAddressSpaceENS_13Registers_armEE23getInfoFromEHABISectionEjRKNS_18UnwindInfoSectionsE  libunwind_wx.l(libunwind.cpp.o)
    0x0803a97c   0x0803a0a8   0x00000008   Data   RO         3199    .ARM.exidx.text._ZN9libunwind12UnwindCursorINS_17LocalAddressSpaceENS_13Registers_armEE24setInfoBasedOnIPRegisterEb  libunwind_wx.l(libunwind.cpp.o)
    0x0803a984   0x0803a0a8   0x00000008   Data   RO         3189    .ARM.exidx.text._ZN9libunwind12UnwindCursorINS_17LocalAddressSpaceENS_13Registers_armEE4stepEv  libunwind_wx.l(libunwind.cpp.o)
    0x0803a98c   0x0803a0a8   0x00000008   Data   RO         3179    .ARM.exidx.text._ZN9libunwind12UnwindCursorINS_17LocalAddressSpaceENS_13Registers_armEE6getRegEi  libunwind_wx.l(libunwind.cpp.o)
    0x0803a994   0x0803a0a8   0x00000008   Data   RO         3193    .ARM.exidx.text._ZN9libunwind12UnwindCursorINS_17LocalAddressSpaceENS_13Registers_armEE6jumptoEv  libunwind_wx.l(libunwind.cpp.o)
    0x0803a99c   0x0803a0a8   0x00000008   Data   RO         3181    .ARM.exidx.text._ZN9libunwind12UnwindCursorINS_17LocalAddressSpaceENS_13Registers_armEE6setRegEij  libunwind_wx.l(libunwind.cpp.o)
    0x0803a9a4   0x0803a0a8   0x00000008   Data   RO         3191    .ARM.exidx.text._ZN9libunwind12UnwindCursorINS_17LocalAddressSpaceENS_13Registers_armEE7getInfoEP15unw_proc_info_t  libunwind_wx.l(libunwind.cpp.o)
    0x0803a9ac   0x0803a0a8   0x00000008   Data   RO         3177    .ARM.exidx.text._ZN9libunwind12UnwindCursorINS_17LocalAddressSpaceENS_13Registers_armEE8validRegEi  libunwind_wx.l(libunwind.cpp.o)
    0x0803a9b4   0x0803a0a8   0x00000008   Data   RO         3207    .ARM.exidx.text._ZN9libunwind13Registers_arm26restoreSavedFloatRegistersEv  libunwind_wx.l(libunwind.cpp.o)
    0x0803a9bc   0x0803a0a8   0x00000008   Data   RO         3173    .ARM.exidx.text._ZN9libunwind20AbstractUnwindCursorD2Ev  libunwind_wx.l(libunwind.cpp.o)
    0x0803a9c4   0x0803a0a8   0x00000008   Data   RO         3390    .ARM.exidx.text._ZNK10__cxxabiv117__class_type_info16search_above_dstEPNS_19__dynamic_cast_infoEPKvS4_ib  libcppabi_wx.l(private_typeinfo.cpp.o)
    0x0803a9cc   0x0803a0a8   0x00000008   Data   RO         3384    .ARM.exidx.text._ZNK10__cxxabiv117__class_type_info16search_below_dstEPNS_19__dynamic_cast_infoEPKvib  libcppabi_wx.l(private_typeinfo.cpp.o)
    0x0803a9d4   0x0803a0a8   0x00000008   Data   RO         3352    .ARM.exidx.text._ZNK10__cxxabiv117__class_type_info27has_unambiguous_public_baseEPNS_19__dynamic_cast_infoEPvi  libcppabi_wx.l(private_typeinfo.cpp.o)
    0x0803a9dc   0x0803a0a8   0x00000008   Data   RO         3348    .ARM.exidx.text._ZNK10__cxxabiv117__class_type_info9can_catchEPKNS_16__shim_type_infoERPv  libcppabi_wx.l(private_typeinfo.cpp.o)
    0x0803a9e4   0x0803a0a8   0x00000008   Data   RO         3388    .ARM.exidx.text._ZNK10__cxxabiv120__si_class_type_info16search_above_dstEPNS_19__dynamic_cast_infoEPKvS4_ib  libcppabi_wx.l(private_typeinfo.cpp.o)
    0x0803a9ec   0x0803a0a8   0x00000008   Data   RO         3354    .ARM.exidx.text._ZNK10__cxxabiv120__si_class_type_info27has_unambiguous_public_baseEPNS_19__dynamic_cast_infoEPvi  libcppabi_wx.l(private_typeinfo.cpp.o)
    0x0803a9f4   0x0803a0a8   0x00000008   Data   RO         2418    .ARM.exidx.text._ZNK8touchgfx10ClickEvent12getEventTypeEv  touchgfx_core_wchar16.lib(screen.o)
    0x0803a9fc   0x0803a0a8   0x00000008   Data   RO         1986    .ARM.exidx.text._ZNK8touchgfx3Box17invalidateContentEv  touchgfx_core_wchar16.lib(box.o)
    0x0803aa04   0x0803a0a8   0x00000008   Data   RO         1979    .ARM.exidx.text._ZNK8touchgfx3Box4drawERKNS_4RectE  touchgfx_core_wchar16.lib(box.o)
    0x0803aa0c   0x0803a0a8   0x00000008   Data   RO         2250    .ARM.exidx.text._ZNK8touchgfx3HAL11getBitDepthENS_6Bitmap12BitmapFormatE  touchgfx_core_wchar16.lib(hal.o)
    0x0803aa14   0x0803a0a8   0x00000008   Data   RO         2230    .ARM.exidx.text._ZNK8touchgfx3HAL13getDstAddressEttPt  touchgfx_core_wchar16.lib(hal.o)
    0x0803aa1c   0x0803a0a8   0x00000008   Data   RO         2222    .ARM.exidx.text._ZNK8touchgfx3HAL13getDstAddressEttPttNS_6Bitmap12BitmapFormatE  touchgfx_core_wchar16.lib(hal.o)
    0x0803aa24   0x0803a0a8   0x00000008   Data   RO         2169    .ARM.exidx.text._ZNK8touchgfx4Font12getCharWidthEt  touchgfx_core_wchar16.lib(font.o)
    0x0803aa2c   0x0803a0a8   0x00000008   Data   RO         2040    .ARM.exidx.text._ZNK8touchgfx4Font12getGSUBTableEv  touchgfx_core_wchar16.lib(constfont.o)
    0x0803aa34   0x0803a0a8   0x00000008   Data   RO         2175    .ARM.exidx.text._ZNK8touchgfx4Font13getFontHeightEv  touchgfx_core_wchar16.lib(font.o)
    0x0803aa3c   0x0803a0a8   0x00000008   Data   RO         2036    .ARM.exidx.text._ZNK8touchgfx4Font15getBitsPerPixelEv  touchgfx_core_wchar16.lib(constfont.o)
    0x0803aa44   0x0803a0a8   0x00000008   Data   RO         2179    .ARM.exidx.text._ZNK8touchgfx4Font15getSpacingAboveEPKtz  touchgfx_core_wchar16.lib(font.o)
    0x0803aa4c   0x0803a0a8   0x00000008   Data   RO         2177    .ARM.exidx.text._ZNK8touchgfx4Font16getNumberOfLinesEPKtz  touchgfx_core_wchar16.lib(font.o)
    0x0803aa54   0x0803a0a8   0x00000008   Data   RO         2165    .ARM.exidx.text._ZNK8touchgfx4Font17getStringWidthLTREhPKtSt9__va_list  touchgfx_core_wchar16.lib(font.o)
    0x0803aa5c   0x0803a0a8   0x00000008   Data   RO         2173    .ARM.exidx.text._ZNK8touchgfx4Font20getMinimumTextHeightEv  touchgfx_core_wchar16.lib(font.o)
    0x0803aa64   0x0803a0a8   0x00000008   Data   RO         2026    .ARM.exidx.text._ZNK8touchgfx4Font8getGlyphEt  touchgfx_core_wchar16.lib(constfont.o)
    0x0803aa6c   0x0803a0a8   0x00000008   Data   RO         2034    .ARM.exidx.text._ZNK8touchgfx4Font9getHeightEv  touchgfx_core_wchar16.lib(constfont.o)
    0x0803aa74   0x0803a0a8   0x00000008   Data   RO         1865    .ARM.exidx.text._ZNK8touchgfx4Rect8includesERKS0_  touchgfx_core_wchar16.lib(application.o)
    0x0803aa7c   0x0803a0a8   0x00000008   Data   RO         1869    .ARM.exidx.text._ZNK8touchgfx4Rect9intersectERKS0_  touchgfx_core_wchar16.lib(application.o)
    0x0803aa84   0x0803a0a8   0x00000008   Data   RO         2076    .ARM.exidx.text._ZNK8touchgfx4Rect9intersectEss  touchgfx_core_wchar16.lib(container.o)
    0x0803aa8c   0x0803a0a8   0x00000008   Data   RO         1875    .ARM.exidx.text._ZNK8touchgfx4RectanERKS0_  touchgfx_core_wchar16.lib(application.o)
    0x0803aa94   0x0803a0a8   0x00000008   Data   RO         2319    .ARM.exidx.text._ZNK8touchgfx5Image17invalidateContentEv  touchgfx_core_wchar16.lib(image.o)
    0x0803aa9c   0x0803a0a8   0x00000008   Data   RO         2310    .ARM.exidx.text._ZNK8touchgfx5Image4drawERKNS_4RectE  touchgfx_core_wchar16.lib(image.o)
    0x0803aaa4   0x0803a0a8   0x00000008   Data   RO         1920    .ARM.exidx.text._ZNK8touchgfx6Bitmap12getExtraDataEv  touchgfx_core_wchar16.lib(bitmap.o)
    0x0803aaac   0x0803a0a8   0x00000008   Data   RO         1974    .ARM.exidx.text._ZNK8touchgfx6Bitmap7getRectEv  touchgfx_core_wchar16.lib(bitmap.o)
    0x0803aab4   0x0803a0a8   0x00000008   Data   RO         1914    .ARM.exidx.text._ZNK8touchgfx6Bitmap8getWidthEv  touchgfx_core_wchar16.lib(bitmap.o)
    0x0803aabc   0x0803a0a8   0x00000008   Data   RO         1918    .ARM.exidx.text._ZNK8touchgfx6Bitmap9getFormatEv  touchgfx_core_wchar16.lib(bitmap.o)
    0x0803aac4   0x0803a0a8   0x00000008   Data   RO         1916    .ARM.exidx.text._ZNK8touchgfx6Bitmap9getHeightEv  touchgfx_core_wchar16.lib(bitmap.o)
    0x0803aacc   0x0803a0a8   0x00000008   Data   RO         2139    .ARM.exidx.text._ZNK8touchgfx8Drawable10invalidateEv  touchgfx_core_wchar16.lib(drawable.o)
    0x0803aad4   0x0803a0a8   0x00000008   Data   RO         2143    .ARM.exidx.text._ZNK8touchgfx8Drawable14getVisibleRectERNS_4RectE  touchgfx_core_wchar16.lib(drawable.o)
    0x0803aadc   0x0803a0a8   0x00000008   Data   RO         2145    .ARM.exidx.text._ZNK8touchgfx8Drawable15getAbsoluteRectEv  touchgfx_core_wchar16.lib(drawable.o)
    0x0803aae4   0x0803a0a8   0x00000008   Data   RO         2080    .ARM.exidx.text._ZNK8touchgfx8Drawable17invalidateContentEv  touchgfx_core_wchar16.lib(container.o)
    0x0803aaec   0x0803a0a8   0x00000008   Data   RO         1734    .ARM.exidx.text._ZNK8touchgfx8LCD16bpp17framebufferFormatEv  touchgfx_core_wchar16.lib(lcd16bpp.o)
    0x0803aaf4   0x0803a0a8   0x00000008   Data   RO         1422    .ARM.exidx.text._ZNK8touchgfx8LCD16bpp21blitCopyARGB8888SolidEPKjRKNS_4RectES5_  touchgfx_core_wchar16.lib(lcd16bpp.o)
    0x0803aafc   0x0803a0a8   0x00000008   Data   RO         1658    .ARM.exidx.text._ZNK8touchgfx8LCD16bpp28DrawTextureMapScanLineBase1627overrunCheckNearestNeighborERPtRiS4_S4_iiss  touchgfx_core_wchar16.lib(lcd16bpp.o)
    0x0803ab04   0x0803a0a8   0x00000008   Data   RO         1664    .ARM.exidx.text._ZNK8touchgfx8LCD16bpp28DrawTextureMapScanLineBase1633overrunCheckBilinearInterpolationERPtRiS4_S4_iiss  touchgfx_core_wchar16.lib(lcd16bpp.o)
    0x0803ab0c   0x0803a0a8   0x00000008   Data   RO         1718    .ARM.exidx.text._ZNK8touchgfx8LCD16bpp35TextureMapper_A4_NearestNeighbor_GA10writePixelEPthh  touchgfx_core_wchar16.lib(lcd16bpp.o)
    0x0803ab14   0x0803a0a8   0x00000008   Data   RO         1710    .ARM.exidx.text._ZNK8touchgfx8LCD16bpp51TextureMapper_ARGB8888_NonOpaque_NearestNeighbor_GA10writePixelEPtPKjsiih  touchgfx_core_wchar16.lib(lcd16bpp.o)
    0x0803ab1c   0x0803a0a8   0x00000008   Data   RO         1674    .ARM.exidx.text._ZNK8touchgfx8LCD16bpp51TextureMapper_L8_RGB888_Opaque_NearestNeighbor_NoGA10writePixelEPtPKhS4_sii  touchgfx_core_wchar16.lib(lcd16bpp.o)
    0x0803ab24   0x0803a0a8   0x00000008   Data   RO         1706    .ARM.exidx.text._ZNK8touchgfx8LCD16bpp52TextureMapper_RGB565_Opaque_BilinearInterpolation_GA10writePixelEPtPKtsiihhh  touchgfx_core_wchar16.lib(lcd16bpp.o)
    0x0803ab2c   0x0803a0a8   0x00000008   Data   RO         1712    .ARM.exidx.text._ZNK8touchgfx8LCD16bpp53TextureMapper_ARGB8888_NonOpaque_NearestNeighbor_NoGA10writePixelEPtPKjsii  touchgfx_core_wchar16.lib(lcd16bpp.o)
    0x0803ab34   0x0803a0a8   0x00000008   Data   RO         1708    .ARM.exidx.text._ZNK8touchgfx8LCD16bpp54TextureMapper_RGB565_Opaque_BilinearInterpolation_NoGA10writePixelEPtPKtsiihh  touchgfx_core_wchar16.lib(lcd16bpp.o)
    0x0803ab3c   0x0803a0a8   0x00000008   Data   RO         1578    .ARM.exidx.text._ZNK8touchgfx8LCD16bpp54TextureMapper_RGB565_Opaque_BilinearInterpolation_NoGA16writePixelOnEdgeEPtPKtssiihh  touchgfx_core_wchar16.lib(lcd16bpp.o)
    0x0803ab44   0x0803a0a8   0x00000008   Data   RO         1666    .ARM.exidx.text._ZNK8touchgfx8LCD16bpp55TextureMapper_L8_RGB565_Opaque_BilinearInterpolation_GA10writePixelEPtPKhPKtsiihhh  touchgfx_core_wchar16.lib(lcd16bpp.o)
    0x0803ab4c   0x0803a0a8   0x00000008   Data   RO         1676    .ARM.exidx.text._ZNK8touchgfx8LCD16bpp55TextureMapper_L8_RGB888_Opaque_BilinearInterpolation_GA10writePixelEPtPKhS4_siihhh  touchgfx_core_wchar16.lib(lcd16bpp.o)
    0x0803ab54   0x0803a0a8   0x00000008   Data   RO         1525    .ARM.exidx.text._ZNK8touchgfx8LCD16bpp55TextureMapper_L8_RGB888_Opaque_BilinearInterpolation_GA16writePixelOnEdgeEPtPKhS4_ssiihhh  touchgfx_core_wchar16.lib(lcd16bpp.o)
    0x0803ab5c   0x0803a0a8   0x00000008   Data   RO         1700    .ARM.exidx.text._ZNK8touchgfx8LCD16bpp55TextureMapper_RGB565_NonOpaque_BilinearInterpolation_GA10writePixelEPtPKtPKhsiihhh  touchgfx_core_wchar16.lib(lcd16bpp.o)
    0x0803ab64   0x0803a0a8   0x00000008   Data   RO         1684    .ARM.exidx.text._ZNK8touchgfx8LCD16bpp56TextureMapper_L8_ARGB8888_NonOpaque_NearestNeighbor_NoGA10writePixelEPtPKhPKjsii  touchgfx_core_wchar16.lib(lcd16bpp.o)
    0x0803ab6c   0x0803a0a8   0x00000008   Data   RO         1714    .ARM.exidx.text._ZNK8touchgfx8LCD16bpp57TextureMapper_ARGB8888_NonOpaque_BilinearInterpolation_GA10writePixelEPtPKjsiihhh  touchgfx_core_wchar16.lib(lcd16bpp.o)
    0x0803ab74   0x0803a0a8   0x00000008   Data   RO         1589    .ARM.exidx.text._ZNK8touchgfx8LCD16bpp57TextureMapper_ARGB8888_NonOpaque_BilinearInterpolation_GA16writePixelOnEdgeEPtPKjssiihhh  touchgfx_core_wchar16.lib(lcd16bpp.o)
    0x0803ab7c   0x0803a0a8   0x00000008   Data   RO         1670    .ARM.exidx.text._ZNK8touchgfx8LCD16bpp57TextureMapper_L8_RGB565_Opaque_BilinearInterpolation_NoGA10writePixelEPtPKhPKtsiihh  touchgfx_core_wchar16.lib(lcd16bpp.o)
    0x0803ab84   0x0803a0a8   0x00000008   Data   RO         1514    .ARM.exidx.text._ZNK8touchgfx8LCD16bpp57TextureMapper_L8_RGB565_Opaque_BilinearInterpolation_NoGA16writePixelOnEdgeEPtPKhPKtssiihh  touchgfx_core_wchar16.lib(lcd16bpp.o)
    0x0803ab8c   0x0803a0a8   0x00000008   Data   RO         1680    .ARM.exidx.text._ZNK8touchgfx8LCD16bpp57TextureMapper_L8_RGB888_Opaque_BilinearInterpolation_NoGA10writePixelEPtPKhS4_siihh  touchgfx_core_wchar16.lib(lcd16bpp.o)
    0x0803ab94   0x0803a0a8   0x00000008   Data   RO         1704    .ARM.exidx.text._ZNK8touchgfx8LCD16bpp57TextureMapper_RGB565_NonOpaque_BilinearInterpolation_NoGA10writePixelEPtPKhPKtsiihh  touchgfx_core_wchar16.lib(lcd16bpp.o)
    0x0803ab9c   0x0803a0a8   0x00000008   Data   RO         1716    .ARM.exidx.text._ZNK8touchgfx8LCD16bpp59TextureMapper_ARGB8888_NonOpaque_BilinearInterpolation_NoGA10writePixelEPtPKjsiihh  touchgfx_core_wchar16.lib(lcd16bpp.o)
    0x0803aba4   0x0803a0a8   0x00000008   Data   RO         1594    .ARM.exidx.text._ZNK8touchgfx8LCD16bpp59TextureMapper_ARGB8888_NonOpaque_BilinearInterpolation_NoGA16writePixelOnEdgeEPtPKjssiihh  touchgfx_core_wchar16.lib(lcd16bpp.o)
    0x0803abac   0x0803a0a8   0x00000008   Data   RO         1686    .ARM.exidx.text._ZNK8touchgfx8LCD16bpp60TextureMapper_L8_ARGB8888_NonOpaque_BilinearInterpolation_GA10writePixelEPtPKhPKjsiihhh  touchgfx_core_wchar16.lib(lcd16bpp.o)
    0x0803abb4   0x0803a0a8   0x00000008   Data   RO         1541    .ARM.exidx.text._ZNK8touchgfx8LCD16bpp60TextureMapper_L8_ARGB8888_NonOpaque_BilinearInterpolation_GA16writePixelOnEdgeEPtPKhPKjssiihhh  touchgfx_core_wchar16.lib(lcd16bpp.o)
    0x0803abbc   0x0803a0a8   0x00000008   Data   RO         1692    .ARM.exidx.text._ZNK8touchgfx8LCD16bpp62TextureMapper_L8_ARGB8888_NonOpaque_BilinearInterpolation_NoGA10writePixelEPtPKhPKjsiihh  touchgfx_core_wchar16.lib(lcd16bpp.o)
    0x0803abc4   0x0803a0a8   0x00000008   Data   RO         1732    .ARM.exidx.text._ZNK8touchgfx8LCD16bpp8bitDepthEv  touchgfx_core_wchar16.lib(lcd16bpp.o)
    0x0803abcc   0x0803a0a8   0x00000008   Data   RO         2017    .ARM.exidx.text._ZNK8touchgfx9ConstFont8getGlyphEtRPKhRh  touchgfx_core_wchar16.lib(constfont.o)
    0x0803abd4   0x0803a0a8   0x00000008   Data   RO         2061    .ARM.exidx.text._ZNK8touchgfx9Container12getSolidRectEv  touchgfx_core_wchar16.lib(container.o)
    0x0803abdc   0x0803a0a8   0x00000008   Data   RO         2055    .ARM.exidx.text._ZNK8touchgfx9Container4drawERKNS_4RectE  touchgfx_core_wchar16.lib(container.o)
    0x0803abe4   0x0803a0a8   0x00000008   Data   RO         2422    .ARM.exidx.text._ZNK8touchgfx9DragEvent12getEventTypeEv  touchgfx_core_wchar16.lib(screen.o)
    0x0803abec   0x0803a0a8   0x00000008   Data   RO         3053    .ARM.exidx.text._ZNKSt13bad_exception4whatEv  libcppabi_wx.l(stdlib_exception.cpp.o)
    0x0803abf4   0x0803a0a8   0x00000008   Data   RO         3039    .ARM.exidx.text._ZSt11__terminatePFvvE  libcppabi_wx.l(cxa_handlers.cpp.o)
    0x0803abfc   0x0803a0a8   0x00000008   Data   RO         3032    .ARM.exidx.text._ZSt12__unexpectedPFvvE  libcppabi_wx.l(cxa_handlers.cpp.o)
    0x0803ac04   0x0803a0a8   0x00000008   Data   RO         3036    .ARM.exidx.text._ZSt13get_terminatev  libcppabi_wx.l(cxa_handlers.cpp.o)
    0x0803ac0c   0x0803a0a8   0x00000008   Data   RO         3030    .ARM.exidx.text._ZSt9terminatev  libcppabi_wx.l(cxa_handlers.cpp.o)
    0x0803ac14   0x0803a0a8   0x00000008   Data   RO          589    .ARM.exidx.text._ZThn4_N18ScreenCCTPresenterD0Ev  screencctpresenter.o
    0x0803ac1c   0x0803a0a8   0x00000008   Data   RO         2762    .ARM.exidx.text._ZdlPv  libcpp_wx.l(new.cpp.o)
    0x0803ac24   0x0803a0a8   0x00000008   Data   RO         2798    .ARM.exidx.text.__clang_call_terminate  libcpp_wx.l(new.cpp.o)
    0x0803ac2c   0x0803a0a8   0x00000008   Data   RO         3093    .ARM.exidx.text.__cxa_allocate_exception  libcppabi_wx.l(cxa_exception.cpp.o)
    0x0803ac34   0x0803a0a8   0x00000008   Data   RO         3116    .ARM.exidx.text.__cxa_begin_catch  libcppabi_wx.l(cxa_exception.cpp.o)
    0x0803ac3c   0x0803a0a8   0x00000008   Data   RO         3111    .ARM.exidx.text.__cxa_begin_cleanup  libcppabi_wx.l(cxa_exception.cpp.o)
    0x0803ac44   0x0803a0a8   0x00000008   Data   RO         2824    .ARM.exidx.text.__cxa_call_unexpected  libcppabi_wx.l(cxa_personality.cpp.o)
    0x0803ac4c   0x0803a0a8   0x00000008   Data   RO         3121    .ARM.exidx.text.__cxa_decrement_exception_refcount  libcppabi_wx.l(cxa_exception.cpp.o)
    0x0803ac54   0x0803a0a8   0x00000008   Data   RO         3118    .ARM.exidx.text.__cxa_end_catch  libcppabi_wx.l(cxa_exception.cpp.o)
    0x0803ac5c   0x0803a0a8   0x00000008   Data   RO         3113    .ARM.exidx.text.__cxa_end_cleanup_impl  libcppabi_wx.l(cxa_exception.cpp.o)
    0x0803ac64   0x0803a0a8   0x00000008   Data   RO         3020    .ARM.exidx.text.__cxa_get_globals  libcppabi_wx.l(cxa_exception_storage.cpp.o)
    0x0803ac6c   0x0803a0a8   0x00000008   Data   RO         2809    .ARM.exidx.text.__cxa_pure_virtual  libcppabi_wx.l(cxa_virtual.cpp.o)
    0x0803ac74   0x0803a0a8   0x00000008   Data   RO         3125    .ARM.exidx.text.__cxa_rethrow  libcppabi_wx.l(cxa_exception.cpp.o)
    0x0803ac7c   0x0803a0a8   0x00000008   Data   RO         3102    .ARM.exidx.text.__cxa_throw  libcppabi_wx.l(cxa_exception.cpp.o)
    0x0803ac84   0x0803a0a8   0x00000008   Data   RO         3370    .ARM.exidx.text.__dynamic_cast  libcppabi_wx.l(private_typeinfo.cpp.o)
    0x0803ac8c   0x0803a0a8   0x00000008   Data   RO         2868    .ARM.exidx.text.__gnu_unwind_frame  libunwind_wx.l(Unwind-EHABI.cpp.o)
    0x0803ac94   0x0803a0a8   0x00000008   Data   RO         2815    .ARM.exidx.text.__gxx_personality_v0  libcppabi_wx.l(cxa_personality.cpp.o)
    0x0803ac9c   0x0803a0a8   0x00000008   Data   RO         3149    .ARM.exidx.text.__unw_get_fpreg  libunwind_wx.l(libunwind.cpp.o)
    0x0803aca4   0x0803a0a8   0x00000008   Data   RO         3155    .ARM.exidx.text.__unw_get_proc_info  libunwind_wx.l(libunwind.cpp.o)
    0x0803acac   0x0803a0a8   0x00000008   Data   RO         3145    .ARM.exidx.text.__unw_get_reg  libunwind_wx.l(libunwind.cpp.o)
    0x0803acb4   0x0803a0a8   0x00000008   Data   RO         3143    .ARM.exidx.text.__unw_init_local  libunwind_wx.l(libunwind.cpp.o)
    0x0803acbc   0x0803a0a8   0x00000008   Data   RO         3157    .ARM.exidx.text.__unw_resume  libunwind_wx.l(libunwind.cpp.o)
    0x0803acc4   0x0803a0a8   0x00000008   Data   RO         3167    .ARM.exidx.text.__unw_save_vfp_as_X  libunwind_wx.l(libunwind.cpp.o)
    0x0803accc   0x0803a0a8   0x00000008   Data   RO         3151    .ARM.exidx.text.__unw_set_fpreg  libunwind_wx.l(libunwind.cpp.o)
    0x0803acd4   0x0803a0a8   0x00000008   Data   RO         3147    .ARM.exidx.text.__unw_set_reg  libunwind_wx.l(libunwind.cpp.o)
    0x0803acdc   0x0803a0a8   0x00000008   Data   RO         3153    .ARM.exidx.text.__unw_step  libunwind_wx.l(libunwind.cpp.o)
    0x0803ace4   0x0803a0a8   0x00000008   Data   RO         3081    .ARM.exidx.text.abort_message  libcppabi_wx.l(abort_message.cpp.o)
    0x0803acec   0x0803a0a8   0x00000008   Data   RO         2832    .ARM.exidx.text.decode_eht_entry  libunwind_wx.l(Unwind-EHABI.cpp.o)
    0x0803acf4   0x0803a0a8   0x00000008   Data   RO         2801    .ARM.exidx.text.unlikely.__cxa_guard_acquire  libcppabi_wx.l(cxa_guard.cpp.o)
    0x0803acfc   0x0803a0a8   0x00000008   Data   RO         2803    .ARM.exidx.text.unlikely.__cxa_guard_release  libcppabi_wx.l(cxa_guard.cpp.o)


    Execution Region RW_IRAM2 (Exec base: 0x10000000, Load base: 0x0803adc0, Size: 0x00001d40, Max: 0x00010000, ABSOLUTE)

    Exec Addr    Load Addr    Size         Type   Attr      Idx    E Section Name        Object

    0x10000000   0x0803adc0   0x00000004   Data   RW          403    .data.SystemCoreClock  system_stm32f4xx.o
    0x10000004   0x0803adc4   0x00000004   Data   RW         1382    .data._ZL5dummy     oswrappers.o
    0x10000008   0x0803adc8   0x00000004   Data   RW         3291    .data.__cxa_unexpected_handler  libcppabi_wx.l(cxa_default_handlers.cpp.o)
    0x1000000c   0x0803adcc   0x00000030   Data   RW           29    .data.sys_Parament  system_data.o
    0x1000003c   0x0803adfc   0x00000004   Data   RW          330    .data.uwTickPrio    stm32f4xx_hal.o
    0x10000040        -       0x00000060   Zero   RW         3223    .bss                c_w.l(libspace.o)
    0x100000a0        -       0x0000000a   Zero   RW         2271    .bss..L_MergedGlobals  touchgfx_core_wchar16.lib(hal.o)
    0x100000aa   0x0803ae00   0x00000006   PAD
    0x100000b0        -       0x00000070   Zero   RW         1642    .bss..L_MergedGlobals.20  touchgfx_core_wchar16.lib(lcd16bpp.o)
    0x10000120        -       0x00000004   Zero   RW          141    .bss.FSMC_Initialized  fsmc.o
    0x10000124        -       0x00000004   Zero   RW          988    .bss._ZGVZ23getFont_simfang_17_4bppvE15simfang_17_4bpp  table_simfang_17_4bpp.o
    0x10000128        -       0x00000004   Zero   RW         1012    .bss._ZGVZ23getFont_simfang_40_4bppvE15simfang_40_4bpp  table_simfang_40_4bpp.o
    0x1000012c        -       0x00000004   Zero   RW         1315    .bss._ZGVZN12FrontendHeap11getInstanceEvE8instance  touchgfxconfiguration.o
    0x10000130        -       0x00000004   Zero   RW         1379    .bss._ZL16frame_buffer_sem  oswrappers.o
    0x10000134        -       0x00000004   Zero   RW         1024    .bss._ZL18currentLanguagePtr  texts.o
    0x10000138        -       0x00000004   Zero   RW         1118    .bss._ZL2kc         touchgfxhal.o
    0x1000013c        -       0x00000004   Zero   RW         1206    .bss._ZL2tc         touchgfxconfiguration.o
    0x10000140        -       0x00000044   Zero   RW         1207    .bss._ZL3dma        touchgfxconfiguration.o
    0x10000184        -       0x00000001   Zero   RW         1211    .bss._ZL5texts      touchgfxconfiguration.o
    0x10000185   0x0803ae00   0x00000003   PAD
    0x10000188        -       0x00000078   Zero   RW         1208    .bss._ZL7display    touchgfxconfiguration.o
    0x10000200        -       0x00000200   Zero   RW         3308    .bss._ZN12_GLOBAL__N_14heapE  libcppabi_wx.l(fallback_malloc.cpp.o)
    0x10000400        -       0x0000002c   Zero   RW         2632    .bss._ZN8touchgfx16TouchCalibration6matrixE  touchgfx_core_wchar16.lib(touchcalibration.o)
    0x1000042c        -       0x00000004   Zero   RW         2265    .bss._ZN8touchgfx3HAL8instanceE  touchgfx_core_wchar16.lib(hal.o)
    0x10000430        -       0x00000001   Zero   RW         2267    .bss._ZN8touchgfx3HAL9isDrawingE  touchgfx_core_wchar16.lib(hal.o)
    0x10000431   0x0803ae00   0x00000001   PAD
    0x10000432        -       0x00000002   Zero   RW         1022    .bss._ZN8touchgfx5Texts15currentLanguageE  texts.o
    0x10000434        -       0x00000004   Zero   RW         2511    .bss._ZN8touchgfx9TypedText10typedTextsE  touchgfx_core_wchar16.lib(typedtext.o)
    0x10000438        -       0x00000002   Zero   RW         2514    .bss._ZN8touchgfx9TypedText18numberOfTypedTextsE  touchgfx_core_wchar16.lib(typedtext.o)
    0x1000043a   0x0803ae00   0x00000002   PAD
    0x1000043c        -       0x00000004   Zero   RW         2513    .bss._ZN8touchgfx9TypedText5fontsE  touchgfx_core_wchar16.lib(typedtext.o)
    0x10000440        -       0x00000001   Zero   RW         3168    .bss._ZN9libunwind17LocalAddressSpace17sThisAddressSpaceE  libunwind_wx.l(libunwind.cpp.o)
    0x10000441   0x0803ae00   0x00000003   PAD
    0x10000444        -       0x0000002c   Zero   RW          999    .bss._ZZ23getFont_simfang_25_4bppvE15simfang_25_4bpp  table_simfang_25_4bpp.o
    0x10000470        -       0x00000240   Zero   RW         1314    .bss._ZZN12FrontendHeap11getInstanceEvE8instance  touchgfxconfiguration.o
    0x100006b0        -       0x00000004   Zero   RW           95    .bss.canTaskHandle  freertos.o
    0x100006b4        -       0x00000004   Zero   RW           93    .bss.defaultTaskHandle  freertos.o
    0x100006b8        -       0x00000028   Zero   RW          116    .bss.hcan1          can.o
    0x100006e0        -       0x00000008   Zero   RW          124    .bss.hcrc           crc.o
    0x100006e8        -       0x00000010   Zero   RW          150    .bss.hrng           rng.o
    0x100006f8        -       0x00000050   Zero   RW          139    .bss.hsram1         fsmc.o
    0x10000748        -       0x00000048   Zero   RW          201    .bss.htim14         stm32f4xx_hal_timebase_tim.o
    0x10000790        -       0x00000048   Zero   RW          167    .bss.htim3          tim.o
    0x100007d8        -       0x00000004   Zero   RW           99    .bss.lcdTransferTaskHandle  freertos.o
    0x100007dc        -       0x00000006   Zero   RW          218    .bss.lcddev         tft_lcd.o
    0x100007e2   0x0803ae00   0x00000002   PAD
    0x100007e4        -       0x00000004   Zero   RW           97    .bss.menuTaskHandle  freertos.o
    0x100007e8        -       0x00000050   Zero   RW          480    .bss.prvCheckForValidListAndQueue.xStaticTimerQueue  timers.o
    0x10000838        -       0x00000004   Zero   RW          477    .bss.prvSampleTimeNow.xLastTime  timers.o
    0x1000083c        -       0x00000004   Zero   RW          475    .bss.pxCurrentTimerList  timers.o
    0x10000840        -       0x00000004   Zero   RW          451    .bss.pxDelayedTaskList  tasks.o
    0x10000844        -       0x00000004   Zero   RW          502    .bss.pxEnd          heap_4.o
    0x10000848        -       0x00000004   Zero   RW          101    .bss.testTaskHandle  freertos.o
    0x1000084c        -       0x0000000c   Zero   RW         1055    .bss.touchgfx_fonts  typedtextdatabase.o
    0x10000858        -       0x00000004   Zero   RW          518    .bss.ulMaxPRIGROUPValue  port.o
    0x1000085c        -       0x00000004   Zero   RW          447    .bss.uxCurrentNumberOfTasks  tasks.o
    0x10000860        -       0x00000004   Zero   RW          449    .bss.uxSchedulerSuspended  tasks.o
    0x10000864        -       0x00000004   Zero   RW          444    .bss.uxTaskNumber   tasks.o
    0x10000868        -       0x00000004   Zero   RW          455    .bss.uxTopReadyPriority  tasks.o
    0x1000086c        -       0x00000060   Zero   RW          491    .bss.vApplicationGetIdleTaskMemory.Idle_TCB  cmsis_os2.o
    0x100008cc        -       0x00000400   Zero   RW          494    .bss.vApplicationGetTimerTaskMemory.Timer_Stack  cmsis_os2.o
    0x10000ccc        -       0x00000014   Zero   RW          479    .bss.xActiveTimerList2  timers.o
    0x10000ce0        -       0x00000014   Zero   RW          464    .bss.xDelayedTaskList2  tasks.o
    0x10000cf4        -       0x00000004   Zero   RW          504    .bss.xFreeBytesRemaining  heap_4.o
    0x10000cf8        -       0x00000004   Zero   RW          459    .bss.xNextTaskUnblockTime  tasks.o
    0x10000cfc        -       0x00000004   Zero   RW          507    .bss.xNumberOfSuccessfulAllocations  heap_4.o
    0x10000d00        -       0x00000004   Zero   RW          461    .bss.xPendedTicks   tasks.o
    0x10000d04        -       0x00000014   Zero   RW          456    .bss.xPendingReadyList  tasks.o
    0x10000d18        -       0x00000004   Zero   RW           91    .bss.xQueueLCDHandle  freertos.o
    0x10000d1c        -       0x00000008   Zero   RW          505    .bss.xStart         heap_4.o
    0x10000d24        -       0x00000014   Zero   RW          445    .bss.xTasksWaitingTermination  tasks.o
    0x10000d38        -       0x00000004   Zero   RW          472    .bss.xTimerQueue    timers.o
    0x10000d3c   0x0803ae00   0x00000004   PAD
    0x10000d40        -       0x00001000   Zero   RW            2    HEAP                startup_stm32f407xx.o


    Execution Region RW_IRAM1 (Exec base: 0x20000000, Load base: 0x0803ad10, Size: 0x00011d38, Max: 0x00020000, ABSOLUTE)

    Exec Addr    Load Addr    Size         Type   Attr      Idx    E Section Name        Object

    0x20000000   0x0803ad10   0x00000070   Data   RW         1641    .data..L_MergedGlobals  touchgfx_core_wchar16.lib(lcd16bpp.o)
    0x20000070   0x0803ad80   0x00000014   Data   RW         1863    .data..L_MergedGlobals  touchgfx_core_wchar16.lib(application.o)
    0x20000084   0x0803ad94   0x00000008   Data   RW          179    .data.UART3_Frame   usart.o
    0x2000008c   0x0803ad9c   0x00000004   Data   RW         1209    .data._ZL12fontProvider  touchgfxconfiguration.o
    0x20000090   0x0803ada0   0x00000004   Data   RW         3290    .data.__cxa_terminate_handler  libcppabi_wx.l(cxa_default_handlers.cpp.o)
    0x20000094   0x0803ada4   0x00000014   Data   RW           28    .data.box_Parament  system_data.o
    0x200000a8   0x0803adb8   0x00000001   Data   RW          331    .data.uwTickFreq    stm32f4xx_hal.o
    0x200000a9   0x0803adb9   0x00000003   PAD
    0x200000ac   0x0803adbc   0x00000004   Data   RW          519    .data.uxCriticalNesting  port.o
    0x200000b0        -       0x00000024   Zero   RW         1972    .bss..L_MergedGlobals  touchgfx_core_wchar16.lib(bitmap.o)
    0x200000d4        -       0x00000008   Zero   RW          115    .bss.CanRxData      can.o
    0x200000dc        -       0x00000004   Zero   RW          142    .bss.FSMC_DeInitialized  fsmc.o
    0x200000e0        -       0x00000004   Zero   RW           98    .bss.GUI_TaskHandle  freertos.o
    0x200000e4        -       0x00000004   Zero   RW          489    .bss.KernelState    cmsis_os2.o
    0x200000e8        -       0x00000100   Zero   RW          177    .bss.USART3_DMA_Rx_Buffer  usart.o
    0x200001e8        -       0x00000004   Zero   RW         1000    .bss._ZGVZ23getFont_simfang_25_4bppvE15simfang_25_4bpp  table_simfang_25_4bpp.o
    0x200001ec        -       0x00000004   Zero   RW         1381    .bss._ZL11vsync_queue  oswrappers.o
    0x200001f0        -       0x00000004   Zero   RW         1023    .bss._ZL14languagesArray  texts.o
    0x200001f4        -       0x00000004   Zero   RW         1025    .bss._ZL22currentLanguageIndices  texts.o
    0x200001f8        -       0x0000007c   Zero   RW         1210    .bss._ZL3hal        touchgfxconfiguration.o
    0x20000274        -       0x00000004   Zero   RW         1119    .bss._ZL3knc        touchgfxhal.o
    0x20000278        -       0x0000000c   Zero   RW         3023    .bss._ZN10__cxxabiv1L10eh_globalsE  libcppabi_wx.l(cxa_exception_storage.cpp.o)
    0x20000284        -       0x00000004   Zero   RW         3307    .bss._ZN12_GLOBAL__N_18freelistE  libcppabi_wx.l(fallback_malloc.cpp.o)
    0x20000288        -       0x00000008   Zero   RW         1860    .bss._ZN8touchgfx11Application22debugRegionInvalidRectE  touchgfx_core_wchar16.lib(application.o)
    0x20000290        -       0x00000004   Zero   RW         2187    .bss._ZN8touchgfx11FontManager8providerE  touchgfx_core_wchar16.lib(fontmanager.o)
    0x20000294        -       0x00000001   Zero   RW         2266    .bss._ZN8touchgfx3HAL20USE_DOUBLE_BUFFERINGE  touchgfx_core_wchar16.lib(hal.o)
    0x20000295   0x0803adc0   0x00000003   PAD
    0x20000298        -       0x00000004   Zero   RW         2353    .bss._ZN8touchgfx3LCD12defaultColorE  touchgfx_core_wchar16.lib(lcd.o)
    0x2000029c        -       0x00000004   Zero   RW         1324    .bss._ZN8touchgfx5paint12_GLOBAL__N_111blendL8CLUTE  touchgfxgeneratedhal.o
    0x200002a0        -       0x00000004   Zero   RW         2512    .bss._ZN8touchgfx9TypedText5textsE  touchgfx_core_wchar16.lib(typedtext.o)
    0x200002a4        -       0x0000002c   Zero   RW          987    .bss._ZZ23getFont_simfang_17_4bppvE15simfang_17_4bpp  table_simfang_17_4bpp.o
    0x200002d0        -       0x0000002c   Zero   RW         1011    .bss._ZZ23getFont_simfang_40_4bppvE15simfang_40_4bpp  table_simfang_40_4bpp.o
    0x200002fc        -       0x00000001   Zero   RW         2268    .bss._ZZN8touchgfx3HAL4tickEvE12touchTickCnt  touchgfx_core_wchar16.lib(hal.o)
    0x200002fd   0x0803adc0   0x00000003   PAD
    0x20000300        -       0x00000004   Zero   RW           92    .bss.boxInputQueueHandle  freertos.o
    0x20000304        -       0x00000004   Zero   RW           94    .bss.cctTaskHandle  freertos.o
    0x20000308        -       0x00000060   Zero   RW          178    .bss.hdma_usart3_rx  usart.o
    0x20000368        -       0x00000058   Zero   RW          158    .bss.hspi2          spi.o
    0x200003c0        -       0x00000050   Zero   RW          140    .bss.hsram2         fsmc.o
    0x20000410        -       0x00000048   Zero   RW          166    .bss.htim2          tim.o
    0x20000458        -       0x00000048   Zero   RW          168    .bss.htim4          tim.o
    0x200004a0        -       0x00000044   Zero   RW          176    .bss.huart3         usart.o
    0x200004e4        -       0x00000004   Zero   RW          100    .bss.inputTaskHandle  freertos.o
    0x200004e8        -       0x00000004   Zero   RW           53    .bss.key_Parament   control_box.o
    0x200004ec        -       0x00000004   Zero   RW           96    .bss.lightEffectTaskHandle  freertos.o
    0x200004f0        -       0x000000a0   Zero   RW          481    .bss.prvCheckForValidListAndQueue.ucStaticTimerQueueStorage  timers.o
    0x20000590        -       0x00000004   Zero   RW          443    .bss.pxCurrentTCB   tasks.o
    0x20000594        -       0x00000004   Zero   RW          452    .bss.pxOverflowDelayedTaskList  tasks.o
    0x20000598        -       0x00000004   Zero   RW          476    .bss.pxOverflowTimerList  timers.o
    0x2000059c        -       0x00000460   Zero   RW          454    .bss.pxReadyTasksLists  tasks.o
    0x200009fc        -       0x00000004   Zero   RW           90    .bss.sysDataQueue_AppHandle  freertos.o
    0x20000a00        -       0x00000028   Zero   RW          103    .bss.test_info      freertos.o
    0x20000a28        -       0x0000ffff   Zero   RW          509    .bss.ucHeap         heap_4.o
    0x20010a27        -       0x00000001   Zero   RW          517    .bss.ucMaxSysCallPriority  port.o
    0x20010a28        -       0x00000004   Zero   RW          332    .bss.uwTick         stm32f4xx_hal.o
    0x20010a2c        -       0x00000004   Zero   RW          446    .bss.uxDeletedTasksWaitingCleanUp  tasks.o
    0x20010a30        -       0x00000200   Zero   RW          492    .bss.vApplicationGetIdleTaskMemory.Idle_Stack  cmsis_os2.o
    0x20010c30        -       0x00000060   Zero   RW          493    .bss.vApplicationGetTimerTaskMemory.Timer_TCB  cmsis_os2.o
    0x20010c90        -       0x00000004   Zero   RW          102    .bss.wirelessTaskHandle  freertos.o
    0x20010c94        -       0x00000014   Zero   RW          478    .bss.xActiveTimerList1  timers.o
    0x20010ca8        -       0x00000004   Zero   RW          503    .bss.xBlockAllocatedBit  heap_4.o
    0x20010cac        -       0x00000014   Zero   RW          463    .bss.xDelayedTaskList1  tasks.o
    0x20010cc0        -       0x00000004   Zero   RW          458    .bss.xIdleTaskHandle  tasks.o
    0x20010cc4        -       0x00000004   Zero   RW          506    .bss.xMinimumEverFreeBytesRemaining  heap_4.o
    0x20010cc8        -       0x00000004   Zero   RW          462    .bss.xNumOfOverflows  tasks.o
    0x20010ccc        -       0x00000004   Zero   RW          508    .bss.xNumberOfSuccessfulFrees  heap_4.o
    0x20010cd0        -       0x00000040   Zero   RW          428    .bss.xQueueRegistry  queue.o
    0x20010d10        -       0x00000004   Zero   RW          448    .bss.xSchedulerRunning  tasks.o
    0x20010d14        -       0x00000014   Zero   RW          453    .bss.xSuspendedTaskList  tasks.o
    0x20010d28        -       0x00000004   Zero   RW          450    .bss.xTickCount     tasks.o
    0x20010d2c        -       0x00000004   Zero   RW          474    .bss.xTimerTaskHandle  timers.o
    0x20010d30        -       0x00000004   Zero   RW          460    .bss.xYieldPending  tasks.o
    0x20010d34   0x0803adc0   0x00000004   PAD
    0x20010d38        -       0x00001000   Zero   RW            1    STACK               startup_stm32f407xx.o


    Execution Region RW_RAM3 (Exec base: 0x60000000, Load base: 0x0803ae00, Size: 0x00000000, Max: 0x00100000, ABSOLUTE)

    **** No section assigned to this execution region ****



  Load Region LR_ROM1 (Base: 0x90000000, Size: 0x0004b000, Max: 0x01000000, ABSOLUTE)

    Execution Region ER_ROM1 (Exec base: 0x90000000, Load base: 0x90000000, Size: 0x0004b000, Max: 0x01000000, ABSOLUTE)

    Exec Addr    Load Addr    Size         Type   Attr      Idx    E Section Name        Object

    0x90000000   0x90000000   0x0004b000   Data   RO          854    ExtFlashSection     image_r.o


==============================================================================

Image component sizes


      Code (inc. data)   RO Data    RW Data    ZI Data      Debug   Object Name

       180          0          0          0          0        945   algorithm_library.o
        38          0          0          0          0        708   app_touchgfx.o
       136          0         20          0          0       3108   applicationfontprovider.o
        16          0         20          0          0       2687   bitmapdatabase.o
        40          0          0          0          0      11095   cachedfont.o
      1496         20          0          0         48       8763   can.o
       304          0        616          0          0       1847   cct.o
      8706          6         17          0       1732      33090   cmsis_os2.o
       528          0          0          0          4       2049   control_box.o
       144          0          0          0          8       2497   crc.o
       108          0          0          0          0       3626   dma.o
         4          0          0          0          0        545   esp32c3.o
      1748          0          0          0          0       7268   event_groups.o
         0          0        518          0          0       1611   font_simfang_17_4bpp_0.o
         0          0        944          0          0       1611   font_simfang_25_4bpp_0.o
         0          0       2526          0          0       1611   font_simfang_40_4bpp_0.o
      1460          0        603          0         92       7329   freertos.o
       308          0         76          0          0       8905   frontendapplication.o
      1502          0        840          0          0      18157   frontendapplicationbase.o
       678          0          0          0        168       5429   fsmc.o
       488          0         96          0          0      10241   generatedfont.o
       546          0          0          0          0       4229   gpio.o
      1322          0          0          0      65567       4301   heap_4.o
         0          0     307200          0          0        493   image_r.o
         0          0          4          0          0       4531   kerning_simfang_17_4bpp.o
         0          0          4          0          0       4531   kerning_simfang_25_4bpp.o
         0          0          4          0          0       4531   kerning_simfang_40_4bpp.o
       178          0         28          0          0       7250   keycontroller.o
       236          0         28          0          0       7415   knobcontroller.o
         0          0          4          0          0       1695   languagegb.o
       736         32          0          0          0       2034   light_effect.o
       304          0          0          0          0       2159   list.o
       496          0          0          0          0       6121   main.o
        24          0          0          0          0        899   model.o
       364          0        183          4          8       4018   oswrappers.o
      1196         16          0          4          5       3609   port.o
      5832          0          0          0         64      16545   queue.o
       178          0          0          0         16       2584   rng.o
       288          0         88          0          0       8175   screencctpresenter.o
       110          0         52          0          0       7094   screencctview.o
       740          0        232          0          0      27493   screencctviewbase.o
       388          0          0          0         88       4905   spi.o
        64         26        392          0       8192        888   startup_stm32f407xx.o
       248          0        165          0          0       7525   stm32dma.o
       772          0          0          5          4       6577   stm32f4xx_hal.o
      4398          0          0          0          0      10625   stm32f4xx_hal_can.o
      1450          0          0          0          0       8877   stm32f4xx_hal_cortex.o
       364          0          0          0          0       2623   stm32f4xx_hal_crc.o
      3332         22          8          0          0       8217   stm32f4xx_hal_dma.o
      1790          0          0          0          0       4981   stm32f4xx_hal_gpio.o
       108          0          0          0          0       3409   stm32f4xx_hal_msp.o
      3342          0          0          0          0       7337   stm32f4xx_hal_rcc.o
       868          0          0          0          0       3582   stm32f4xx_hal_rng.o
      9726          0          0          0          0      18601   stm32f4xx_hal_spi.o
      2082          0          0          0          0       7968   stm32f4xx_hal_sram.o
     25162        224          0          0          0      33344   stm32f4xx_hal_tim.o
      9618          0          0          0          0      14425   stm32f4xx_hal_tim_ex.o
       280          0          0          0         72       7097   stm32f4xx_hal_timebase_tim.o
     10018          0          0          0          0      18916   stm32f4xx_hal_uart.o
       304          0          0          0          0       4562   stm32f4xx_it.o
      1420          0          0          0          0       5681   stm32f4xx_ll_fsmc.o
        78          0         24          0          0       2800   stm32touchcontroller.o
       108          0          0         68          0       2439   system_data.o
       322          0         24          4          0       2538   system_stm32f4xx.o
       170          0        172          0         48       6181   table_simfang_17_4bpp.o
       170          0        172          0         48       6181   table_simfang_25_4bpp.o
       170          0        172          0         48       6181   table_simfang_40_4bpp.o
     10278         12          5          0       1280      23780   tasks.o
       660          0         14          0         14      13950   texts.o
      6112          4      15912          0          6      11021   tft_lcd.o
      1014          0          0          0        216       8983   tim.o
      2778         10         13          0        300      11055   timers.o
      1998          0        248          4        897      40288   touchgfxconfiguration.o
      1824          0        216          0          4      20203   touchgfxgeneratedhal.o
       182         16          0          0          0       2971   touchgfxgpio.o
       786          0        256          0          8      12667   touchgfxhal.o
       224          0         12          0         12       3442   typedtextdatabase.o
       678          0          0          8        420       7480   usart.o
      1304          0          0          0          0       3228   w25qx.o

    ----------------------------------------------------------------------
    135196        388     331978        100      79382     618357   Object Totals
         0          0         64          0          0          0   (incl. Generated)
       172          0          6          3         13          0   (incl. Padding)

    ----------------------------------------------------------------------

      Code (inc. data)   RO Data    RW Data    ZI Data      Debug   Library Member Name

         8          0          0          0          0         68   __main.o
         0          0          0          0          0          0   __rtentry.o
        12          0          0          0          0          0   __rtentry2.o
         6          0          8          0          0          0   __rtentry4.o
        52          8          0          0          0          0   __scatter.o
        26          0          0          0          0          0   __scatter_copy.o
        28          0          0          0          0          0   __scatter_zi.o
        22          0          0          0          0         80   abort.o
         8          0          0          0          0         68   abs.o
        46          0          0          0          0         84   aeabi_atexit.o
        16          0          0          0          0         68   aeabi_memset4.o
       128         42          0          0          0         76   assert.o
        20          0          0          0          0         76   assert_puts.o
        10          0          0          0          0         68   cxa_atexit.o
        66          0          0          0          0         84   cxa_finalize.o
        48         34          0          0          0         76   defsig_abrt_inner.o
        14          0          0          0          0         80   defsig_abrt_outer.o
        10          0          0          0          0         68   defsig_exit.o
        50          0          0          0          0         88   defsig_general.o
        80         58          0          0          0         76   defsig_rtmem_inner.o
        14          0          0          0          0         80   defsig_rtmem_outer.o
        18          0          0          0          0         80   exit.o
        94          0          0          0          0         80   h1_alloc.o
        52          0          0          0          0         68   h1_extend.o
        78          0          0          0          0         80   h1_free.o
        14          0          0          0          0         84   h1_init.o
       174          0          0          0          0         88   h1_memalign.o
         6          0          0          0          0        152   heapauxi.o
         4          0          0          0          0        136   hguard.o
         0          0          0          0          0          0   indicate_semi.o
        36          8          0          0          0         80   init_aeabi.o
       138          0          0          0          0        168   init_alloc.o
         2          0          0          0          0          0   libinit.o
        18          0          0          0          0          0   libinit2.o
         2          0          0          0          0          0   libshutdown.o
         8          0          0          0          0          0   libshutdown2.o
         8          4          0          0         96         68   libspace.o
       240          0          0          0          0        100   lludivv7m.o
         0          0          0          0          0          0   maybetermalloc1.o
         8          4          0          0          0         68   rt_ddtor_pointer_addr_intlibspace.o
         8          4          0          0          0         68   rt_heap_descriptor_intlibspace.o
        68          0          0          0          0         68   rt_memclr.o
        78          0          0          0          0         80   rt_memclr_w.o
       138          0          0          0          0         68   rt_memcpy_v6.o
       100          0          0          0          0         80   rt_memcpy_w.o
         2          0          0          0          0          0   rtexit.o
        10          0          0          0          0          0   rtexit2.o
       124          0          0          0          0         88   strcmpv7em.o
        12          4          0          0          0         68   sys_exit.o
        74          0          0          0          0         80   sys_stackheap_outer.o
        14          0          0          0          0         76   sys_wrch.o
         2          0          0          0          0         68   use_no_semi.o
        98          4          0          0          0        140   d2f.o
       834         16          0          0          0        516   daddsub_clz.o
        84          0          0          0          0        244   dcmp.o
        24          0          0          0          0        116   dcmpi.o
       692        140          0          0          0        264   ddiv.o
       120          4          0          0          0        140   deqf.o
        94          4          0          0          0        140   dfix.o
        46          0          0          0          0        116   dflt_clz.o
       120          4          0          0          0        140   dgeqf.o
       120          4          0          0          0        140   dleqf.o
       340         12          0          0          0        152   dmul.o
       156          4          0          0          0        140   dnaninf.o
        12          0          0          0          0        116   dretinf.o
       108          0          0          0          0        128   drleqf.o
        86          4          0          0          0        132   f2d.o
       140          4          0          0          0        132   fnaninf.o
        26          0          0          0          0        116   fpinit.o
        10          0          0          0          0        116   fretinf.o
         0          0          0          0          0          0   usenofp.o
        16          0         16          0          0        436   new.cpp.o
         6          0          8          0          0         44   abort_message.cpp.o
         0          0          0          8          0          0   cxa_default_handlers.cpp.o
       786          4        204          0          0        576   cxa_exception.cpp.o
        20          0          8          0         12         52   cxa_exception_storage.cpp.o
       104         56         16          0          0         76   cxa_guard.cpp.o
       244        136         88          0          0        180   cxa_handlers.cpp.o
      2046         14        148          0          0        276   cxa_personality.cpp.o
        40         32          8          0          0         68   cxa_virtual.cpp.o
       352          0         24          0        516        164   fallback_malloc.cpp.o
      1106          0        292          0          0       1044   private_typeinfo.cpp.o
        32         20         79          0          0        196   stdlib_exception.cpp.o
         2          0         21          0          0        196   stdlib_typeinfo.cpp.o
      1954         14        112          0          0        540   Unwind-EHABI.cpp.o
        38          0          0          0          0          0   UnwindRegistersRestore.S.o
        46          0          0          0          0          0   UnwindRegistersSave.S.o
      2488        564        291          0          1        800   libunwind.cpp.o
       280         28          0          0          0        156   ceil.o
       310         72        287          0          0          0   abstractpartition.o
      3962        100        420         20          8          0   application.o
      1190         44        233          0         36          0   bitmap.o
       180          0        176          0          0          0   box.o
       408          4        136          0          0          0   constfont.o
      1234        116        426          0          0          0   container.o
       220          8          0          0          0          0   displaytransformation.o
       708        160        262          0          0          0   dma.o
       402          4        168          0          0          0   drawable.o
       656          0         48          0          0          0   font.o
        12          4          0          0          4          0   fontmanager.o
       330         12        132          0          0          0   gestures.o
      3696        298       1225          0         17          0   hal.o
       190          0        140          0          0          0   image.o
      4162         58        349          0          4          0   lcd.o
     33634        698       2766        112        112          0   lcd16bpp.o
      1526         28        424          0          0          0   screen.o
       160         16          0          0          0          0   stm32_crc_lock.o
      2632        264        250          0          0          0   textprovider.o
       994         84          0          0          0          0   texturemaptypes.o
       566         12          0          0         44          0   touchcalibration.o
         0          0          0          0         14          0   typedtext.o

    ----------------------------------------------------------------------
     72160       3216       8766        140        882      10928   Library Totals
       124          0          1          0         18          0   (incl. Padding)

    ----------------------------------------------------------------------

      Code (inc. data)   RO Data    RW Data    ZI Data      Debug   Library Name

      2194        166          8          0         96       3136   c_w.l
      3110        200          0          0          0       2988   fz_wm.l
        16          0         16          0          0        436   libcpp_wx.l
      4738        262        896          8        528       2872   libcppabi_wx.l
      4526        578        403          0          1       1340   libunwind_wx.l
       280         28          0          0          0        156   m_wm.l
     57172       1982       7442        132        239          0   touchgfx_core_wchar16.lib

    ----------------------------------------------------------------------
     72160       3216       8766        140        882      10928   Library Totals

    ----------------------------------------------------------------------

==============================================================================


      Code (inc. data)   RO Data    RW Data    ZI Data      Debug   

    207356       3604     340744        240      80264     623905   Grand Totals
    207356       3604     340744        240      80264     623905   ELF Image Totals
    207356       3604     340744        240          0          0   ROM Totals

==============================================================================

    Total RO  Size (Code + RO Data)               548100 ( 535.25kB)
    Total RW  Size (RW Data + ZI Data)             80504 (  78.62kB)
    Total ROM Size (Code + RO Data + RW Data)     548340 ( 535.49kB)

==============================================================================

