<html>
<body>
<pre>
<h1>µVision Build Log</h1>
<h2>Tool Versions:</h2>
IDE-Version: ¦ÌVision V5.37.0.0
Copyright (C) 2022 ARM Ltd and ARM Germany GmbH. All rights reserved.
License Information: keil arm, MDK, LIC=FYKYW-QFI9Y-GKEBG-VH312-IDFAH-PUK88
 
Tool Versions:
Toolchain:       MDK-ARM Plus  Version: 5.37.0.0
Toolchain Path:  d:\Keil_v5\ARM\ARMCLANG\Bin
C Compiler:      ArmClang.exe V6.18
Assembler:       Armasm.exe V6.18
Linker/Locator:  ArmLink.exe V6.18
Library Manager: ArmAr.exe V6.18
Hex Converter:   FromElf.exe V6.18
CPU DLL:         SARMCM3.DLL V5.37.0.0
Dialog DLL:      DCM.DLL V1.17.5.0
Target DLL:      STLink\ST-LINKIII-KEIL_SWO.dll V3.0.9.0
Dialog DLL:      TCM.DLL V1.56.1.0
 
<h2>Project:</h2>
D:\20230611ZCG\SCNULED1200\LY1200_master\LY1200_master\LY1200_APP_master\MDK-ARM\LY1200_APP_master.uvprojx
Project File Date:  07/03/2023

<h2>Output:</h2>
*** Using Compiler 'V6.18', folder: 'd:\Keil_v5\ARM\ARMCLANG\Bin'
Rebuild target 'LY1200_APP_master'
compiling menu_module.c...
compiling algorithm_library.c...
compiling cct.c...
compiling TouchGFX_User.c...
assembling startup_stm32f407xx.s...
compiling system_data.c...
compiling light_effect.c...
compiling main.c...
compiling gpio.c...
compiling can.c...
compiling crc.c...
compiling dma.c...
compiling freertos.c...
compiling fsmc.c...
compiling spi.c...
compiling rng.c...
compiling tim.c...
compiling usart.c...
compiling stm32f4xx_hal_msp.c...
compiling stm32f4xx_it.c...
compiling stm32f4xx_hal_timebase_tim.c...
compiling fan.c...
compiling W25Qx.c...
compiling text.c...
compiling TFT_LCD.c...
compiling esp32c3.c...
compiling control_box.c...
compiling frame.c...
compiling stm32f4xx_hal_can.c...
compiling stm32f4xx_hal_rcc.c...
compiling stm32f4xx_hal_flash_ramfunc.c...
compiling stm32f4xx_hal_rcc_ex.c...
compiling stm32f4xx_hal_flash_ex.c...
compiling stm32f4xx_hal_flash.c...
compiling stm32f4xx_hal_gpio.c...
compiling stm32f4xx_hal_dma_ex.c...
compiling stm32f4xx_hal_pwr_ex.c...
compiling stm32f4xx_hal_dma.c...
compiling stm32f4xx_hal_pwr.c...
compiling stm32f4xx_hal_exti.c...
compiling stm32f4xx_hal_cortex.c...
compiling stm32f4xx_hal.c...
compiling stm32f4xx_hal_crc.c...
compiling stm32f4xx_hal_rng.c...
compiling stm32f4xx_ll_fsmc.c...
compiling stm32f4xx_hal_sram.c...
compiling croutine.c...
compiling stm32f4xx_hal_tim_ex.c...
compiling stm32f4xx_hal_spi.c...
compiling event_groups.c...
compiling system_stm32f4xx.c...
compiling list.c...
compiling stm32f4xx_hal_uart.c...
compiling stm32f4xx_hal_tim.c...
compiling timers.c...
compiling stream_buffer.c...
compiling queue.c...
compiling tasks.c...
compiling port.c...
compiling heap_4.c...
compiling FrontendApplication.cpp...
compiling Model.cpp...
compiling cmsis_os2.c...
compiling Screen1Presenter.cpp...
compiling ScreenBluetoothPresenter.cpp...
compiling ScreenBluetoothView.cpp...
compiling ScreenControlPresenter.cpp...
compiling Screen1View.cpp...
compiling ScreenCurvePresenter.cpp...
compiling ScreenDMXPresenter.cpp...
compiling ScreenControlView.cpp...
compiling ScreenCurveView.cpp...
compiling ScreenDMXView.cpp...
compiling ScreenEffectPresenter.cpp...
compiling ScreenEffectSetPresenter.cpp...
compiling ScreenFanPresenter.cpp...
compiling ScreenEffectView.cpp...
compiling ScreenFanView.cpp...
compiling ScreenEffectSetView.cpp...
compiling ScreenLanguagePresenter.cpp...
compiling ScreenLanguageView.cpp...
compiling ScreenMenuPresenter.cpp...
compiling ScreenStudioPresenter.cpp...
compiling ApplicationFontProvider.cpp...
compiling ScreenUpdatePresenter.cpp...
compiling ScreenMenuView.cpp...
compiling BitmapDatabase.cpp...
compiling ScreenStudioView.cpp...
compiling ScreenUpdateView.cpp...
compiling CachedFont.cpp...
compiling Font_simfang_17_4bpp_0.cpp...
compiling Font_simfang_17_4bpp_10.cpp...
compiling Font_simfang_17_4bpp_11.cpp...
compiling Font_simfang_17_4bpp_12.cpp...
compiling Font_simfang_17_4bpp_13.cpp...
compiling Font_simfang_17_4bpp_14.cpp...
compiling Font_simfang_17_4bpp_15.cpp...
compiling Font_simfang_17_4bpp_16.cpp...
compiling Font_simfang_17_4bpp_17.cpp...
compiling Font_simfang_17_4bpp_18.cpp...
compiling Font_simfang_17_4bpp_19.cpp...
compiling Font_simfang_17_4bpp_31.cpp...
compiling Font_simfang_17_4bpp_9.cpp...
compiling Font_simfang_25_4bpp_10.cpp...
compiling Font_simfang_25_4bpp_0.cpp...
compiling Font_simfang_25_4bpp_11.cpp...
compiling Font_simfang_25_4bpp_12.cpp...
compiling Font_simfang_25_4bpp_13.cpp...
compiling Font_simfang_25_4bpp_14.cpp...
compiling Font_simfang_25_4bpp_15.cpp...
compiling Font_simfang_25_4bpp_16.cpp...
compiling Font_simfang_25_4bpp_19.cpp...
compiling Font_simfang_25_4bpp_18.cpp...
compiling Font_simfang_25_4bpp_9.cpp...
compiling Font_simfang_35_4bpp_0.cpp...
compiling Font_simfang_35_4bpp_10.cpp...
compiling Font_simfang_35_4bpp_11.cpp...
compiling Font_simfang_35_4bpp_13.cpp...
compiling Font_simfang_35_4bpp_12.cpp...
compiling Font_simfang_35_4bpp_15.cpp...
compiling Font_simfang_35_4bpp_14.cpp...
compiling Font_simfang_35_4bpp_16.cpp...
compiling Font_simfang_35_4bpp_17.cpp...
compiling Font_simfang_35_4bpp_9.cpp...
compiling Font_simfang_35_4bpp_19.cpp...
compiling Font_simfang_35_4bpp_18.cpp...
compiling FontCache.cpp...
compiling GeneratedFont.cpp...
compiling image_alternate_theme_images_widgets_imageprogress_plain_normal_large.cpp...
compiling image_alternate_theme_images_widgets_imageprogress_plain_normal_large_active.cpp...
compiling image_badBulbs.cpp...
compiling FrontendApplicationBase.cpp...
compiling image_control.cpp...
compiling image_alternate_theme_images_widgets_button_regular_height_60_medium_round_normal.cpp...
compiling image_curve.cpp...
compiling image_Bluetooth_reset.cpp...
compiling image_firework.cpp...
compiling image_fan.cpp...
compiling image_explode.cpp...
compiling image_Dark_ProgressIndicators_bg_large_circle_indicator_bg_line_half.cpp...
compiling image_alternate_theme_images_widgets_circleprogress_backgrounds_large.cpp...
compiling image_flash.cpp...
compiling image_lightning.cpp...
compiling image_language.cpp...
compiling image_no.cpp...
compiling image_DMX_press.cpp...
compiling image_paparazzi.cpp...
compiling image_pulse.cpp...
compiling image_studio.cpp...
compiling Kerning_simfang_17_4bpp.cpp...
compiling image_tv.cpp...
compiling Kerning_simfang_25_4bpp.cpp...
compiling image_update.cpp...
compiling image_yes.cpp...
compiling Kerning_simfang_35_4bpp.cpp...
compiling LanguageEn.cpp...
compiling LanguageGb.cpp...
compiling ScreenBluetoothViewBase.cpp...
compiling ScreenDMXViewBase.cpp...
compiling ScreenControlViewBase.cpp...
compiling ScreenCurveViewBase.cpp...
compiling Screen1ViewBase.cpp...
compiling ScreenEffectViewBase.cpp...
compiling ScreenEffectSetViewBase.cpp...
compiling SVGDatabase.cpp...
compiling ScreenLanguageViewBase.cpp...
compiling ScreenFanViewBase.cpp...
compiling Table_simfang_17_4bpp.cpp...
compiling ScreenStudioViewBase.cpp...
compiling ScreenMenuViewBase.cpp...
compiling ScreenUpdateViewBase.cpp...
compiling Table_simfang_25_4bpp.cpp...
compiling Table_simfang_35_4bpp.cpp...
compiling UnmappedDataFont.cpp...
compiling TypedTextDatabase.cpp...
compiling Texts.cpp...
compiling STM32TouchController.cpp...
compiling STM32DMA.cpp...
compiling TouchGFXGPIO.cpp...
compiling app_touchgfx.c...
compiling OSWrappers.cpp...
../TouchGFX/target/TouchGFXHAL.cpp(74): warning: "A user must call touchgfx::startNewTransfer(); once touchgfxDisplayDriverTransmitBlock() has succesfully sent a block." [-W#warnings]
#warning "A user must call touchgfx::startNewTransfer(); once touchgfxDisplayDriverTransmitBlock() has succesfully sent a block."
 ^
../TouchGFX/target/TouchGFXHAL.cpp(75): warning: "A user must implement C-methods touchgfxDisplayDriverTransmitActive() and touchgfxDisplayDriverTransmitBlock() used by the Partial Framebuffer Strategy." [-W#warnings]
#warning "A user must implement C-methods touchgfxDisplayDriverTransmitActive() and touchgfxDisplayDriverTransmitBlock() used by the Partial Framebuffer Strategy."
 ^
2 warnings generated.
compiling TouchGFXHAL.cpp...
compiling retarget_io.c...
compiling EventRecorder.c...
compiling TouchGFXConfiguration.cpp...
compiling TouchGFXGeneratedHAL.cpp...
compiling KeyController.cpp...
linking...
LY1200_APP_master\LY1200_APP_master.sct(20): warning: L6314W: No section matches pattern *(.RAM3).
Program Size: Code=386700 RO-data=763412 RW-data=20860 ZI-data=94696  
Finished: 0 information, 1 warning and 0 error messages.
FromELF: creating hex file...
"LY1200_APP_master\LY1200_APP_master.axf" - 0 Error(s), 3 Warning(s).

<h2>Software Packages used:</h2>

Package Vendor: ARM
                http://www.keil.com/pack/ARM.CMSIS.5.9.0.pack
                ARM.CMSIS.5.9.0
                CMSIS (Common Microcontroller Software Interface Standard)
   * Component: CORE Version: 5.6.0

Package Vendor: Keil
                https://www.keil.com/pack/Keil.ARM_Compiler.1.7.2.pack
                Keil.ARM_Compiler.1.7.2
                Keil ARM Compiler extensions for ARM Compiler 5 and ARM Compiler 6
   * Component: Event Recorder Variant: DAP Version: 1.5.1
   * Component: STDOUT Variant: EVR Version: 1.2.0

Package Vendor: Keil
                https://www.keil.com/pack/Keil.STM32F4xx_DFP.2.17.0.pack
                Keil.STM32F4xx_DFP.2.17.0
                STMicroelectronics STM32F4 Series Device Support, Drivers and Examples

<h2>Collection of Component include folders:</h2>
  ./RTE/Compiler
  ./RTE/_LY1200_APP_master
  D:/Keil_v5/AppData/Local/Arm/Packs/ARM/CMSIS/5.9.0/CMSIS/Core/Include
  D:/Keil_v5/AppData/Local/Arm/Packs/Keil/ARM_Compiler/1.7.2/Include
  D:/Keil_v5/AppData/Local/Arm/Packs/Keil/STM32F4xx_DFP/2.17.0/Drivers/CMSIS/Device/ST/STM32F4xx/Include

<h2>Collection of Component Files used:</h2>

   * Component: ARM::CMSIS:CORE:5.6.0
      Include file:  CMSIS/Core/Include/tz_context.h

   * Component: Keil.ARM Compiler::Compiler:Event Recorder:DAP:1.5.1
      Include file:  Include/EventRecorder.h
      Source file:   Source/EventRecorder.c
      Include file:  Config/EventRecorderConf.h

   * Component: Keil.ARM Compiler::Compiler:I/O:STDOUT:EVR:1.2.0
      Source file:   Source/retarget_io.c
Build Time Elapsed:  00:00:19
</pre>
</body>
</html>
