Component: Arm Compiler for Embedded 6.18 Tool: armlink [5e4cc100]

==============================================================================

Image Symbol Table

    Local Symbols

    Symbol Name                              Value     Ov Type        Size  Object(Section)

    ../clib/angel/boardlib.s                 0x00000000   Number         0  boardinit1.o ABSOLUTE
    ../clib/angel/boardlib.s                 0x00000000   Number         0  boardinit2.o ABSOLUTE
    ../clib/angel/boardlib.s                 0x00000000   Number         0  boardinit3.o ABSOLUTE
    ../clib/angel/boardlib.s                 0x00000000   Number         0  boardshut.o ABSOLUTE
    ../clib/angel/dczerorl.s                 0x00000000   Number         0  __dczerorl.o ABSOLUTE
    ../clib/angel/handlers.s                 0x00000000   Number         0  __scatter_copy.o ABSOLUTE
    ../clib/angel/handlers.s                 0x00000000   Number         0  __scatter_zi.o ABSOLUTE
    ../clib/angel/kernel.s                   0x00000000   Number         0  __rtentry.o ABSOLUTE
    ../clib/angel/kernel.s                   0x00000000   Number         0  __rtentry2.o ABSOLUTE
    ../clib/angel/kernel.s                   0x00000000   Number         0  __rtentry4.o ABSOLUTE
    ../clib/angel/kernel.s                   0x00000000   Number         0  rtexit.o ABSOLUTE
    ../clib/angel/kernel.s                   0x00000000   Number         0  rtexit2.o ABSOLUTE
    ../clib/angel/rt.s                       0x00000000   Number         0  aeabi_ldiv0.o ABSOLUTE
    ../clib/angel/rt.s                       0x00000000   Number         0  aeabi_ldiv0_sigfpe.o ABSOLUTE
    ../clib/angel/rt.s                       0x00000000   Number         0  rt_heap_descriptor.o ABSOLUTE
    ../clib/angel/rt.s                       0x00000000   Number         0  rt_heap_descriptor_intlibspace.o ABSOLUTE
    ../clib/angel/rt.s                       0x00000000   Number         0  rt_div0.o ABSOLUTE
    ../clib/angel/rt.s                       0x00000000   Number         0  rt_raise.o ABSOLUTE
    ../clib/angel/rt.s                       0x00000000   Number         0  rt_ddtor_pointer_addr.o ABSOLUTE
    ../clib/angel/rt.s                       0x00000000   Number         0  rt_ddtor_pointer_addr_intlibspace.o ABSOLUTE
    ../clib/angel/rt.s                       0x00000000   Number         0  rt_ctype_table.o ABSOLUTE
    ../clib/angel/rt.s                       0x00000000   Number         0  rt_locale.o ABSOLUTE
    ../clib/angel/rt.s                       0x00000000   Number         0  rt_locale_intlibspace.o ABSOLUTE
    ../clib/angel/rt.s                       0x00000000   Number         0  rt_errno_addr.o ABSOLUTE
    ../clib/angel/rt.s                       0x00000000   Number         0  rt_errno_addr_intlibspace.o ABSOLUTE
    ../clib/angel/scatter.s                  0x00000000   Number         0  __scatter.o ABSOLUTE
    ../clib/angel/startup.s                  0x00000000   Number         0  __main.o ABSOLUTE
    ../clib/angel/sys.s                      0x00000000   Number         0  libspace.o ABSOLUTE
    ../clib/angel/sys.s                      0x00000000   Number         0  use_no_semi.o ABSOLUTE
    ../clib/angel/sys.s                      0x00000000   Number         0  mutex_dummy.o ABSOLUTE
    ../clib/angel/sys.s                      0x00000000   Number         0  indicate_semi.o ABSOLUTE
    ../clib/angel/sys.s                      0x00000000   Number         0  sys_stackheap_outer.o ABSOLUTE
    ../clib/angel/sysapp.c                   0x00000000   Number         0  sys_command.o ABSOLUTE
    ../clib/angel/sysapp.c                   0x00000000   Number         0  sys_command_hlt.o ABSOLUTE
    ../clib/angel/sysapp.c                   0x00000000   Number         0  sys_wrch.o ABSOLUTE
    ../clib/angel/sysapp.c                   0x00000000   Number         0  sys_exit.o ABSOLUTE
    ../clib/angel/sysapp.c                   0x00000000   Number         0  sys_wrch_hlt.o ABSOLUTE
    ../clib/angel/sysapp.c                   0x00000000   Number         0  sys_exit_hlt.o ABSOLUTE
    ../clib/arm_runtime.c                    0x00000000   Number         0  init_aeabi.o ABSOLUTE
    ../clib/arm_runtime.c                    0x00000000   Number         0  init_aeabi.o ABSOLUTE
    ../clib/armsys.c                         0x00000000   Number         0  _get_argv.o ABSOLUTE
    ../clib/armsys.c                         0x00000000   Number         0  argv_veneer.o ABSOLUTE
    ../clib/armsys.c                         0x00000000   Number         0  argv_veneer.o ABSOLUTE
    ../clib/armsys.c                         0x00000000   Number         0  _get_argv_nomalloc.o ABSOLUTE
    ../clib/armsys.c                         0x00000000   Number         0  no_argv.o ABSOLUTE
    ../clib/assert.c                         0x00000000   Number         0  assert.o ABSOLUTE
    ../clib/assert.c                         0x00000000   Number         0  assert_puts.o ABSOLUTE
[...]
    0x0803d6a4   0x0803d298   0x00000008   Data   RO         2356    .ARM.exidx.text._ZN8touchgfx3LCD13drawStringLTRERKNS_4RectES3_RKNS0_13StringVisualsEPKtSt9__va_list  touchgfx_core_wchar16.lib(lcd.o)
    0x0803d6ac   0x0803d298   0x00000008   Data   RO         1746    .ARM.exidx.text._ZN8touchgfx3LCD14getAlphaFromA4EPKtj  touchgfx_core_wchar16.lib(lcd16bpp.o)
    0x0803d6b4   0x0803d298   0x00000008   Data   RO         2358    .ARM.exidx.text._ZN8touchgfx3LCD18drawStringInternalEPtPKNS_4RectEssRS3_PKNS0_13StringVisualsEhRNS_12TextProviderEib  touchgfx_core_wchar16.lib(lcd.o)
    0x0803d6bc   0x0803d298   0x00000008   Data   RO         2374    .ARM.exidx.text._ZN8touchgfx3LCD18drawTextureMapQuadERKNS_14DrawingSurfaceEPKNS_7Point3DERKNS_14TextureSurfaceERKNS_4RectESC_tht  touchgfx_core_wchar16.lib(lcd.o)
    0x0803d6c4   0x0803d298   0x00000008   Data   RO         2352    .ARM.exidx.text._ZN8touchgfx3LCD22WideTextInternalStruct23scanStringLengthForLineEv  touchgfx_core_wchar16.lib(lcd.o)
    0x0803d6cc   0x0803d298   0x00000008   Data   RO         2366    .ARM.exidx.text._ZN8touchgfx3LCD22WideTextInternalStruct7addWordEttt  touchgfx_core_wchar16.lib(lcd.o)
    0x0803d6d4   0x0803d298   0x00000008   Data   RO         2383    .ARM.exidx.text._ZN8touchgfx3LCD22WideTextInternalStructC2ERNS_12TextProviderEtthPKNS_4FontEsNS_14WideTextActionE  touchgfx_core_wchar16.lib(lcd.o)
    0x0803d6dc   0x0803d298   0x00000008   Data   RO         2378    .ARM.exidx.text._ZN8touchgfx3LCD22drawTextureMapScanLineERKNS_14DrawingSurfaceERKNS_9GradientsEPKNS_4EdgeES9_RKNS_14TextureSurfaceERKNS_4RectESF_tht  touchgfx_core_wchar16.lib(lcd.o)
    0x0803d6e4   0x0803d298   0x00000008   Data   RO         2372    .ARM.exidx.text._ZN8touchgfx3LCD22drawTextureMapTriangleERKNS_14DrawingSurfaceEPKNS_7Point3DERKNS_14TextureSurfaceERKNS_4RectESC_tht  touchgfx_core_wchar16.lib(lcd.o)
    0x0803d6ec   0x0803d298   0x00000008   Data   RO         1688    .ARM.exidx.text._ZN8touchgfx3LCD26DrawTextureMapScanLineBase29drawTextureMapNextSubdivisionERfS2_S2_S2_S2_S2_fS2_fS2_fiRiS3_S3_S3_  touchgfx_core_wchar16.lib(lcd16bpp.o)
    0x0803d6f4   0x0803d298   0x00000008   Data   RO         1682    .ARM.exidx.text._ZN8touchgfx3LCD26DrawTextureMapScanLineBaseD2Ev  touchgfx_core_wchar16.lib(lcd16bpp.o)
    0x0803d6fc   0x0803d298   0x00000008   Data   RO         1764    .ARM.exidx.text._ZN8touchgfx3LCD27supportDynamicBitmapDrawingENS_6Bitmap12BitmapFormatE  touchgfx_core_wchar16.lib(lcd16bpp.o)
    0x0803d704   0x0803d298   0x00000008   Data   RO         2368    .ARM.exidx.text._ZN8touchgfx3LCD5realXERKNS_4RectEssNS_12TextRotationE  touchgfx_core_wchar16.lib(lcd.o)
    0x0803d70c   0x0803d298   0x00000008   Data   RO         2385    .ARM.exidx.text._ZN8touchgfx4Edge4stepEi  touchgfx_core_wchar16.lib(lcd.o)
    0x0803d714   0x0803d298   0x00000008   Data   RO         2387    .ARM.exidx.text._ZN8touchgfx4Edge4stepEv  touchgfx_core_wchar16.lib(lcd.o)
    0x0803d71c   0x0803d298   0x00000008   Data   RO         1676    .ARM.exidx.text._ZN8touchgfx4RectaNERKS0_  touchgfx_core_wchar16.lib(lcd16bpp.o)
    0x0803d724   0x0803d298   0x00000008   Data   RO          808    .ARM.exidx.text._ZN8touchgfx4ViewI18ScreenCCTPresenterE4bindERS1_  frontendapplicationbase.o
    0x0803d72c   0x0803d298   0x00000008   Data   RO         2334    .ARM.exidx.text._ZN8touchgfx5Image9setBitmapERKNS_6BitmapE  touchgfx_core_wchar16.lib(image.o)
    0x0803d734   0x0803d298   0x00000008   Data   RO          902    .ARM.exidx.text._ZN8touchgfx5ImageC2ERKNS_6BitmapE  screencctviewbase.o
    0x0803d73c   0x0803d298   0x00000008   Data   RO         2411    .ARM.exidx.text._ZN8touchgfx6Screen14bindTransitionERNS_10TransitionE  touchgfx_core_wchar16.lib(screen.o)
    0x0803d744   0x0803d298   0x00000008   Data   RO         2438    .ARM.exidx.text._ZN8touchgfx6Screen14handleKeyEventEh  touchgfx_core_wchar16.lib(screen.o)
    0x0803d74c   0x0803d298   0x00000008   Data   RO         2406    .ARM.exidx.text._ZN8touchgfx6Screen15handleDragEventERKNS_9DragEventE  touchgfx_core_wchar16.lib(screen.o)
    0x0803d754   0x0803d298   0x00000008   Data   RO         2436    .ARM.exidx.text._ZN8touchgfx6Screen15handleTickEventEv  touchgfx_core_wchar16.lib(screen.o)
    0x0803d75c   0x0803d298   0x00000008   Data   RO         2403    .ARM.exidx.text._ZN8touchgfx6Screen16handleClickEventERKNS_10ClickEventE  touchgfx_core_wchar16.lib(screen.o)
    0x0803d764   0x0803d298   0x00000008   Data   RO         2409    .ARM.exidx.text._ZN8touchgfx6Screen18handleGestureEventERKNS_12GestureEventE  touchgfx_core_wchar16.lib(screen.o)
    0x0803d76c   0x0803d298   0x00000008   Data   RO          910    .ARM.exidx.text._ZN8touchgfx6Screen3addERNS_8DrawableE  screencctviewbase.o
    0x0803d774   0x0803d298   0x00000008   Data   RO         2394    .ARM.exidx.text._ZN8touchgfx6Screen4drawERNS_4RectE  touchgfx_core_wchar16.lib(screen.o)
    0x0803d77c   0x0803d298   0x00000008   Data   RO         2398    .ARM.exidx.text._ZN8touchgfx6Screen4drawEv  touchgfx_core_wchar16.lib(screen.o)
    0x0803d784   0x0803d298   0x00000008   Data   RO         2400    .ARM.exidx.text._ZN8touchgfx6Screen5JSMOCERKNS_4RectEPNS_8DrawableE  touchgfx_core_wchar16.lib(screen.o)
    0x0803d78c   0x0803d298   0x00000008   Data   RO         2396    .ARM.exidx.text._ZN8touchgfx6Screen9startSMOCERKNS_4RectE  touchgfx_core_wchar16.lib(screen.o)
    0x0803d794   0x0803d298   0x00000008   Data   RO         2392    .ARM.exidx.text._ZN8touchgfx6ScreenC2Ev  touchgfx_core_wchar16.lib(screen.o)
    0x0803d79c   0x0803d298   0x00000008   Data   RO         2428    .ARM.exidx.text._ZN8touchgfx6ScreenD0Ev  touchgfx_core_wchar16.lib(screen.o)
    0x0803d7a4   0x0803d298   0x00000008   Data   RO         2016    .ARM.exidx.text._ZN8touchgfx6Widget12getLastChildEssPPNS_8DrawableE  touchgfx_core_wchar16.lib(box.o)
    0x0803d7ac   0x0803d298   0x00000008   Data   RO          918    .ARM.exidx.text._ZN8touchgfx6WidgetC2Ev  screencctviewbase.o
    0x0803d7b4   0x0803d298   0x00000008   Data   RO         2182    .ARM.exidx.text._ZN8touchgfx8Drawable11setPositionEssss  touchgfx_core_wchar16.lib(drawable.o)
    0x0803d7bc   0x0803d298   0x00000008   Data   RO         2177    .ARM.exidx.text._ZN8touchgfx8Drawable12moveRelativeEss  touchgfx_core_wchar16.lib(drawable.o)
    0x0803d7c4   0x0803d298   0x00000008   Data   RO         2418    .ARM.exidx.text._ZN8touchgfx8Drawable13getCachedAbsXEv  touchgfx_core_wchar16.lib(screen.o)
    0x0803d7cc   0x0803d298   0x00000008   Data   RO         2014    .ARM.exidx.text._ZN8touchgfx8Drawable13getFirstChildEv  touchgfx_core_wchar16.lib(box.o)
    0x0803d7d4   0x0803d298   0x00000008   Data   RO         2341    .ARM.exidx.text._ZN8touchgfx8Drawable14setWidthHeightERKNS_6BitmapE  touchgfx_core_wchar16.lib(image.o)
    0x0803d7dc   0x0803d298   0x00000008   Data   RO         2188    .ARM.exidx.text._ZN8touchgfx8Drawable14setWidthHeightEss  touchgfx_core_wchar16.lib(drawable.o)
    0x0803d7e4   0x0803d298   0x00000008   Data   RO         2038    .ARM.exidx.text._ZN8touchgfx8Drawable14setupDrawChainERKNS_4RectEPPS0_  touchgfx_core_wchar16.lib(box.o)
    0x0803d7ec   0x0803d298   0x00000008   Data   RO         2032    .ARM.exidx.text._ZN8touchgfx8Drawable15handleDragEventERKNS_9DragEventE  touchgfx_core_wchar16.lib(box.o)
    0x0803d7f4   0x0803d298   0x00000008   Data   RO         2416    .ARM.exidx.text._ZN8touchgfx8Drawable20getCachedVisibleRectEv  touchgfx_core_wchar16.lib(screen.o)
    0x0803d7fc   0x0803d298   0x00000008   Data   RO         2167    .ARM.exidx.text._ZN8touchgfx8Drawable20getSolidRectAbsoluteEv  touchgfx_core_wchar16.lib(drawable.o)
    0x0803d804   0x0803d298   0x00000008   Data   RO         2018    .ARM.exidx.text._ZN8touchgfx8Drawable4setXEs  touchgfx_core_wchar16.lib(box.o)
    0x0803d80c   0x0803d298   0x00000008   Data   RO         2184    .ARM.exidx.text._ZN8touchgfx8Drawable5setXYEss  touchgfx_core_wchar16.lib(drawable.o)
    0x0803d814   0x0803d298   0x00000008   Data   RO         2036    .ARM.exidx.text._ZN8touchgfx8Drawable6moveToEss  touchgfx_core_wchar16.lib(box.o)
    0x0803d81c   0x0803d298   0x00000008   Data   RO         2022    .ARM.exidx.text._ZN8touchgfx8Drawable8setWidthEs  touchgfx_core_wchar16.lib(box.o)
    0x0803d824   0x0803d298   0x00000008   Data   RO         2631    .ARM.exidx.text._ZN8touchgfx8Gestures17registerDragEventEtttt  touchgfx_core_wchar16.lib(gestures.o)
    0x0803d82c   0x0803d298   0x00000008   Data   RO         2634    .ARM.exidx.text._ZN8touchgfx8Gestures18registerClickEventENS_10ClickEvent14ClickEventTypeEtt  touchgfx_core_wchar16.lib(gestures.o)
    0x0803d834   0x0803d298   0x00000008   Data   RO         2626    .ARM.exidx.text._ZN8touchgfx8Gestures21registerEventListenerERNS_15UIEventListenerE  touchgfx_core_wchar16.lib(gestures.o)
    0x0803d83c   0x0803d298   0x00000008   Data   RO         1452    .ARM.exidx.text._ZN8touchgfx8LCD16bpp10blitCopyL8EPKhS2_RKNS_4RectES5_h  touchgfx_core_wchar16.lib(lcd16bpp.o)
    0x0803d844   0x0803d298   0x00000008   Data   RO         1728    .ARM.exidx.text._ZN8touchgfx8LCD16bpp10div255_565Eth  touchgfx_core_wchar16.lib(lcd16bpp.o)
    0x0803d84c   0x0803d298   0x00000008   Data   RO         1714    .ARM.exidx.text._ZN8touchgfx8LCD16bpp10div255_888Ejh  touchgfx_core_wchar16.lib(lcd16bpp.o)
    0x0803d854   0x0803d298   0x00000008   Data   RO         1474    .ARM.exidx.text._ZN8touchgfx8LCD16bpp10fillBufferEPhtRKNS_4RectENS_9colortypeEh  touchgfx_core_wchar16.lib(lcd16bpp.o)
    0x0803d85c   0x0803d298   0x00000008   Data   RO         1450    .ARM.exidx.text._ZN8touchgfx8LCD16bpp14blitCopyRGB888EPKhRKNS_4RectES5_h  touchgfx_core_wchar16.lib(lcd16bpp.o)
    0x0803d864   0x0803d298   0x00000008   Data   RO         1670    .ARM.exidx.text._ZN8touchgfx8LCD16bpp14getNativeColorENS_9colortypeE  touchgfx_core_wchar16.lib(lcd16bpp.o)
    0x0803d86c   0x0803d298   0x00000008   Data   RO         1446    .ARM.exidx.text._ZN8touchgfx8LCD16bpp16blitCopyARGB8888EPKjRKNS_4RectES5_h  touchgfx_core_wchar16.lib(lcd16bpp.o)
    0x0803d874   0x0803d298   0x00000008   Data   RO         1456    .ARM.exidx.text._ZN8touchgfx8LCD16bpp17blitCopyL8_RGB565EPKhS2_RKNS_4RectES5_h  touchgfx_core_wchar16.lib(lcd16bpp.o)
    0x0803d87c   0x0803d298   0x00000008   Data   RO         1460    .ARM.exidx.text._ZN8touchgfx8LCD16bpp17blitCopyL8_RGB888EPKhS2_RKNS_4RectES5_h  touchgfx_core_wchar16.lib(lcd16bpp.o)
    0x0803d884   0x0803d298   0x00000008   Data   RO         1444    .ARM.exidx.text._ZN8touchgfx8LCD16bpp17drawPartialBitmapERKNS_6BitmapEssRKNS_4RectEhb  touchgfx_core_wchar16.lib(lcd16bpp.o)
    0x0803d88c   0x0803d298   0x00000008   Data   RO         1830    .ARM.exidx.text._ZN8touchgfx8LCD16bpp18div255_565_FFcheckEth  touchgfx_core_wchar16.lib(lcd16bpp.o)
    0x0803d894   0x0803d298   0x00000008   Data   RO         1826    .ARM.exidx.text._ZN8touchgfx8LCD16bpp18div255_888_FFcheckEjh  touchgfx_core_wchar16.lib(lcd16bpp.o)
    0x0803d89c   0x0803d298   0x00000008   Data   RO         1458    .ARM.exidx.text._ZN8touchgfx8LCD16bpp19blitCopyL8_ARGB8888EPKhS2_RKNS_4RectES5_h  touchgfx_core_wchar16.lib(lcd16bpp.o)
    0x0803d8a4   0x0803d298   0x00000008   Data   RO         1828    .ARM.exidx.text._ZN8touchgfx8LCD16bpp20bilinearInterpolate8Ehhh  touchgfx_core_wchar16.lib(lcd16bpp.o)
    0x0803d8ac   0x0803d298   0x00000008   Data   RO         1454    .ARM.exidx.text._ZN8touchgfx8LCD16bpp21blitCopyAlphaPerPixelEPKtPKhRKNS_4RectES7_h  touchgfx_core_wchar16.lib(lcd16bpp.o)
    0x0803d8b4   0x0803d298   0x00000008   Data   RO         1484    .ARM.exidx.text._ZN8touchgfx8LCD16bpp21enableTextureMapperA4Ev  touchgfx_core_wchar16.lib(lcd16bpp.o)
    0x0803d8bc   0x0803d298   0x00000008   Data   RO         1694    .ARM.exidx.text._ZN8touchgfx8LCD16bpp22bilinearInterpolate565Etttthh  touchgfx_core_wchar16.lib(lcd16bpp.o)
    0x0803d8c4   0x0803d298   0x00000008   Data   RO         1716    .ARM.exidx.text._ZN8touchgfx8LCD16bpp22bilinearInterpolate888Ejjjjhh  touchgfx_core_wchar16.lib(lcd16bpp.o)
    0x0803d8cc   0x0803d298   0x00000008   Data   RO         1470    .ARM.exidx.text._ZN8touchgfx8LCD16bpp29copyAreaFromTFTToClientBufferERKNS_4RectE  touchgfx_core_wchar16.lib(lcd16bpp.o)
    0x0803d8d4   0x0803d298   0x00000008   Data   RO         1468    .ARM.exidx.text._ZN8touchgfx8LCD16bpp29copyFrameBufferRegionToMemoryERKNS_4RectES3_Phss  touchgfx_core_wchar16.lib(lcd16bpp.o)
    0x0803d8dc   0x0803d298   0x00000008   Data   RO         1466    .ARM.exidx.text._ZN8touchgfx8LCD16bpp29copyFrameBufferRegionToMemoryERKNS_4RectES3_t  touchgfx_core_wchar16.lib(lcd16bpp.o)
    0x0803d8e4   0x0803d298   0x00000008   Data   RO         1488    .ARM.exidx.text._ZN8touchgfx8LCD16bpp30enableTextureMapperL8_ARGB8888Ev  touchgfx_core_wchar16.lib(lcd16bpp.o)
    0x0803d8ec   0x0803d298   0x00000008   Data   RO         1623    .ARM.exidx.text._ZN8touchgfx8LCD16bpp35TextureMapper_A4_NearestNeighbor_GA34drawTextureMapScanLineSubdivisionsEiiiifffiiiifffffRKNS_14DrawingSurfaceEiiRKNS_14TextureSurfaceEhfff  touchgfx_core_wchar16.lib(lcd16bpp.o)
    0x0803d8f4   0x0803d298   0x00000008   Data   RO         1820    .ARM.exidx.text._ZN8touchgfx8LCD16bpp35TextureMapper_A4_NearestNeighbor_GAD0Ev  touchgfx_core_wchar16.lib(lcd16bpp.o)
    0x0803d8fc   0x0803d298   0x00000008   Data   RO         1626    .ARM.exidx.text._ZN8touchgfx8LCD16bpp37TextureMapper_A4_NearestNeighbor_NoGA34drawTextureMapScanLineSubdivisionsEiiiifffiiiifffffRKNS_14DrawingSurfaceEiiRKNS_14TextureSurfaceEhfff  touchgfx_core_wchar16.lib(lcd16bpp.o)
    0x0803d904   0x0803d298   0x00000008   Data   RO         1822    .ARM.exidx.text._ZN8touchgfx8LCD16bpp37TextureMapper_A4_NearestNeighbor_NoGAD0Ev  touchgfx_core_wchar16.lib(lcd16bpp.o)
    0x0803d90c   0x0803d298   0x00000008   Data   RO         1629    .ARM.exidx.text._ZN8touchgfx8LCD16bpp41TextureMapper_A4_BilinearInterpolation_GA34drawTextureMapScanLineSubdivisionsEiiiifffiiiifffffRKNS_14DrawingSurfaceEiiRKNS_14TextureSurfaceEhfff  touchgfx_core_wchar16.lib(lcd16bpp.o)
    0x0803d914   0x0803d298   0x00000008   Data   RO         1816    .ARM.exidx.text._ZN8touchgfx8LCD16bpp41TextureMapper_A4_BilinearInterpolation_GAD0Ev  touchgfx_core_wchar16.lib(lcd16bpp.o)
    0x0803d91c   0x0803d298   0x00000008   Data   RO         1634    .ARM.exidx.text._ZN8touchgfx8LCD16bpp43TextureMapper_A4_BilinearInterpolation_NoGA34drawTextureMapScanLineSubdivisionsEiiiifffiiiifffffRKNS_14DrawingSurfaceEiiRKNS_14TextureSurfaceEhfff  touchgfx_core_wchar16.lib(lcd16bpp.o)
    0x0803d924   0x0803d298   0x00000008   Data   RO         1818    .ARM.exidx.text._ZN8touchgfx8LCD16bpp43TextureMapper_A4_BilinearInterpolation_NoGAD0Ev  touchgfx_core_wchar16.lib(lcd16bpp.o)
    0x0803d92c   0x0803d298   0x00000008   Data   RO         1581    .ARM.exidx.text._ZN8touchgfx8LCD16bpp46TextureMapper_RGB565_Opaque_NearestNeighbor_GA34drawTextureMapScanLineSubdivisionsEiiiifffiiiifffffRKNS_14DrawingSurfaceEiiRKNS_14TextureSurfaceEhfff  touchgfx_core_wchar16.lib(lcd16bpp.o)
    0x0803d934   0x0803d298   0x00000008   Data   RO         1800    .ARM.exidx.text._ZN8touchgfx8LCD16bpp46TextureMapper_RGB565_Opaque_NearestNeighbor_GAD0Ev  touchgfx_core_wchar16.lib(lcd16bpp.o)
    0x0803d93c   0x0803d298   0x00000008   Data   RO         1584    .ARM.exidx.text._ZN8touchgfx8LCD16bpp48TextureMapper_RGB565_Opaque_NearestNeighbor_NoGA34drawTextureMapScanLineSubdivisionsEiiiifffiiiifffffRKNS_14DrawingSurfaceEiiRKNS_14TextureSurfaceEhfff  touchgfx_core_wchar16.lib(lcd16bpp.o)
    0x0803d944   0x0803d298   0x00000008   Data   RO         1802    .ARM.exidx.text._ZN8touchgfx8LCD16bpp48TextureMapper_RGB565_Opaque_NearestNeighbor_NoGAD0Ev  touchgfx_core_wchar16.lib(lcd16bpp.o)
    0x0803d94c   0x0803d298   0x00000008   Data   RO         1527    .ARM.exidx.text._ZN8touchgfx8LCD16bpp49TextureMapper_L8_RGB565_Opaque_NearestNeighbor_GA34drawTextureMapScanLineSubdivisionsEiiiifffiiiifffffRKNS_14DrawingSurfaceEiiRKNS_14TextureSurfaceEhfff  touchgfx_core_wchar16.lib(lcd16bpp.o)
    0x0803d954   0x0803d298   0x00000008   Data   RO         1772    .ARM.exidx.text._ZN8touchgfx8LCD16bpp49TextureMapper_L8_RGB565_Opaque_NearestNeighbor_GAD0Ev  touchgfx_core_wchar16.lib(lcd16bpp.o)
    0x0803d95c   0x0803d298   0x00000008   Data   RO         1543    .ARM.exidx.text._ZN8touchgfx8LCD16bpp49TextureMapper_L8_RGB888_Opaque_NearestNeighbor_GA34drawTextureMapScanLineSubdivisionsEiiiifffiiiifffffRKNS_14DrawingSurfaceEiiRKNS_14TextureSurfaceEhfff  touchgfx_core_wchar16.lib(lcd16bpp.o)
    0x0803d964   0x0803d298   0x00000008   Data   RO         1780    .ARM.exidx.text._ZN8touchgfx8LCD16bpp49TextureMapper_L8_RGB888_Opaque_NearestNeighbor_GAD0Ev  touchgfx_core_wchar16.lib(lcd16bpp.o)
    0x0803d96c   0x0803d298   0x00000008   Data   RO         1575    .ARM.exidx.text._ZN8touchgfx8LCD16bpp49TextureMapper_RGB565_NonOpaque_NearestNeighbor_GA34drawTextureMapScanLineSubdivisionsEiiiifffiiiifffffRKNS_14DrawingSurfaceEiiRKNS_14TextureSurfaceEhfff  touchgfx_core_wchar16.lib(lcd16bpp.o)
    0x0803d974   0x0803d298   0x00000008   Data   RO         1804    .ARM.exidx.text._ZN8touchgfx8LCD16bpp49TextureMapper_RGB565_NonOpaque_NearestNeighbor_GAD0Ev  touchgfx_core_wchar16.lib(lcd16bpp.o)
    0x0803d97c   0x0803d298   0x00000008   Data   RO         1607    .ARM.exidx.text._ZN8touchgfx8LCD16bpp51TextureMapper_ARGB8888_NonOpaque_NearestNeighbor_GA34drawTextureMapScanLineSubdivisionsEiiiifffiiiifffffRKNS_14DrawingSurfaceEiiRKNS_14TextureSurfaceEhfff  touchgfx_core_wchar16.lib(lcd16bpp.o)
    0x0803d984   0x0803d298   0x00000008   Data   RO         1812    .ARM.exidx.text._ZN8touchgfx8LCD16bpp51TextureMapper_ARGB8888_NonOpaque_NearestNeighbor_GAD0Ev  touchgfx_core_wchar16.lib(lcd16bpp.o)
    0x0803d98c   0x0803d298   0x00000008   Data   RO         1530    .ARM.exidx.text._ZN8touchgfx8LCD16bpp51TextureMapper_L8_RGB565_Opaque_NearestNeighbor_NoGA34drawTextureMapScanLineSubdivisionsEiiiifffiiiifffffRKNS_14DrawingSurfaceEiiRKNS_14TextureSurfaceEhfff  touchgfx_core_wchar16.lib(lcd16bpp.o)
    0x0803d994   0x0803d298   0x00000008   Data   RO         1774    .ARM.exidx.text._ZN8touchgfx8LCD16bpp51TextureMapper_L8_RGB565_Opaque_NearestNeighbor_NoGAD0Ev  touchgfx_core_wchar16.lib(lcd16bpp.o)
    0x0803d99c   0x0803d298   0x00000008   Data   RO         1546    .ARM.exidx.text._ZN8touchgfx8LCD16bpp51TextureMapper_L8_RGB888_Opaque_NearestNeighbor_NoGA34drawTextureMapScanLineSubdivisionsEiiiifffiiiifffffRKNS_14DrawingSurfaceEiiRKNS_14TextureSurfaceEhfff  touchgfx_core_wchar16.lib(lcd16bpp.o)
    0x0803d9a4   0x0803d298   0x00000008   Data   RO         1782    .ARM.exidx.text._ZN8touchgfx8LCD16bpp51TextureMapper_L8_RGB888_Opaque_NearestNeighbor_NoGAD0Ev  touchgfx_core_wchar16.lib(lcd16bpp.o)
    0x0803d9ac   0x0803d298   0x00000008   Data   RO         1578    .ARM.exidx.text._ZN8touchgfx8LCD16bpp51TextureMapper_RGB565_NonOpaque_NearestNeighbor_NoGA34drawTextureMapScanLineSubdivisionsEiiiifffiiiifffffRKNS_14DrawingSurfaceEiiRKNS_14TextureSurfaceEhfff  touchgfx_core_wchar16.lib(lcd16bpp.o)
    0x0803d9b4   0x0803d298   0x00000008   Data   RO         1806    .ARM.exidx.text._ZN8touchgfx8LCD16bpp51TextureMapper_RGB565_NonOpaque_NearestNeighbor_NoGAD0Ev  touchgfx_core_wchar16.lib(lcd16bpp.o)
    0x0803d9bc   0x0803d298   0x00000008   Data   RO         1597    .ARM.exidx.text._ZN8touchgfx8LCD16bpp52TextureMapper_RGB565_Opaque_BilinearInterpolation_GA34drawTextureMapScanLineSubdivisionsEiiiifffiiiifffffRKNS_14DrawingSurfaceEiiRKNS_14TextureSurfaceEhfff  touchgfx_core_wchar16.lib(lcd16bpp.o)
    0x0803d9c4   0x0803d298   0x00000008   Data   RO         1792    .ARM.exidx.text._ZN8touchgfx8LCD16bpp52TextureMapper_RGB565_Opaque_BilinearInterpolation_GAD0Ev  touchgfx_core_wchar16.lib(lcd16bpp.o)
    0x0803d9cc   0x0803d298   0x00000008   Data   RO         1610    .ARM.exidx.text._ZN8touchgfx8LCD16bpp53TextureMapper_ARGB8888_NonOpaque_NearestNeighbor_NoGA34drawTextureMapScanLineSubdivisionsEiiiifffiiiifffffRKNS_14DrawingSurfaceEiiRKNS_14TextureSurfaceEhfff  touchgfx_core_wchar16.lib(lcd16bpp.o)
    0x0803d9d4   0x0803d298   0x00000008   Data   RO         1814    .ARM.exidx.text._ZN8touchgfx8LCD16bpp53TextureMapper_ARGB8888_NonOpaque_NearestNeighbor_NoGAD0Ev  touchgfx_core_wchar16.lib(lcd16bpp.o)
    0x0803d9dc   0x0803d298   0x00000008   Data   RO         1559    .ARM.exidx.text._ZN8touchgfx8LCD16bpp54TextureMapper_L8_ARGB8888_NonOpaque_NearestNeighbor_GA34drawTextureMapScanLineSubdivisionsEiiiifffiiiifffffRKNS_14DrawingSurfaceEiiRKNS_14TextureSurfaceEhfff  touchgfx_core_wchar16.lib(lcd16bpp.o)
    0x0803d9e4   0x0803d298   0x00000008   Data   RO         1788    .ARM.exidx.text._ZN8touchgfx8LCD16bpp54TextureMapper_L8_ARGB8888_NonOpaque_NearestNeighbor_GAD0Ev  touchgfx_core_wchar16.lib(lcd16bpp.o)
    0x0803d9ec   0x0803d298   0x00000008   Data   RO         1602    .ARM.exidx.text._ZN8touchgfx8LCD16bpp54TextureMapper_RGB565_Opaque_BilinearInterpolation_NoGA34drawTextureMapScanLineSubdivisionsEiiiifffiiiifffffRKNS_14DrawingSurfaceEiiRKNS_14TextureSurfaceEhfff  touchgfx_core_wchar16.lib(lcd16bpp.o)
    0x0803d9f4   0x0803d298   0x00000008   Data   RO         1794    .ARM.exidx.text._ZN8touchgfx8LCD16bpp54TextureMapper_RGB565_Opaque_BilinearInterpolation_NoGAD0Ev  touchgfx_core_wchar16.lib(lcd16bpp.o)
    0x0803d9fc   0x0803d298   0x00000008   Data   RO         1533    .ARM.exidx.text._ZN8touchgfx8LCD16bpp55TextureMapper_L8_RGB565_Opaque_BilinearInterpolation_GA34drawTextureMapScanLineSubdivisionsEiiiifffiiiifffffRKNS_14DrawingSurfaceEiiRKNS_14TextureSurfaceEhfff  touchgfx_core_wchar16.lib(lcd16bpp.o)
    0x0803da04   0x0803d298   0x00000008   Data   RO         1768    .ARM.exidx.text._ZN8touchgfx8LCD16bpp55TextureMapper_L8_RGB565_Opaque_BilinearInterpolation_GAD0Ev  touchgfx_core_wchar16.lib(lcd16bpp.o)
    0x0803da0c   0x0803d298   0x00000008   Data   RO         1549    .ARM.exidx.text._ZN8touchgfx8LCD16bpp55TextureMapper_L8_RGB888_Opaque_BilinearInterpolation_GA34drawTextureMapScanLineSubdivisionsEiiiifffiiiifffffRKNS_14DrawingSurfaceEiiRKNS_14TextureSurfaceEhfff  touchgfx_core_wchar16.lib(lcd16bpp.o)
    0x0803da14   0x0803d298   0x00000008   Data   RO         1776    .ARM.exidx.text._ZN8touchgfx8LCD16bpp55TextureMapper_L8_RGB888_Opaque_BilinearInterpolation_GAD0Ev  touchgfx_core_wchar16.lib(lcd16bpp.o)
    0x0803da1c   0x0803d298   0x00000008   Data   RO         1587    .ARM.exidx.text._ZN8touchgfx8LCD16bpp55TextureMapper_RGB565_NonOpaque_BilinearInterpolation_GA34drawTextureMapScanLineSubdivisionsEiiiifffiiiifffffRKNS_14DrawingSurfaceEiiRKNS_14TextureSurfaceEhfff  touchgfx_core_wchar16.lib(lcd16bpp.o)
    0x0803da24   0x0803d298   0x00000008   Data   RO         1796    .ARM.exidx.text._ZN8touchgfx8LCD16bpp55TextureMapper_RGB565_NonOpaque_BilinearInterpolation_GAD0Ev  touchgfx_core_wchar16.lib(lcd16bpp.o)
    0x0803da2c   0x0803d298   0x00000008   Data   RO         1562    .ARM.exidx.text._ZN8touchgfx8LCD16bpp56TextureMapper_L8_ARGB8888_NonOpaque_NearestNeighbor_NoGA34drawTextureMapScanLineSubdivisionsEiiiifffiiiifffffRKNS_14DrawingSurfaceEiiRKNS_14TextureSurfaceEhfff  touchgfx_core_wchar16.lib(lcd16bpp.o)
    0x0803da34   0x0803d298   0x00000008   Data   RO         1790    .ARM.exidx.text._ZN8touchgfx8LCD16bpp56TextureMapper_L8_ARGB8888_NonOpaque_NearestNeighbor_NoGAD0Ev  touchgfx_core_wchar16.lib(lcd16bpp.o)
    0x0803da3c   0x0803d298   0x00000008   Data   RO         1613    .ARM.exidx.text._ZN8touchgfx8LCD16bpp57TextureMapper_ARGB8888_NonOpaque_BilinearInterpolation_GA34drawTextureMapScanLineSubdivisionsEiiiifffiiiifffffRKNS_14DrawingSurfaceEiiRKNS_14TextureSurfaceEhfff  touchgfx_core_wchar16.lib(lcd16bpp.o)
    0x0803da44   0x0803d298   0x00000008   Data   RO         1808    .ARM.exidx.text._ZN8touchgfx8LCD16bpp57TextureMapper_ARGB8888_NonOpaque_BilinearInterpolation_GAD0Ev  touchgfx_core_wchar16.lib(lcd16bpp.o)
    0x0803da4c   0x0803d298   0x00000008   Data   RO         1538    .ARM.exidx.text._ZN8touchgfx8LCD16bpp57TextureMapper_L8_RGB565_Opaque_BilinearInterpolation_NoGA34drawTextureMapScanLineSubdivisionsEiiiifffiiiifffffRKNS_14DrawingSurfaceEiiRKNS_14TextureSurfaceEhfff  touchgfx_core_wchar16.lib(lcd16bpp.o)
    0x0803da54   0x0803d298   0x00000008   Data   RO         1770    .ARM.exidx.text._ZN8touchgfx8LCD16bpp57TextureMapper_L8_RGB565_Opaque_BilinearInterpolation_NoGAD0Ev  touchgfx_core_wchar16.lib(lcd16bpp.o)
    0x0803da5c   0x0803d298   0x00000008   Data   RO         1554    .ARM.exidx.text._ZN8touchgfx8LCD16bpp57TextureMapper_L8_RGB888_Opaque_BilinearInterpolation_NoGA34drawTextureMapScanLineSubdivisionsEiiiifffiiiifffffRKNS_14DrawingSurfaceEiiRKNS_14TextureSurfaceEhfff  touchgfx_core_wchar16.lib(lcd16bpp.o)
    0x0803da64   0x0803d298   0x00000008   Data   RO         1778    .ARM.exidx.text._ZN8touchgfx8LCD16bpp57TextureMapper_L8_RGB888_Opaque_BilinearInterpolation_NoGAD0Ev  touchgfx_core_wchar16.lib(lcd16bpp.o)
    0x0803da6c   0x0803d298   0x00000008   Data   RO         1592    .ARM.exidx.text._ZN8touchgfx8LCD16bpp57TextureMapper_RGB565_NonOpaque_BilinearInterpolation_NoGA34drawTextureMapScanLineSubdivisionsEiiiifffiiiifffffRKNS_14DrawingSurfaceEiiRKNS_14TextureSurfaceEhfff  touchgfx_core_wchar16.lib(lcd16bpp.o)
    0x0803da74   0x0803d298   0x00000008   Data   RO         1798    .ARM.exidx.text._ZN8touchgfx8LCD16bpp57TextureMapper_RGB565_NonOpaque_BilinearInterpolation_NoGAD0Ev  touchgfx_core_wchar16.lib(lcd16bpp.o)
    0x0803da7c   0x0803d298   0x00000008   Data   RO         1618    .ARM.exidx.text._ZN8touchgfx8LCD16bpp59TextureMapper_ARGB8888_NonOpaque_BilinearInterpolation_NoGA34drawTextureMapScanLineSubdivisionsEiiiifffiiiifffffRKNS_14DrawingSurfaceEiiRKNS_14TextureSurfaceEhfff  touchgfx_core_wchar16.lib(lcd16bpp.o)
    0x0803da84   0x0803d298   0x00000008   Data   RO         1810    .ARM.exidx.text._ZN8touchgfx8LCD16bpp59TextureMapper_ARGB8888_NonOpaque_BilinearInterpolation_NoGAD0Ev  touchgfx_core_wchar16.lib(lcd16bpp.o)
    0x0803da8c   0x0803d298   0x00000008   Data   RO         1565    .ARM.exidx.text._ZN8touchgfx8LCD16bpp60TextureMapper_L8_ARGB8888_NonOpaque_BilinearInterpolation_GA34drawTextureMapScanLineSubdivisionsEiiiifffiiiifffffRKNS_14DrawingSurfaceEiiRKNS_14TextureSurfaceEhfff  touchgfx_core_wchar16.lib(lcd16bpp.o)
    0x0803da94   0x0803d298   0x00000008   Data   RO         1784    .ARM.exidx.text._ZN8touchgfx8LCD16bpp60TextureMapper_L8_ARGB8888_NonOpaque_BilinearInterpolation_GAD0Ev  touchgfx_core_wchar16.lib(lcd16bpp.o)
    0x0803da9c   0x0803d298   0x00000008   Data   RO         1570    .ARM.exidx.text._ZN8touchgfx8LCD16bpp62TextureMapper_L8_ARGB8888_NonOpaque_BilinearInterpolation_NoGA34drawTextureMapScanLineSubdivisionsEiiiifffiiiifffffRKNS_14DrawingSurfaceEiiRKNS_14TextureSurfaceEhfff  touchgfx_core_wchar16.lib(lcd16bpp.o)
    0x0803daa4   0x0803d298   0x00000008   Data   RO         1786    .ARM.exidx.text._ZN8touchgfx8LCD16bpp62TextureMapper_L8_ARGB8888_NonOpaque_BilinearInterpolation_NoGAD0Ev  touchgfx_core_wchar16.lib(lcd16bpp.o)
    0x0803daac   0x0803d298   0x00000008   Data   RO         1464    .ARM.exidx.text._ZN8touchgfx8LCD16bpp8blitCopyEPKhNS_6Bitmap12BitmapFormatERKNS_4RectES7_hb  touchgfx_core_wchar16.lib(lcd16bpp.o)
    0x0803dab4   0x0803d298   0x00000008   Data   RO         1462    .ARM.exidx.text._ZN8touchgfx8LCD16bpp8blitCopyEPKtRKNS_4RectES5_hb  touchgfx_core_wchar16.lib(lcd16bpp.o)
    0x0803dabc   0x0803d298   0x00000008   Data   RO         1472    .ARM.exidx.text._ZN8touchgfx8LCD16bpp8fillRectERKNS_4RectENS_9colortypeEh  touchgfx_core_wchar16.lib(lcd16bpp.o)
    0x0803dac4   0x0803d298   0x00000008   Data   RO         1478    .ARM.exidx.text._ZN8touchgfx8LCD16bpp8nextLineEbNS_12TextRotationE  touchgfx_core_wchar16.lib(lcd16bpp.o)
    0x0803dacc   0x0803d298   0x00000008   Data   RO         1480    .ARM.exidx.text._ZN8touchgfx8LCD16bpp9drawGlyphEPtNS_4RectEssttRKS2_PKNS_9GlyphNodeEPKhhNS_9colortypeEhhNS_12TextRotationE  touchgfx_core_wchar16.lib(lcd16bpp.o)
    0x0803dad4   0x0803d298   0x00000008   Data   RO         1476    .ARM.exidx.text._ZN8touchgfx8LCD16bpp9nextPixelEbNS_12TextRotationE  touchgfx_core_wchar16.lib(lcd16bpp.o)
    0x0803dadc   0x0803d298   0x00000008   Data   RO         2093    .ARM.exidx.text._ZN8touchgfx9Container12forEachChildEPNS_15GenericCallbackIRNS_8DrawableEvvEE  touchgfx_core_wchar16.lib(container.o)
    0x0803dae4   0x0803d298   0x00000008   Data   RO         2083    .ARM.exidx.text._ZN8touchgfx9Container12getLastChildEssPPNS_8DrawableE  touchgfx_core_wchar16.lib(container.o)
    0x0803daec   0x0803d298   0x00000008   Data   RO         2108    .ARM.exidx.text._ZN8touchgfx9Container13getFirstChildEv  touchgfx_core_wchar16.lib(container.o)
    0x0803daf4   0x0803d298   0x00000008   Data   RO         2097    .ARM.exidx.text._ZN8touchgfx9Container14setupDrawChainERKNS_4RectEPPNS_8DrawableE  touchgfx_core_wchar16.lib(container.o)
    0x0803dafc   0x0803d298   0x00000008   Data   RO         2085    .ARM.exidx.text._ZN8touchgfx9Container16getLastChildNearEssPPNS_8DrawableEPsS4_  touchgfx_core_wchar16.lib(container.o)
    0x0803db04   0x0803d298   0x00000008   Data   RO         2091    .ARM.exidx.text._ZN8touchgfx9Container20moveChildrenRelativeEss  touchgfx_core_wchar16.lib(container.o)
    0x0803db0c   0x0803d298   0x00000008   Data   RO         2073    .ARM.exidx.text._ZN8touchgfx9Container3addERNS_8DrawableE  touchgfx_core_wchar16.lib(container.o)
    0x0803db14   0x0803d298   0x00000008   Data   RO         2095    .ARM.exidx.text._ZN8touchgfx9Container6insertEPNS_8DrawableERS1_  touchgfx_core_wchar16.lib(container.o)
    0x0803db1c   0x0803d298   0x00000008   Data   RO         2075    .ARM.exidx.text._ZN8touchgfx9Container6removeERNS_8DrawableE  touchgfx_core_wchar16.lib(container.o)
    0x0803db24   0x0803d298   0x00000008   Data   RO         3336    .ARM.exidx.text._ZN9libunwind12UnwindCursorINS_17LocalAddressSpaceENS_13Registers_armEE10saveVFPAsXEv  libunwind_wx.l(libunwind.cpp.o)
    0x0803db2c   0x0803d298   0x00000008   Data   RO         3318    .ARM.exidx.text._ZN9libunwind12UnwindCursorINS_17LocalAddressSpaceENS_13Registers_armEE11getFloatRegEi  libunwind_wx.l(libunwind.cpp.o)
    0x0803db34   0x0803d298   0x00000008   Data   RO         3320    .ARM.exidx.text._ZN9libunwind12UnwindCursorINS_17LocalAddressSpaceENS_13Registers_armEE11setFloatRegEiy  libunwind_wx.l(libunwind.cpp.o)
    0x0803db3c   0x0803d298   0x00000008   Data   RO         3328    .ARM.exidx.text._ZN9libunwind12UnwindCursorINS_17LocalAddressSpaceENS_13Registers_armEE13isSignalFrameEv  libunwind_wx.l(libunwind.cpp.o)
    0x0803db44   0x0803d298   0x00000008   Data   RO         3338    .ARM.exidx.text._ZN9libunwind12UnwindCursorINS_17LocalAddressSpaceENS_13Registers_armEE13stepWithEHABIEv  libunwind_wx.l(libunwind.cpp.o)
    0x0803db4c   0x0803d298   0x00000008   Data   RO         3316    .ARM.exidx.text._ZN9libunwind12UnwindCursorINS_17LocalAddressSpaceENS_13Registers_armEE13validFloatRegEi  libunwind_wx.l(libunwind.cpp.o)
    0x0803db54   0x0803d298   0x00000008   Data   RO         3330    .ARM.exidx.text._ZN9libunwind12UnwindCursorINS_17LocalAddressSpaceENS_13Registers_armEE15getFunctionNameEPcjPj  libunwind_wx.l(libunwind.cpp.o)
    0x0803db5c   0x0803d298   0x00000008   Data   RO         3334    .ARM.exidx.text._ZN9libunwind12UnwindCursorINS_17LocalAddressSpaceENS_13Registers_armEE15getRegisterNameEi  libunwind_wx.l(libunwind.cpp.o)
    0x0803db64   0x0803d298   0x00000008   Data   RO         3342    .ARM.exidx.text._ZN9libunwind12UnwindCursorINS_17LocalAddressSpaceENS_13Registers_armEE23getInfoFromEHABISectionEjRKNS_18UnwindInfoSectionsE  libunwind_wx.l(libunwind.cpp.o)
    0x0803db6c   0x0803d298   0x00000008   Data   RO         3332    .ARM.exidx.text._ZN9libunwind12UnwindCursorINS_17LocalAddressSpaceENS_13Registers_armEE24setInfoBasedOnIPRegisterEb  libunwind_wx.l(libunwind.cpp.o)
    0x0803db74   0x0803d298   0x00000008   Data   RO         3322    .ARM.exidx.text._ZN9libunwind12UnwindCursorINS_17LocalAddressSpaceENS_13Registers_armEE4stepEv  libunwind_wx.l(libunwind.cpp.o)
    0x0803db7c   0x0803d298   0x00000008   Data   RO         3312    .ARM.exidx.text._ZN9libunwind12UnwindCursorINS_17LocalAddressSpaceENS_13Registers_armEE6getRegEi  libunwind_wx.l(libunwind.cpp.o)
    0x0803db84   0x0803d298   0x00000008   Data   RO         3326    .ARM.exidx.text._ZN9libunwind12UnwindCursorINS_17LocalAddressSpaceENS_13Registers_armEE6jumptoEv  libunwind_wx.l(libunwind.cpp.o)
    0x0803db8c   0x0803d298   0x00000008   Data   RO         3314    .ARM.exidx.text._ZN9libunwind12UnwindCursorINS_17LocalAddressSpaceENS_13Registers_armEE6setRegEij  libunwind_wx.l(libunwind.cpp.o)
    0x0803db94   0x0803d298   0x00000008   Data   RO         3324    .ARM.exidx.text._ZN9libunwind12UnwindCursorINS_17LocalAddressSpaceENS_13Registers_armEE7getInfoEP15unw_proc_info_t  libunwind_wx.l(libunwind.cpp.o)
    0x0803db9c   0x0803d298   0x00000008   Data   RO         3310    .ARM.exidx.text._ZN9libunwind12UnwindCursorINS_17LocalAddressSpaceENS_13Registers_armEE8validRegEi  libunwind_wx.l(libunwind.cpp.o)
    0x0803dba4   0x0803d298   0x00000008   Data   RO         3340    .ARM.exidx.text._ZN9libunwind13Registers_arm26restoreSavedFloatRegistersEv  libunwind_wx.l(libunwind.cpp.o)
    0x0803dbac   0x0803d298   0x00000008   Data   RO         3306    .ARM.exidx.text._ZN9libunwind20AbstractUnwindCursorD2Ev  libunwind_wx.l(libunwind.cpp.o)
    0x0803dbb4   0x0803d298   0x00000008   Data   RO         3557    .ARM.exidx.text._ZNK10__cxxabiv117__class_type_info16search_above_dstEPNS_19__dynamic_cast_infoEPKvS4_ib  libcppabi_wx.l(private_typeinfo.cpp.o)
    0x0803dbbc   0x0803d298   0x00000008   Data   RO         3551    .ARM.exidx.text._ZNK10__cxxabiv117__class_type_info16search_below_dstEPNS_19__dynamic_cast_infoEPKvib  libcppabi_wx.l(private_typeinfo.cpp.o)
    0x0803dbc4   0x0803d298   0x00000008   Data   RO         3519    .ARM.exidx.text._ZNK10__cxxabiv117__class_type_info27has_unambiguous_public_baseEPNS_19__dynamic_cast_infoEPvi  libcppabi_wx.l(private_typeinfo.cpp.o)
    0x0803dbcc   0x0803d298   0x00000008   Data   RO         3515    .ARM.exidx.text._ZNK10__cxxabiv117__class_type_info9can_catchEPKNS_16__shim_type_infoERPv  libcppabi_wx.l(private_typeinfo.cpp.o)
    0x0803dbd4   0x0803d298   0x00000008   Data   RO         3555    .ARM.exidx.text._ZNK10__cxxabiv120__si_class_type_info16search_above_dstEPNS_19__dynamic_cast_infoEPKvS4_ib  libcppabi_wx.l(private_typeinfo.cpp.o)
    0x0803dbdc   0x0803d298   0x00000008   Data   RO         3521    .ARM.exidx.text._ZNK10__cxxabiv120__si_class_type_info27has_unambiguous_public_baseEPNS_19__dynamic_cast_infoEPvi  libcppabi_wx.l(private_typeinfo.cpp.o)
    0x0803dbe4   0x0803d298   0x00000008   Data   RO         2444    .ARM.exidx.text._ZNK8touchgfx10ClickEvent12getEventTypeEv  touchgfx_core_wchar16.lib(screen.o)
    0x0803dbec   0x0803d298   0x00000008   Data   RO         2012    .ARM.exidx.text._ZNK8touchgfx3Box17invalidateContentEv  touchgfx_core_wchar16.lib(box.o)
    0x0803dbf4   0x0803d298   0x00000008   Data   RO         2005    .ARM.exidx.text._ZNK8touchgfx3Box4drawERKNS_4RectE  touchgfx_core_wchar16.lib(box.o)
    0x0803dbfc   0x0803d298   0x00000008   Data   RO         2276    .ARM.exidx.text._ZNK8touchgfx3HAL11getBitDepthENS_6Bitmap12BitmapFormatE  touchgfx_core_wchar16.lib(hal.o)
    0x0803dc04   0x0803d298   0x00000008   Data   RO         2256    .ARM.exidx.text._ZNK8touchgfx3HAL13getDstAddressEttPt  touchgfx_core_wchar16.lib(hal.o)
    0x0803dc0c   0x0803d298   0x00000008   Data   RO         2248    .ARM.exidx.text._ZNK8touchgfx3HAL13getDstAddressEttPttNS_6Bitmap12BitmapFormatE  touchgfx_core_wchar16.lib(hal.o)
    0x0803dc14   0x0803d298   0x00000008   Data   RO         2195    .ARM.exidx.text._ZNK8touchgfx4Font12getCharWidthEt  touchgfx_core_wchar16.lib(font.o)
    0x0803dc1c   0x0803d298   0x00000008   Data   RO         2066    .ARM.exidx.text._ZNK8touchgfx4Font12getGSUBTableEv  touchgfx_core_wchar16.lib(constfont.o)
    0x0803dc24   0x0803d298   0x00000008   Data   RO         2201    .ARM.exidx.text._ZNK8touchgfx4Font13getFontHeightEv  touchgfx_core_wchar16.lib(font.o)
    0x0803dc2c   0x0803d298   0x00000008   Data   RO         2062    .ARM.exidx.text._ZNK8touchgfx4Font15getBitsPerPixelEv  touchgfx_core_wchar16.lib(constfont.o)
    0x0803dc34   0x0803d298   0x00000008   Data   RO         2205    .ARM.exidx.text._ZNK8touchgfx4Font15getSpacingAboveEPKtz  touchgfx_core_wchar16.lib(font.o)
    0x0803dc3c   0x0803d298   0x00000008   Data   RO         2203    .ARM.exidx.text._ZNK8touchgfx4Font16getNumberOfLinesEPKtz  touchgfx_core_wchar16.lib(font.o)
    0x0803dc44   0x0803d298   0x00000008   Data   RO         2191    .ARM.exidx.text._ZNK8touchgfx4Font17getStringWidthLTREhPKtSt9__va_list  touchgfx_core_wchar16.lib(font.o)
    0x0803dc4c   0x0803d298   0x00000008   Data   RO         2199    .ARM.exidx.text._ZNK8touchgfx4Font20getMinimumTextHeightEv  touchgfx_core_wchar16.lib(font.o)
    0x0803dc54   0x0803d298   0x00000008   Data   RO         2052    .ARM.exidx.text._ZNK8touchgfx4Font8getGlyphEt  touchgfx_core_wchar16.lib(constfont.o)
    0x0803dc5c   0x0803d298   0x00000008   Data   RO         2060    .ARM.exidx.text._ZNK8touchgfx4Font9getHeightEv  touchgfx_core_wchar16.lib(constfont.o)
    0x0803dc64   0x0803d298   0x00000008   Data   RO         1891    .ARM.exidx.text._ZNK8touchgfx4Rect8includesERKS0_  touchgfx_core_wchar16.lib(application.o)
    0x0803dc6c   0x0803d298   0x00000008   Data   RO         1895    .ARM.exidx.text._ZNK8touchgfx4Rect9intersectERKS0_  touchgfx_core_wchar16.lib(application.o)
    0x0803dc74   0x0803d298   0x00000008   Data   RO         2102    .ARM.exidx.text._ZNK8touchgfx4Rect9intersectEss  touchgfx_core_wchar16.lib(container.o)
    0x0803dc7c   0x0803d298   0x00000008   Data   RO         1901    .ARM.exidx.text._ZNK8touchgfx4RectanERKS0_  touchgfx_core_wchar16.lib(application.o)
    0x0803dc84   0x0803d298   0x00000008   Data   RO         2345    .ARM.exidx.text._ZNK8touchgfx5Image17invalidateContentEv  touchgfx_core_wchar16.lib(image.o)
    0x0803dc8c   0x0803d298   0x00000008   Data   RO         2336    .ARM.exidx.text._ZNK8touchgfx5Image4drawERKNS_4RectE  touchgfx_core_wchar16.lib(image.o)
    0x0803dc94   0x0803d298   0x00000008   Data   RO         1946    .ARM.exidx.text._ZNK8touchgfx6Bitmap12getExtraDataEv  touchgfx_core_wchar16.lib(bitmap.o)
    0x0803dc9c   0x0803d298   0x00000008   Data   RO         2000    .ARM.exidx.text._ZNK8touchgfx6Bitmap7getRectEv  touchgfx_core_wchar16.lib(bitmap.o)
    0x0803dca4   0x0803d298   0x00000008   Data   RO         1940    .ARM.exidx.text._ZNK8touchgfx6Bitmap8getWidthEv  touchgfx_core_wchar16.lib(bitmap.o)
    0x0803dcac   0x0803d298   0x00000008   Data   RO         1944    .ARM.exidx.text._ZNK8touchgfx6Bitmap9getFormatEv  touchgfx_core_wchar16.lib(bitmap.o)
    0x0803dcb4   0x0803d298   0x00000008   Data   RO         1942    .ARM.exidx.text._ZNK8touchgfx6Bitmap9getHeightEv  touchgfx_core_wchar16.lib(bitmap.o)
    0x0803dcbc   0x0803d298   0x00000008   Data   RO         2165    .ARM.exidx.text._ZNK8touchgfx8Drawable10invalidateEv  touchgfx_core_wchar16.lib(drawable.o)
    0x0803dcc4   0x0803d298   0x00000008   Data   RO         2169    .ARM.exidx.text._ZNK8touchgfx8Drawable14getVisibleRectERNS_4RectE  touchgfx_core_wchar16.lib(drawable.o)
    0x0803dccc   0x0803d298   0x00000008   Data   RO         2171    .ARM.exidx.text._ZNK8touchgfx8Drawable15getAbsoluteRectEv  touchgfx_core_wchar16.lib(drawable.o)
    0x0803dcd4   0x0803d298   0x00000008   Data   RO         2106    .ARM.exidx.text._ZNK8touchgfx8Drawable17invalidateContentEv  touchgfx_core_wchar16.lib(container.o)
    0x0803dcdc   0x0803d298   0x00000008   Data   RO         1760    .ARM.exidx.text._ZNK8touchgfx8LCD16bpp17framebufferFormatEv  touchgfx_core_wchar16.lib(lcd16bpp.o)
    0x0803dce4   0x0803d298   0x00000008   Data   RO         1448    .ARM.exidx.text._ZNK8touchgfx8LCD16bpp21blitCopyARGB8888SolidEPKjRKNS_4RectES5_  touchgfx_core_wchar16.lib(lcd16bpp.o)
    0x0803dcec   0x0803d298   0x00000008   Data   RO         1684    .ARM.exidx.text._ZNK8touchgfx8LCD16bpp28DrawTextureMapScanLineBase1627overrunCheckNearestNeighborERPtRiS4_S4_iiss  touchgfx_core_wchar16.lib(lcd16bpp.o)
    0x0803dcf4   0x0803d298   0x00000008   Data   RO         1690    .ARM.exidx.text._ZNK8touchgfx8LCD16bpp28DrawTextureMapScanLineBase1633overrunCheckBilinearInterpolationERPtRiS4_S4_iiss  touchgfx_core_wchar16.lib(lcd16bpp.o)
    0x0803dcfc   0x0803d298   0x00000008   Data   RO         1744    .ARM.exidx.text._ZNK8touchgfx8LCD16bpp35TextureMapper_A4_NearestNeighbor_GA10writePixelEPthh  touchgfx_core_wchar16.lib(lcd16bpp.o)
    0x0803dd04   0x0803d298   0x00000008   Data   RO         1736    .ARM.exidx.text._ZNK8touchgfx8LCD16bpp51TextureMapper_ARGB8888_NonOpaque_NearestNeighbor_GA10writePixelEPtPKjsiih  touchgfx_core_wchar16.lib(lcd16bpp.o)
    0x0803dd0c   0x0803d298   0x00000008   Data   RO         1700    .ARM.exidx.text._ZNK8touchgfx8LCD16bpp51TextureMapper_L8_RGB888_Opaque_NearestNeighbor_NoGA10writePixelEPtPKhS4_sii  touchgfx_core_wchar16.lib(lcd16bpp.o)
    0x0803dd14   0x0803d298   0x00000008   Data   RO         1732    .ARM.exidx.text._ZNK8touchgfx8LCD16bpp52TextureMapper_RGB565_Opaque_BilinearInterpolation_GA10writePixelEPtPKtsiihhh  touchgfx_core_wchar16.lib(lcd16bpp.o)
    0x0803dd1c   0x0803d298   0x00000008   Data   RO         1738    .ARM.exidx.text._ZNK8touchgfx8LCD16bpp53TextureMapper_ARGB8888_NonOpaque_NearestNeighbor_NoGA10writePixelEPtPKjsii  touchgfx_core_wchar16.lib(lcd16bpp.o)
    0x0803dd24   0x0803d298   0x00000008   Data   RO         1734    .ARM.exidx.text._ZNK8touchgfx8LCD16bpp54TextureMapper_RGB565_Opaque_BilinearInterpolation_NoGA10writePixelEPtPKtsiihh  touchgfx_core_wchar16.lib(lcd16bpp.o)
    0x0803dd2c   0x0803d298   0x00000008   Data   RO         1604    .ARM.exidx.text._ZNK8touchgfx8LCD16bpp54TextureMapper_RGB565_Opaque_BilinearInterpolation_NoGA16writePixelOnEdgeEPtPKtssiihh  touchgfx_core_wchar16.lib(lcd16bpp.o)
    0x0803dd34   0x0803d298   0x00000008   Data   RO         1692    .ARM.exidx.text._ZNK8touchgfx8LCD16bpp55TextureMapper_L8_RGB565_Opaque_BilinearInterpolation_GA10writePixelEPtPKhPKtsiihhh  touchgfx_core_wchar16.lib(lcd16bpp.o)
    0x0803dd3c   0x0803d298   0x00000008   Data   RO         1702    .ARM.exidx.text._ZNK8touchgfx8LCD16bpp55TextureMapper_L8_RGB888_Opaque_BilinearInterpolation_GA10writePixelEPtPKhS4_siihhh  touchgfx_core_wchar16.lib(lcd16bpp.o)
    0x0803dd44   0x0803d298   0x00000008   Data   RO         1551    .ARM.exidx.text._ZNK8touchgfx8LCD16bpp55TextureMapper_L8_RGB888_Opaque_BilinearInterpolation_GA16writePixelOnEdgeEPtPKhS4_ssiihhh  touchgfx_core_wchar16.lib(lcd16bpp.o)
    0x0803dd4c   0x0803d298   0x00000008   Data   RO         1726    .ARM.exidx.text._ZNK8touchgfx8LCD16bpp55TextureMapper_RGB565_NonOpaque_BilinearInterpolation_GA10writePixelEPtPKtPKhsiihhh  touchgfx_core_wchar16.lib(lcd16bpp.o)
    0x0803dd54   0x0803d298   0x00000008   Data   RO         1710    .ARM.exidx.text._ZNK8touchgfx8LCD16bpp56TextureMapper_L8_ARGB8888_NonOpaque_NearestNeighbor_NoGA10writePixelEPtPKhPKjsii  touchgfx_core_wchar16.lib(lcd16bpp.o)
    0x0803dd5c   0x0803d298   0x00000008   Data   RO         1740    .ARM.exidx.text._ZNK8touchgfx8LCD16bpp57TextureMapper_ARGB8888_NonOpaque_BilinearInterpolation_GA10writePixelEPtPKjsiihhh  touchgfx_core_wchar16.lib(lcd16bpp.o)
    0x0803dd64   0x0803d298   0x00000008   Data   RO         1615    .ARM.exidx.text._ZNK8touchgfx8LCD16bpp57TextureMapper_ARGB8888_NonOpaque_BilinearInterpolation_GA16writePixelOnEdgeEPtPKjssiihhh  touchgfx_core_wchar16.lib(lcd16bpp.o)
    0x0803dd6c   0x0803d298   0x00000008   Data   RO         1696    .ARM.exidx.text._ZNK8touchgfx8LCD16bpp57TextureMapper_L8_RGB565_Opaque_BilinearInterpolation_NoGA10writePixelEPtPKhPKtsiihh  touchgfx_core_wchar16.lib(lcd16bpp.o)
    0x0803dd74   0x0803d298   0x00000008   Data   RO         1540    .ARM.exidx.text._ZNK8touchgfx8LCD16bpp57TextureMapper_L8_RGB565_Opaque_BilinearInterpolation_NoGA16writePixelOnEdgeEPtPKhPKtssiihh  touchgfx_core_wchar16.lib(lcd16bpp.o)
    0x0803dd7c   0x0803d298   0x00000008   Data   RO         1706    .ARM.exidx.text._ZNK8touchgfx8LCD16bpp57TextureMapper_L8_RGB888_Opaque_BilinearInterpolation_NoGA10writePixelEPtPKhS4_siihh  touchgfx_core_wchar16.lib(lcd16bpp.o)
    0x0803dd84   0x0803d298   0x00000008   Data   RO         1730    .ARM.exidx.text._ZNK8touchgfx8LCD16bpp57TextureMapper_RGB565_NonOpaque_BilinearInterpolation_NoGA10writePixelEPtPKhPKtsiihh  touchgfx_core_wchar16.lib(lcd16bpp.o)
    0x0803dd8c   0x0803d298   0x00000008   Data   RO         1742    .ARM.exidx.text._ZNK8touchgfx8LCD16bpp59TextureMapper_ARGB8888_NonOpaque_BilinearInterpolation_NoGA10writePixelEPtPKjsiihh  touchgfx_core_wchar16.lib(lcd16bpp.o)
    0x0803dd94   0x0803d298   0x00000008   Data   RO         1620    .ARM.exidx.text._ZNK8touchgfx8LCD16bpp59TextureMapper_ARGB8888_NonOpaque_BilinearInterpolation_NoGA16writePixelOnEdgeEPtPKjssiihh  touchgfx_core_wchar16.lib(lcd16bpp.o)
    0x0803dd9c   0x0803d298   0x00000008   Data   RO         1712    .ARM.exidx.text._ZNK8touchgfx8LCD16bpp60TextureMapper_L8_ARGB8888_NonOpaque_BilinearInterpolation_GA10writePixelEPtPKhPKjsiihhh  touchgfx_core_wchar16.lib(lcd16bpp.o)
    0x0803dda4   0x0803d298   0x00000008   Data   RO         1567    .ARM.exidx.text._ZNK8touchgfx8LCD16bpp60TextureMapper_L8_ARGB8888_NonOpaque_BilinearInterpolation_GA16writePixelOnEdgeEPtPKhPKjssiihhh  touchgfx_core_wchar16.lib(lcd16bpp.o)
    0x0803ddac   0x0803d298   0x00000008   Data   RO         1718    .ARM.exidx.text._ZNK8touchgfx8LCD16bpp62TextureMapper_L8_ARGB8888_NonOpaque_BilinearInterpolation_NoGA10writePixelEPtPKhPKjsiihh  touchgfx_core_wchar16.lib(lcd16bpp.o)
    0x0803ddb4   0x0803d298   0x00000008   Data   RO         1758    .ARM.exidx.text._ZNK8touchgfx8LCD16bpp8bitDepthEv  touchgfx_core_wchar16.lib(lcd16bpp.o)
    0x0803ddbc   0x0803d298   0x00000008   Data   RO         2043    .ARM.exidx.text._ZNK8touchgfx9ConstFont8getGlyphEtRPKhRh  touchgfx_core_wchar16.lib(constfont.o)
    0x0803ddc4   0x0803d298   0x00000008   Data   RO         2087    .ARM.exidx.text._ZNK8touchgfx9Container12getSolidRectEv  touchgfx_core_wchar16.lib(container.o)
    0x0803ddcc   0x0803d298   0x00000008   Data   RO         2081    .ARM.exidx.text._ZNK8touchgfx9Container4drawERKNS_4RectE  touchgfx_core_wchar16.lib(container.o)
    0x0803ddd4   0x0803d298   0x00000008   Data   RO         2448    .ARM.exidx.text._ZNK8touchgfx9DragEvent12getEventTypeEv  touchgfx_core_wchar16.lib(screen.o)
    0x0803dddc   0x0803d298   0x00000008   Data   RO         3186    .ARM.exidx.text._ZNKSt13bad_exception4whatEv  libcppabi_wx.l(stdlib_exception.cpp.o)
    0x0803dde4   0x0803d298   0x00000008   Data   RO         3172    .ARM.exidx.text._ZSt11__terminatePFvvE  libcppabi_wx.l(cxa_handlers.cpp.o)
    0x0803ddec   0x0803d298   0x00000008   Data   RO         3165    .ARM.exidx.text._ZSt12__unexpectedPFvvE  libcppabi_wx.l(cxa_handlers.cpp.o)
    0x0803ddf4   0x0803d298   0x00000008   Data   RO         3169    .ARM.exidx.text._ZSt13get_terminatev  libcppabi_wx.l(cxa_handlers.cpp.o)
    0x0803ddfc   0x0803d298   0x00000008   Data   RO         3163    .ARM.exidx.text._ZSt9terminatev  libcppabi_wx.l(cxa_handlers.cpp.o)
    0x0803de04   0x0803d298   0x00000008   Data   RO          592    .ARM.exidx.text._ZThn4_N18ScreenCCTPresenterD0Ev  screencctpresenter.o
    0x0803de0c   0x0803d298   0x00000008   Data   RO         2792    .ARM.exidx.text._ZdlPv  libcpp_wx.l(new.cpp.o)
    0x0803de14   0x0803d298   0x00000008   Data   RO         2828    .ARM.exidx.text.__clang_call_terminate  libcpp_wx.l(new.cpp.o)
    0x0803de1c   0x0803d298   0x00000008   Data   RO         3226    .ARM.exidx.text.__cxa_allocate_exception  libcppabi_wx.l(cxa_exception.cpp.o)
    0x0803de24   0x0803d298   0x00000008   Data   RO         3249    .ARM.exidx.text.__cxa_begin_catch  libcppabi_wx.l(cxa_exception.cpp.o)
    0x0803de2c   0x0803d298   0x00000008   Data   RO         3244    .ARM.exidx.text.__cxa_begin_cleanup  libcppabi_wx.l(cxa_exception.cpp.o)
    0x0803de34   0x0803d298   0x00000008   Data   RO         2854    .ARM.exidx.text.__cxa_call_unexpected  libcppabi_wx.l(cxa_personality.cpp.o)
    0x0803de3c   0x0803d298   0x00000008   Data   RO         3254    .ARM.exidx.text.__cxa_decrement_exception_refcount  libcppabi_wx.l(cxa_exception.cpp.o)
    0x0803de44   0x0803d298   0x00000008   Data   RO         3251    .ARM.exidx.text.__cxa_end_catch  libcppabi_wx.l(cxa_exception.cpp.o)
    0x0803de4c   0x0803d298   0x00000008   Data   RO         3246    .ARM.exidx.text.__cxa_end_cleanup_impl  libcppabi_wx.l(cxa_exception.cpp.o)
    0x0803de54   0x0803d298   0x00000008   Data   RO         3153    .ARM.exidx.text.__cxa_get_globals  libcppabi_wx.l(cxa_exception_storage.cpp.o)
    0x0803de5c   0x0803d298   0x00000008   Data   RO         2839    .ARM.exidx.text.__cxa_pure_virtual  libcppabi_wx.l(cxa_virtual.cpp.o)
    0x0803de64   0x0803d298   0x00000008   Data   RO         3258    .ARM.exidx.text.__cxa_rethrow  libcppabi_wx.l(cxa_exception.cpp.o)
    0x0803de6c   0x0803d298   0x00000008   Data   RO         3235    .ARM.exidx.text.__cxa_throw  libcppabi_wx.l(cxa_exception.cpp.o)
    0x0803de74   0x0803d298   0x00000008   Data   RO         3537    .ARM.exidx.text.__dynamic_cast  libcppabi_wx.l(private_typeinfo.cpp.o)
    0x0803de7c   0x0803d298   0x00000008   Data   RO         2898    .ARM.exidx.text.__gnu_unwind_frame  libunwind_wx.l(Unwind-EHABI.cpp.o)
    0x0803de84   0x0803d298   0x00000008   Data   RO         2845    .ARM.exidx.text.__gxx_personality_v0  libcppabi_wx.l(cxa_personality.cpp.o)
    0x0803de8c   0x0803d298   0x00000008   Data   RO         3282    .ARM.exidx.text.__unw_get_fpreg  libunwind_wx.l(libunwind.cpp.o)
    0x0803de94   0x0803d298   0x00000008   Data   RO         3288    .ARM.exidx.text.__unw_get_proc_info  libunwind_wx.l(libunwind.cpp.o)
    0x0803de9c   0x0803d298   0x00000008   Data   RO         3278    .ARM.exidx.text.__unw_get_reg  libunwind_wx.l(libunwind.cpp.o)
    0x0803dea4   0x0803d298   0x00000008   Data   RO         3276    .ARM.exidx.text.__unw_init_local  libunwind_wx.l(libunwind.cpp.o)
    0x0803deac   0x0803d298   0x00000008   Data   RO         3290    .ARM.exidx.text.__unw_resume  libunwind_wx.l(libunwind.cpp.o)
    0x0803deb4   0x0803d298   0x00000008   Data   RO         3300    .ARM.exidx.text.__unw_save_vfp_as_X  libunwind_wx.l(libunwind.cpp.o)
    0x0803debc   0x0803d298   0x00000008   Data   RO         3284    .ARM.exidx.text.__unw_set_fpreg  libunwind_wx.l(libunwind.cpp.o)
    0x0803dec4   0x0803d298   0x00000008   Data   RO         3280    .ARM.exidx.text.__unw_set_reg  libunwind_wx.l(libunwind.cpp.o)
    0x0803decc   0x0803d298   0x00000008   Data   RO         3286    .ARM.exidx.text.__unw_step  libunwind_wx.l(libunwind.cpp.o)
    0x0803ded4   0x0803d298   0x00000008   Data   RO         3214    .ARM.exidx.text.abort_message  libcppabi_wx.l(abort_message.cpp.o)
    0x0803dedc   0x0803d298   0x00000008   Data   RO         2862    .ARM.exidx.text.decode_eht_entry  libunwind_wx.l(Unwind-EHABI.cpp.o)
    0x0803dee4   0x0803d298   0x00000008   Data   RO         2831    .ARM.exidx.text.unlikely.__cxa_guard_acquire  libcppabi_wx.l(cxa_guard.cpp.o)
    0x0803deec   0x0803d298   0x00000008   Data   RO         2833    .ARM.exidx.text.unlikely.__cxa_guard_release  libcppabi_wx.l(cxa_guard.cpp.o)


    Execution Region RW_IRAM2 (Exec base: 0x10000000, Load base: 0x0803dfd0, Size: 0x000020d8, Max: 0x00010000, ABSOLUTE)

    Exec Addr    Load Addr    Size         Type   Attr      Idx    E Section Name        Object

    0x10000000   0x0803dfd0   0x00000004   Data   RW         3092    .data               c_w.l(stdio_streams.o)
    0x10000004   0x0803dfd4   0x00000004   Data   RW         3094    .data               c_w.l(stdio_streams.o)
    0x10000008   0x0803dfd8   0x00000004   Data   RW          406    .data.SystemCoreClock  system_stm32f4xx.o
    0x1000000c   0x0803dfdc   0x00000008   Data   RW          172    .data.UART3_Frame   usart.o
    0x10000014   0x0803dfe4   0x00000004   Data   RW         1385    .data._ZL5dummy     oswrappers.o
    0x10000018   0x0803dfe8   0x00000004   Data   RW         3458    .data.__cxa_unexpected_handler  libcppabi_wx.l(cxa_default_handlers.cpp.o)
    0x1000001c   0x0803dfec   0x00000014   Data   RW           28    .data.box_Parament  system_data.o
    0x10000030   0x0803e000   0x00000001   Data   RW          334    .data.uwTickFreq    stm32f4xx_hal.o
    0x10000031   0x0803e001   0x00000003   PAD
    0x10000034   0x0803e004   0x00000004   Data   RW          333    .data.uwTickPrio    stm32f4xx_hal.o
    0x10000038   0x0803e008   0x00000008   PAD
    0x10000040        -       0x00000054   Zero   RW         3090    .bss                c_w.l(stdio_streams.o)
    0x10000094        -       0x00000060   Zero   RW         3356    .bss                c_w.l(libspace.o)
    0x100000f4        -       0x0000000a   Zero   RW         2297    .bss..L_MergedGlobals  touchgfx_core_wchar16.lib(hal.o)
    0x100000fe   0x0803e008   0x00000002   PAD
    0x10000100        -       0x00000070   Zero   RW         1668    .bss..L_MergedGlobals.20  touchgfx_core_wchar16.lib(lcd16bpp.o)
    0x10000170        -       0x00000008   Zero   RW          107    .bss.CanRxData      can.o
    0x10000178        -       0x00000001   Zero   RW          243    .bss.EC11_1_knob_State  control_box.o
    0x10000179   0x0803e008   0x00000003   PAD
    0x1000017c        -       0x00000004   Zero   RW          134    .bss.FSMC_DeInitialized  fsmc.o
    0x10000180        -       0x00000004   Zero   RW           90    .bss.GUI_TaskHandle  freertos.o
    0x10000184        -       0x00000002   Zero   RW          171    .bss.HAL_UARTEx_RxEventCallback.frame_Length_Last  usart.o
    0x10000186   0x0803e008   0x00000002   PAD
    0x10000188        -       0x00000004   Zero   RW          991    .bss._ZGVZ23getFont_simfang_17_4bppvE15simfang_17_4bpp  table_simfang_17_4bpp.o
    0x1000018c        -       0x00000004   Zero   RW         1015    .bss._ZGVZ23getFont_simfang_40_4bppvE15simfang_40_4bpp  table_simfang_40_4bpp.o
    0x10000190        -       0x00000004   Zero   RW         1318    .bss._ZGVZN12FrontendHeap11getInstanceEvE8instance  touchgfxconfiguration.o
    0x10000194        -       0x00000004   Zero   RW         1382    .bss._ZL16frame_buffer_sem  oswrappers.o
    0x10000198        -       0x00000004   Zero   RW         1027    .bss._ZL18currentLanguagePtr  texts.o
    0x1000019c        -       0x00000004   Zero   RW         1121    .bss._ZL2kc         touchgfxhal.o
    0x100001a0        -       0x00000004   Zero   RW         1209    .bss._ZL2tc         touchgfxconfiguration.o
    0x100001a4        -       0x0000007c   Zero   RW         1213    .bss._ZL3hal        touchgfxconfiguration.o
    0x10000220        -       0x00000001   Zero   RW         1214    .bss._ZL5texts      touchgfxconfiguration.o
    0x10000221   0x0803e008   0x00000003   PAD
    0x10000224        -       0x00000078   Zero   RW         1211    .bss._ZL7display    touchgfxconfiguration.o
    0x1000029c        -       0x00000200   Zero   RW         3475    .bss._ZN12_GLOBAL__N_14heapE  libcppabi_wx.l(fallback_malloc.cpp.o)
    0x1000049c        -       0x00000004   Zero   RW         2213    .bss._ZN8touchgfx11FontManager8providerE  touchgfx_core_wchar16.lib(fontmanager.o)
    0x100004a0        -       0x0000002c   Zero   RW         2658    .bss._ZN8touchgfx16TouchCalibration6matrixE  touchgfx_core_wchar16.lib(touchcalibration.o)
    0x100004cc        -       0x00000001   Zero   RW         2292    .bss._ZN8touchgfx3HAL20USE_DOUBLE_BUFFERINGE  touchgfx_core_wchar16.lib(hal.o)
    0x100004cd   0x0803e008   0x00000003   PAD
    0x100004d0        -       0x00000004   Zero   RW         2379    .bss._ZN8touchgfx3LCD12defaultColorE  touchgfx_core_wchar16.lib(lcd.o)
    0x100004d4        -       0x00000002   Zero   RW         1025    .bss._ZN8touchgfx5Texts15currentLanguageE  texts.o
    0x100004d6   0x0803e008   0x00000002   PAD
    0x100004d8        -       0x00000004   Zero   RW         2538    .bss._ZN8touchgfx9TypedText5textsE  touchgfx_core_wchar16.lib(typedtext.o)
    0x100004dc        -       0x0000002c   Zero   RW         1002    .bss._ZZ23getFont_simfang_25_4bppvE15simfang_25_4bpp  table_simfang_25_4bpp.o
    0x10000508        -       0x00000001   Zero   RW         2294    .bss._ZZN8touchgfx3HAL4tickEvE12touchTickCnt  touchgfx_core_wchar16.lib(hal.o)
    0x10000509   0x0803e008   0x00000003   PAD
    0x1000050c        -       0x00000004   Zero   RW           84    .bss.boxInputQueueHandle  freertos.o
    0x10000510        -       0x00000004   Zero   RW           86    .bss.cctTaskHandle  freertos.o
    0x10000514        -       0x00000028   Zero   RW          108    .bss.hcan1          can.o
    0x1000053c        -       0x00000010   Zero   RW          142    .bss.hrng           rng.o
    0x1000054c        -       0x00000050   Zero   RW          131    .bss.hsram1         fsmc.o
    0x1000059c        -       0x00000050   Zero   RW          132    .bss.hsram2         fsmc.o
    0x100005ec        -       0x00000048   Zero   RW          158    .bss.htim2          tim.o
    0x10000634        -       0x00000048   Zero   RW          160    .bss.htim4          tim.o
    0x1000067c        -       0x00000044   Zero   RW          168    .bss.huart3         usart.o
    0x100006c0        -       0x00000004   Zero   RW           92    .bss.inputTaskHandle  freertos.o
    0x100006c4        -       0x00000006   Zero   RW          211    .bss.lcddev         tft_lcd.o
    0x100006ca   0x0803e008   0x00000002   PAD
    0x100006cc        -       0x00000004   Zero   RW           88    .bss.lightEffectTaskHandle  freertos.o
    0x100006d0   0x0803e008   0x00000030   PAD
    0x10000700        -       0x000004a4   Zero   RW         1400    .bss.noinit         eventrecorder.o
    0x10000ba4        -       0x00000004   Zero   RW          480    .bss.prvSampleTimeNow.xLastTime  timers.o
    0x10000ba8        -       0x00000004   Zero   RW          478    .bss.pxCurrentTimerList  timers.o
    0x10000bac        -       0x00000004   Zero   RW          454    .bss.pxDelayedTaskList  tasks.o
    0x10000bb0        -       0x00000004   Zero   RW          505    .bss.pxEnd          heap_4.o
    0x10000bb4        -       0x00000008   Zero   RW         1415    .bss.stdout_putchar.buffer  retarget_io.o
    0x10000bbc        -       0x00000004   Zero   RW          521    .bss.ulMaxPRIGROUPValue  port.o
    0x10000bc0        -       0x00000004   Zero   RW          450    .bss.uxCurrentNumberOfTasks  tasks.o
    0x10000bc4        -       0x00000004   Zero   RW          452    .bss.uxSchedulerSuspended  tasks.o
    0x10000bc8        -       0x00000004   Zero   RW          447    .bss.uxTaskNumber   tasks.o
    0x10000bcc        -       0x00000004   Zero   RW          458    .bss.uxTopReadyPriority  tasks.o
    0x10000bd0        -       0x00000060   Zero   RW          494    .bss.vApplicationGetIdleTaskMemory.Idle_TCB  cmsis_os2.o
    0x10000c30        -       0x00000400   Zero   RW          497    .bss.vApplicationGetTimerTaskMemory.Timer_Stack  cmsis_os2.o
    0x10001030        -       0x00000004   Zero   RW           94    .bss.wirelessTaskHandle  freertos.o
    0x10001034        -       0x00000014   Zero   RW          482    .bss.xActiveTimerList2  timers.o
    0x10001048        -       0x00000014   Zero   RW          467    .bss.xDelayedTaskList2  tasks.o
    0x1000105c        -       0x00000004   Zero   RW          507    .bss.xFreeBytesRemaining  heap_4.o
    0x10001060        -       0x00000004   Zero   RW          462    .bss.xNextTaskUnblockTime  tasks.o
    0x10001064        -       0x00000004   Zero   RW          510    .bss.xNumberOfSuccessfulAllocations  heap_4.o
    0x10001068        -       0x00000004   Zero   RW          464    .bss.xPendedTicks   tasks.o
    0x1000106c        -       0x00000014   Zero   RW          459    .bss.xPendingReadyList  tasks.o
    0x10001080        -       0x00000040   Zero   RW          431    .bss.xQueueRegistry  queue.o
    0x100010c0        -       0x00000014   Zero   RW          448    .bss.xTasksWaitingTermination  tasks.o
    0x100010d4        -       0x00000004   Zero   RW          475    .bss.xTimerQueue    timers.o
    0x100010d8        -       0x00001000   Zero   RW            1    STACK               startup_stm32f407xx.o


    Execution Region RW_IRAM1 (Exec base: 0x20000000, Load base: 0x0803df00, Size: 0x000120b0, Max: 0x00020000, ABSOLUTE, COMPRESSED[0x000000a0])

    Exec Addr    Load Addr    Size         Type   Attr      Idx    E Section Name        Object

    0x20000000   COMPRESSED   0x00000200   Data   RW          169    .IRAM1              usart.o
    0x20000200   COMPRESSED   0x00000004   Data   RW         3093    .data               c_w.l(stdio_streams.o)
    0x20000204   COMPRESSED   0x0000000c   PAD
    0x20000210   COMPRESSED   0x00000070   Data   RW         1667    .data..L_MergedGlobals  touchgfx_core_wchar16.lib(lcd16bpp.o)
    0x20000280   COMPRESSED   0x00000014   Data   RW         1889    .data..L_MergedGlobals  touchgfx_core_wchar16.lib(application.o)
    0x20000294   COMPRESSED   0x00000004   Data   RW         1212    .data._ZL12fontProvider  touchgfxconfiguration.o
    0x20000298   COMPRESSED   0x00000004   Data   RW         3457    .data.__cxa_terminate_handler  libcppabi_wx.l(cxa_default_handlers.cpp.o)
    0x2000029c   COMPRESSED   0x00000030   Data   RW           29    .data.sys_Parament  system_data.o
    0x200002cc   COMPRESSED   0x00000004   Data   RW          522    .data.uxCriticalNesting  port.o
    0x200002d0        -       0x00000054   Zero   RW         3089    .bss                c_w.l(stdio_streams.o)
    0x20000324        -       0x00000054   Zero   RW         3091    .bss                c_w.l(stdio_streams.o)
    0x20000378   COMPRESSED   0x00000008   PAD
    0x20000380        -       0x00000024   Zero   RW         1998    .bss..L_MergedGlobals  touchgfx_core_wchar16.lib(bitmap.o)
    0x200003a4        -       0x00000001   Zero   RW          244    .bss.EC11_2_knob_State  control_box.o
    0x200003a5   COMPRESSED   0x00000003   PAD
    0x200003a8        -       0x00000004   Zero   RW          133    .bss.FSMC_Initialized  fsmc.o
    0x200003ac        -       0x00000004   Zero   RW          492    .bss.KernelState    cmsis_os2.o
    0x200003b0        -       0x00000001   Zero   RW         1402    .bss.TS_OverflowLock  eventrecorder.o
    0x200003b1   COMPRESSED   0x00000003   PAD
    0x200003b4        -       0x00000004   Zero   RW         1003    .bss._ZGVZ23getFont_simfang_25_4bppvE15simfang_25_4bpp  table_simfang_25_4bpp.o
    0x200003b8        -       0x00000004   Zero   RW         1384    .bss._ZL11vsync_queue  oswrappers.o
    0x200003bc        -       0x00000004   Zero   RW         1026    .bss._ZL14languagesArray  texts.o
    0x200003c0        -       0x00000004   Zero   RW         1028    .bss._ZL22currentLanguageIndices  texts.o
    0x200003c4        -       0x00000044   Zero   RW         1210    .bss._ZL3dma        touchgfxconfiguration.o
    0x20000408        -       0x00000004   Zero   RW         1122    .bss._ZL3knc        touchgfxhal.o
    0x2000040c        -       0x0000000c   Zero   RW         3156    .bss._ZN10__cxxabiv1L10eh_globalsE  libcppabi_wx.l(cxa_exception_storage.cpp.o)
    0x20000418        -       0x00000004   Zero   RW         3474    .bss._ZN12_GLOBAL__N_18freelistE  libcppabi_wx.l(fallback_malloc.cpp.o)
    0x2000041c   COMPRESSED   0x00000004   PAD
    0x20000420        -       0x00000008   Zero   RW         1886    .bss._ZN8touchgfx11Application22debugRegionInvalidRectE  touchgfx_core_wchar16.lib(application.o)
    0x20000428        -       0x00000004   Zero   RW         2291    .bss._ZN8touchgfx3HAL8instanceE  touchgfx_core_wchar16.lib(hal.o)
    0x2000042c        -       0x00000001   Zero   RW         2293    .bss._ZN8touchgfx3HAL9isDrawingE  touchgfx_core_wchar16.lib(hal.o)
    0x2000042d   COMPRESSED   0x00000003   PAD
    0x20000430        -       0x00000004   Zero   RW         1327    .bss._ZN8touchgfx5paint12_GLOBAL__N_111blendL8CLUTE  touchgfxgeneratedhal.o
    0x20000434        -       0x00000004   Zero   RW         2537    .bss._ZN8touchgfx9TypedText10typedTextsE  touchgfx_core_wchar16.lib(typedtext.o)
    0x20000438        -       0x00000002   Zero   RW         2540    .bss._ZN8touchgfx9TypedText18numberOfTypedTextsE  touchgfx_core_wchar16.lib(typedtext.o)
    0x2000043a   COMPRESSED   0x00000002   PAD
    0x2000043c        -       0x00000004   Zero   RW         2539    .bss._ZN8touchgfx9TypedText5fontsE  touchgfx_core_wchar16.lib(typedtext.o)
    0x20000440        -       0x00000001   Zero   RW         3301    .bss._ZN9libunwind17LocalAddressSpace17sThisAddressSpaceE  libunwind_wx.l(libunwind.cpp.o)
    0x20000441   COMPRESSED   0x00000003   PAD
    0x20000444        -       0x0000002c   Zero   RW          990    .bss._ZZ23getFont_simfang_17_4bppvE15simfang_17_4bpp  table_simfang_17_4bpp.o
    0x20000470        -       0x0000002c   Zero   RW         1014    .bss._ZZ23getFont_simfang_40_4bppvE15simfang_40_4bpp  table_simfang_40_4bpp.o
    0x2000049c        -       0x00000240   Zero   RW         1317    .bss._ZZN12FrontendHeap11getInstanceEvE8instance  touchgfxconfiguration.o
    0x200006dc        -       0x00000004   Zero   RW           87    .bss.canTaskHandle  freertos.o
    0x200006e0        -       0x00000004   Zero   RW           85    .bss.defaultTaskHandle  freertos.o
    0x200006e4        -       0x00000008   Zero   RW          116    .bss.hcrc           crc.o
    0x200006ec        -       0x00000060   Zero   RW          170    .bss.hdma_usart3_rx  usart.o
    0x2000074c        -       0x00000058   Zero   RW          150    .bss.hspi2          spi.o
    0x200007a4        -       0x00000048   Zero   RW          194    .bss.htim14         stm32f4xx_hal_timebase_tim.o
    0x200007ec        -       0x00000048   Zero   RW          159    .bss.htim3          tim.o
    0x20000834        -       0x00000004   Zero   RW          245    .bss.key_Parament   control_box.o
    0x20000838        -       0x00000004   Zero   RW           91    .bss.lcdTransferTaskHandle  freertos.o
    0x2000083c        -       0x00000004   Zero   RW           89    .bss.menuTaskHandle  freertos.o
    0x20000840        -       0x000000a0   Zero   RW          484    .bss.prvCheckForValidListAndQueue.ucStaticTimerQueueStorage  timers.o
    0x200008e0        -       0x00000050   Zero   RW          483    .bss.prvCheckForValidListAndQueue.xStaticTimerQueue  timers.o
    0x20000930        -       0x00000004   Zero   RW          446    .bss.pxCurrentTCB   tasks.o
    0x20000934        -       0x00000004   Zero   RW          455    .bss.pxOverflowDelayedTaskList  tasks.o
    0x20000938        -       0x00000004   Zero   RW          479    .bss.pxOverflowTimerList  timers.o
    0x2000093c        -       0x00000460   Zero   RW          457    .bss.pxReadyTasksLists  tasks.o
    0x20000d9c        -       0x00000004   Zero   RW         1414    .bss.stdout_putchar.index  retarget_io.o
    0x20000da0        -       0x00000004   Zero   RW           82    .bss.sysDataQueue_AppHandle  freertos.o
    0x20000da4        -       0x00000004   Zero   RW           93    .bss.testTaskHandle  freertos.o
    0x20000da8        -       0x00000028   Zero   RW           95    .bss.test_info      freertos.o
    0x20000dd0        -       0x0000000c   Zero   RW         1058    .bss.touchgfx_fonts  typedtextdatabase.o
    0x20000ddc        -       0x0000ffff   Zero   RW          512    .bss.ucHeap         heap_4.o
    0x20010ddb        -       0x00000001   Zero   RW          520    .bss.ucMaxSysCallPriority  port.o
    0x20010ddc        -       0x00000004   Zero   RW          335    .bss.uwTick         stm32f4xx_hal.o
    0x20010de0        -       0x00000004   Zero   RW          449    .bss.uxDeletedTasksWaitingCleanUp  tasks.o
    0x20010de4        -       0x00000200   Zero   RW          495    .bss.vApplicationGetIdleTaskMemory.Idle_Stack  cmsis_os2.o
    0x20010fe4        -       0x00000060   Zero   RW          496    .bss.vApplicationGetTimerTaskMemory.Timer_TCB  cmsis_os2.o
    0x20011044        -       0x00000014   Zero   RW          481    .bss.xActiveTimerList1  timers.o
    0x20011058        -       0x00000004   Zero   RW          506    .bss.xBlockAllocatedBit  heap_4.o
    0x2001105c        -       0x00000014   Zero   RW          466    .bss.xDelayedTaskList1  tasks.o
    0x20011070        -       0x00000004   Zero   RW          461    .bss.xIdleTaskHandle  tasks.o
    0x20011074        -       0x00000004   Zero   RW          509    .bss.xMinimumEverFreeBytesRemaining  heap_4.o
    0x20011078        -       0x00000004   Zero   RW          465    .bss.xNumOfOverflows  tasks.o
    0x2001107c        -       0x00000004   Zero   RW          511    .bss.xNumberOfSuccessfulFrees  heap_4.o
    0x20011080        -       0x00000004   Zero   RW           83    .bss.xQueueLCDHandle  freertos.o
    0x20011084        -       0x00000004   Zero   RW          451    .bss.xSchedulerRunning  tasks.o
    0x20011088        -       0x00000008   Zero   RW          508    .bss.xStart         heap_4.o
    0x20011090        -       0x00000014   Zero   RW          456    .bss.xSuspendedTaskList  tasks.o
    0x200110a4        -       0x00000004   Zero   RW          453    .bss.xTickCount     tasks.o
    0x200110a8        -       0x00000004   Zero   RW          477    .bss.xTimerTaskHandle  timers.o
    0x200110ac        -       0x00000004   Zero   RW          463    .bss.xYieldPending  tasks.o
    0x200110b0        -       0x00001000   Zero   RW            2    HEAP                startup_stm32f407xx.o


    Execution Region RW_RAM3 (Exec base: 0x60000000, Load base: 0x0803e010, Size: 0x00000000, Max: 0x00100000, ABSOLUTE)

    **** No section assigned to this execution region ****



  Load Region LR_ROM1 (Base: 0x90000000, Size: 0x0004b000, Max: 0x01000000, ABSOLUTE)

    Execution Region ER_ROM1 (Exec base: 0x90000000, Load base: 0x90000000, Size: 0x0004b000, Max: 0x01000000, ABSOLUTE)

    Exec Addr    Load Addr    Size         Type   Attr      Idx    E Section Name        Object

    0x90000000   0x90000000   0x0004b000   Data   RO          857    ExtFlashSection     image_r.o


==============================================================================

Image component sizes


      Code (inc. data)   RO Data    RW Data    ZI Data      Debug   Object Name

       180          0          0          0          0        945   algorithm_library.o
        38          0          0          0          0        708   app_touchgfx.o
       136          0         20          0          0       3108   applicationfontprovider.o
        16          0         20          0          0       2687   bitmapdatabase.o
        40          0          0          0          0      11095   cachedfont.o
      1496         20          0          0         48       8763   can.o
       304          0        616          0          0       1847   cct.o
      8706          6         17          0       1732      33090   cmsis_os2.o
       656          0          0          0          6       5142   control_box.o
       144          0          0          0          8       2497   crc.o
       108          0          0          0          0       3626   dma.o
         4          0          0          0          0        545   esp32c3.o
      1748          0          0          0          0       7268   event_groups.o
      2584          0         24          0       1189       8245   eventrecorder.o
         0          0        518          0          0       1611   font_simfang_17_4bpp_0.o
         0          0        944          0          0       1611   font_simfang_25_4bpp_0.o
         0          0       2526          0          0       1611   font_simfang_40_4bpp_0.o
      1524          0        649          0         92       7419   freertos.o
       308          0         76          0          0       8905   frontendapplication.o
      1502          0        840          0          0      18157   frontendapplicationbase.o
       678          0          0          0        168       5429   fsmc.o
       488          0         96          0          0      10241   generatedfont.o
       534          0          0          0          0       4215   gpio.o
      1322          0          0          0      65567       4301   heap_4.o
         0          0     307200          0          0        493   image_r.o
         0          0          4          0          0       4531   kerning_simfang_17_4bpp.o
         0          0          4          0          0       4531   kerning_simfang_25_4bpp.o
         0          0          4          0          0       4531   kerning_simfang_40_4bpp.o
       178          0         28          0          0       7283   keycontroller.o
       236          0         28          0          0       7448   knobcontroller.o
         0          0          4          0          0       1695   languagegb.o
       736         32          0          0          0       2034   light_effect.o
       304          0          0          0          0       2159   list.o
       508          0          0          0          0       6123   main.o
        24          0          0          0          0        899   model.o
       364          0        183          4          8       4018   oswrappers.o
      1196         16          0          4          5       3609   port.o
      5832          0          0          0         64      16545   queue.o
       768          0         46          0         12       2535   retarget_io.o
       178          0          0          0         16       2584   rng.o
       288          0         88          0          0       8175   screencctpresenter.o
       110          0         52          0          0       7094   screencctview.o
       740          0        232          0          0      27493   screencctviewbase.o
       388          0          0          0         88       4905   spi.o
        64         26        392          0       8192        888   startup_stm32f407xx.o
       248          0        165          0          0       7525   stm32dma.o
       772          0          0          5          4       6577   stm32f4xx_hal.o
      4398          0          0          0          0      10625   stm32f4xx_hal_can.o
      1450          0          0          0          0       8877   stm32f4xx_hal_cortex.o
       364          0          0          0          0       2623   stm32f4xx_hal_crc.o
      3332         22          8          0          0       8217   stm32f4xx_hal_dma.o
      1790          0          0          0          0       4981   stm32f4xx_hal_gpio.o
       108          0          0          0          0       3409   stm32f4xx_hal_msp.o
      3342          0          0          0          0       7337   stm32f4xx_hal_rcc.o
       868          0          0          0          0       3582   stm32f4xx_hal_rng.o
      9726          0          0          0          0      18601   stm32f4xx_hal_spi.o
      2082          0          0          0          0       7968   stm32f4xx_hal_sram.o
     25162        224          0          0          0      33344   stm32f4xx_hal_tim.o
      9618          0          0          0          0      14425   stm32f4xx_hal_tim_ex.o
       280          0          0          0         72       7097   stm32f4xx_hal_timebase_tim.o
     10018          0          0          0          0      18916   stm32f4xx_hal_uart.o
       316          0          0          0          0       4635   stm32f4xx_it.o
      1420          0          0          0          0       5681   stm32f4xx_ll_fsmc.o
        78          0         24          0          0       2800   stm32touchcontroller.o
       108          0          0         68          0       2472   system_data.o
       322          0         24          4          0       2538   system_stm32f4xx.o
       170          0        172          0         48       6181   table_simfang_17_4bpp.o
       170          0        172          0         48       6181   table_simfang_25_4bpp.o
       170          0        172          0         48       6181   table_simfang_40_4bpp.o
     10278         12          5          0       1280      23780   tasks.o
       660          0         14          0         14      13950   texts.o
      6112          4      15912          0          6      11021   tft_lcd.o
      1038          0          0          0        216       8991   tim.o
      2778         10         13          0        300      11055   timers.o
      1998          0        248          4        897      40288   touchgfxconfiguration.o
      1824          0        216          0          4      20203   touchgfxgeneratedhal.o
       182         16          0          0          0       2971   touchgfxgpio.o
       786          0        256          0          8      12667   touchgfxhal.o
       224          0         12          0         12       3442   typedtextdatabase.o
       782          0          0        520        166       7601   usart.o
      1304          0          0          0          0       3228   w25qx.o

    ----------------------------------------------------------------------
    138886        388     332095        612      80392     632609   Object Totals
         0          0         64          0          0          0   (incl. Generated)
       178          0          7          3         74          0   (incl. Padding)

    ----------------------------------------------------------------------

      Code (inc. data)   RO Data    RW Data    ZI Data      Debug   Library Member Name

        58          0          0          0          0          0   __dczerorl.o
         8          0          0          0          0         68   __main.o
       392          4         17          0          0         92   __printf_flags_ss_wp.o
        14          0          0          0          0         68   __printf_wp.o
         0          0          0          0          0          0   __rtentry.o
        12          0          0          0          0          0   __rtentry2.o
         6          0          8          0          0          0   __rtentry4.o
        52          8          0          0          0          0   __scatter.o
        26          0          0          0          0          0   __scatter_copy.o
        28          0          0          0          0          0   __scatter_zi.o
        72          0          0          0          0         96   _c16rtomb.o
         6          0          0          0          0          0   _printf_a.o
         6          0          0          0          0          0   _printf_c.o
        44          0          0          0          0        108   _printf_char.o
        48          6          0          0          0         96   _printf_char_common.o
        36          4          0          0          0         80   _printf_char_file.o
        40          0          0          0          0         68   _printf_charcount.o
         6          0          0          0          0          0   _printf_d.o
       120         16          0          0          0         92   _printf_dec.o
         6          0          0          0          0          0   _printf_e.o
         6          0          0          0          0          0   _printf_f.o
      1052          0          0          0          0        148   _printf_fp_dec.o
       764          8         38          0          0        100   _printf_fp_hex.o
       128         16          0          0          0         84   _printf_fp_infnan.o
         6          0          0          0          0          0   _printf_g.o
       148          4         40          0          0        160   _printf_hex_int_ll_ptr.o
         6          0          0          0          0          0   _printf_i.o
       178          0          0          0          0         88   _printf_intcommon.o
        10          0          0          0          0          0   _printf_l.o
         6          0          0          0          0          0   _printf_lc.o
        10          0          0          0          0          0   _printf_ll.o
         6          0          0          0          0          0   _printf_lld.o
         6          0          0          0          0          0   _printf_lli.o
         6          0          0          0          0          0   _printf_llo.o
         6          0          0          0          0          0   _printf_llu.o
         6          0          0          0          0          0   _printf_llx.o
       124         16          0          0          0         92   _printf_longlong_dec.o
         6          0          0          0          0          0   _printf_ls.o
         6          0          0          0          0          0   _printf_n.o
         6          0          0          0          0          0   _printf_o.o
       112          8          0          0          0        124   _printf_oct_int_ll.o
         6          0          0          0          0          0   _printf_p.o
        78          0          0          0          0        108   _printf_pad.o
         0          0          0          0          0          0   _printf_percent.o
         4          0          0          0          0          0   _printf_percent_end.o
         6          0          0          0          0          0   _printf_s.o
        82          0          0          0          0         80   _printf_str.o
        36          0          0          0          0         84   _printf_truncate.o
         6          0          0          0          0          0   _printf_u.o
        44          0          0          0          0        108   _printf_wchar.o
       188          6          8          0          0         92   _printf_wctomb.o
         6          0          0          0          0          0   _printf_x.o
        22          0          0          0          0         80   abort.o
         8          0          0          0          0         68   abs.o
        46          0          0          0          0         84   aeabi_atexit.o
        16          0          0          0          0         68   aeabi_memset4.o
       128         42          0          0          0         76   assert.o
        24          6          0          0          0         80   assert_stdio.o
       228          4        148          0          0         96   bigflt0.o
      1936        128          0          0          0        668   btod.o
        10          0          0          0          0         68   cxa_atexit.o
        66          0          0          0          0         84   cxa_finalize.o
        48         34          0          0          0         76   defsig_abrt_inner.o
        14          0          0          0          0         80   defsig_abrt_outer.o
        10          0          0          0          0         68   defsig_exit.o
        50          0          0          0          0         88   defsig_general.o
        80         58          0          0          0         76   defsig_rtmem_inner.o
        14          0          0          0          0         80   defsig_rtmem_outer.o
        52         38          0          0          0         76   defsig_rtred_inner.o
        14          0          0          0          0         80   defsig_rtred_outer.o
        18          0          0          0          0         80   exit.o
        76          0          0          0          0         88   fclose.o
         8          0          0          0          0         68   ferror.o
       100          4          0          0          0        120   fflush.o
       482          0          0          0          0         92   flsbuf.o
       240          6          0          0          0        128   fopen.o
        28          0          0          0          0         68   fputc.o
        34          0          0          0          0         80   fputs.o
       248          6          0          0          0         84   fseek.o
        66          0          0          0          0         76   ftell.o
        94          0          0          0          0         80   h1_alloc.o
        52          0          0          0          0         68   h1_extend.o
        78          0          0          0          0         80   h1_free.o
        14          0          0          0          0         84   h1_init.o
       174          0          0          0          0         88   h1_memalign.o
         6          0          0          0          0        152   heapauxi.o
         4          0          0          0          0        136   hguard.o
         0          0          0          0          0          0   indicate_semi.o
        36          8          0          0          0         80   init_aeabi.o
       138          0          0          0          0        168   init_alloc.o
       312         46          0          0          0        112   initio.o
        44         10        272          0          0         76   lc_ctype_c.o
        44         10         28          0          0         76   lc_numeric_c.o
         2          0          0          0          0          0   libinit.o
        50          0          0          0          0          0   libinit2.o
         2          0          0          0          0          0   libshutdown.o
        12          0          0          0          0          0   libshutdown2.o
         8          4          0          0         96         68   libspace.o
       138          0          0          0          0         80   lludiv10.o
       240          0          0          0          0        100   lludivv7m.o
         0          0          0          0          0          0   maybetermalloc1.o
        24          4          0          0          0         84   printf.o
        16          4          0          0          0         76   rt_ctype_table.o
         8          4          0          0          0         68   rt_ddtor_pointer_addr_intlibspace.o
         8          4          0          0          0         68   rt_errno_addr_intlibspace.o
         8          4          0          0          0         68   rt_heap_descriptor_intlibspace.o
         8          4          0          0          0         68   rt_locale_intlibspace.o
        68          0          0          0          0         68   rt_memclr.o
        78          0          0          0          0         80   rt_memclr_w.o
       138          0          0          0          0         68   rt_memcpy_v6.o
       100          0          0          0          0         80   rt_memcpy_w.o
         2          0          0          0          0          0   rtexit.o
        10          0          0          0          0          0   rtexit2.o
        70          0          0          0          0         80   setvbuf.o
       240          6          0          0          0        156   stdio.o
         0          0          0         12        252          0   stdio_streams.o
       124          0          0          0          0         88   strcmpv7em.o
        12          4          0          0          0         68   sys_exit.o
        74          0          0          0          0         80   sys_stackheap_outer.o
        14          0          0          0          0         76   sys_wrch.o
         2          0          0          0          0         68   use_no_semi.o
        98          4          0          0          0        140   d2f.o
       834         16          0          0          0        516   daddsub_clz.o
        84          0          0          0          0        244   dcmp.o
        24          0          0          0          0        116   dcmpi.o
       692        140          0          0          0        264   ddiv.o
       120          4          0          0          0        140   deqf.o
        94          4          0          0          0        140   dfix.o
        46          0          0          0          0        116   dflt_clz.o
       120          4          0          0          0        140   dgeqf.o
       120          4          0          0          0        140   dleqf.o
       340         12          0          0          0        152   dmul.o
       156          4          0          0          0        140   dnaninf.o
        12          0          0          0          0        116   dretinf.o
       108          0          0          0          0        128   drleqf.o
        86          4          0          0          0        132   f2d.o
       140          4          0          0          0        132   fnaninf.o
        26          0          0          0          0        116   fpinit.o
        10          0          0          0          0        116   fretinf.o
         4          0          0          0          0        116   printf1.o
         4          0          0          0          0        116   printf2.o
         0          0          0          0          0          0   usenofp.o
        16          0         16          0          0        436   new.cpp.o
         6          0          8          0          0         44   abort_message.cpp.o
         0          0          0          8          0          0   cxa_default_handlers.cpp.o
       786          4        204          0          0        576   cxa_exception.cpp.o
        20          0          8          0         12         52   cxa_exception_storage.cpp.o
       104         56         16          0          0         76   cxa_guard.cpp.o
       244        136         88          0          0        180   cxa_handlers.cpp.o
      2046         14        148          0          0        276   cxa_personality.cpp.o
        40         32          8          0          0         68   cxa_virtual.cpp.o
       352          0         24          0        516        164   fallback_malloc.cpp.o
      1106          0        292          0          0       1044   private_typeinfo.cpp.o
        32         20         79          0          0        196   stdlib_exception.cpp.o
         2          0         21          0          0        196   stdlib_typeinfo.cpp.o
      1954         14        112          0          0        540   Unwind-EHABI.cpp.o
        38          0          0          0          0          0   UnwindRegistersRestore.S.o
        46          0          0          0          0          0   UnwindRegistersSave.S.o
      2488        564        291          0          1        800   libunwind.cpp.o
       280         28          0          0          0        156   ceil.o
        48          0          0          0          0        124   fpclassify.o
       310         72        287          0          0          0   abstractpartition.o
      3962        100        420         20          8          0   application.o
      1190         44        233          0         36          0   bitmap.o
       180          0        176          0          0          0   box.o
       408          4        136          0          0          0   constfont.o
      1234        116        426          0          0          0   container.o
       220          8          0          0          0          0   displaytransformation.o
       708        160        262          0          0          0   dma.o
       402          4        168          0          0          0   drawable.o
       656          0         48          0          0          0   font.o
        12          4          0          0          4          0   fontmanager.o
       330         12        132          0          0          0   gestures.o
      3696        298       1225          0         17          0   hal.o
       190          0        140          0          0          0   image.o
      4162         58        349          0          4          0   lcd.o
     33634        698       2766        112        112          0   lcd16bpp.o
      1526         28        424          0          0          0   screen.o
       160         16          0          0          0          0   stm32_crc_lock.o
      2632        264        250          0          0          0   textprovider.o
       994         84          0          0          0          0   texturemaptypes.o
       566         12          0          0         44          0   touchcalibration.o
         0          0          0          0         14          0   typedtext.o

    ----------------------------------------------------------------------
     80586       3584       9317        164       1144      15856   Library Totals
       136          0          1         12         28          0   (incl. Padding)

    ----------------------------------------------------------------------

      Code (inc. data)   RO Data    RW Data    ZI Data      Debug   Library Name

     10552        534        559         12        348       7708   c_w.l
      3118        200          0          0          0       3220   fz_wm.l
        16          0         16          0          0        436   libcpp_wx.l
      4738        262        896          8        528       2872   libcppabi_wx.l
      4526        578        403          0          1       1340   libunwind_wx.l
       328         28          0          0          0        280   m_wm.l
     57172       1982       7442        132        239          0   touchgfx_core_wchar16.lib

    ----------------------------------------------------------------------
     80586       3584       9317        164       1144      15856   Library Totals

    ----------------------------------------------------------------------

==============================================================================


      Code (inc. data)   RO Data    RW Data    ZI Data      Debug   

    219472       3972     341412        776      81536     640213   Grand Totals
    219472       3972     341412        216      81536     640213   ELF Image Totals (compressed)
    219472       3972     341412        216          0          0   ROM Totals

==============================================================================

    Total RO  Size (Code + RO Data)               560884 ( 547.74kB)
    Total RW  Size (RW Data + ZI Data)             82312 (  80.38kB)
    Total ROM Size (Code + RO Data + RW Data)     561100 ( 547.95kB)

==============================================================================

